Component: ARM Compiler 5.06 update 6 (build 750) Tool: armlink [4d35ed]

==============================================================================

Section Cross References

    startup_stm32l031xx.o(RESET) refers to startup_stm32l031xx.o(STACK) for __initial_sp
    startup_stm32l031xx.o(RESET) refers to startup_stm32l031xx.o(.text) for Reset_Handler
    startup_stm32l031xx.o(RESET) refers to context_rvds.o(.text) for HardFault_Handler
    startup_stm32l031xx.o(RESET) refers to board.o(i.SysTick_Handler) for SysTick_Handler
    startup_stm32l031xx.o(RESET) refers to tim.o(i.TIM22_IRQHandler) for TIM22_IRQHandler
    startup_stm32l031xx.o(RESET) refers to usart_1.o(i.LPUART1_IRQHandler) for LPUART1_IRQHandler
    startup_stm32l031xx.o(.text) refers to system_stm32l0xx.o(i.SystemInit) for SystemInit
    startup_stm32l031xx.o(.text) refers to entry.o(.ARM.Collect$$$$00000000) for __main
    main.o(i.main) refers to task.o(i.task_Init) for task_Init
    main.o(i.main) refers to thread.o(i.rt_thread_mdelay) for rt_thread_mdelay
    modbus_asc.o(i.MBASC_Fun03) refers to modbus_asc.o(i.MBASC_SendErr) for MBASC_SendErr
    modbus_asc.o(i.MBASC_Fun03) refers to modbus_asc.o(i.__ARM_common_switch8) for __ARM_common_switch8
    modbus_asc.o(i.MBASC_Fun03) refers to modbus_asc.o(i.MBASC_SendMsg_NoLimit) for MBASC_SendMsg_NoLimit
    modbus_asc.o(i.MBASC_Fun03) refers to usart_1.o(.bss) for UART1_RXBuff
    modbus_asc.o(i.MBASC_Fun03) refers to modbus_asc.o(.data) for .data
    modbus_asc.o(i.MBASC_Fun03) refers to para.o(.bss) for UserPara
    modbus_asc.o(i.MBASC_Fun03) refers to modbus_asc.o(.bss) for .bss
    modbus_asc.o(i.MBASC_Fun04) refers to modbus_asc.o(i.MBASC_SendErr) for MBASC_SendErr
    modbus_asc.o(i.MBASC_Fun04) refers to modbus_asc.o(i.__ARM_common_switch8) for __ARM_common_switch8
    modbus_asc.o(i.MBASC_Fun04) refers to modbus_asc.o(i.MBASC_SendMsg) for MBASC_SendMsg
    modbus_asc.o(i.MBASC_Fun04) refers to usart_1.o(.bss) for UART1_RXBuff
    modbus_asc.o(i.MBASC_Fun04) refers to modbus_asc.o(.data) for .data
    modbus_asc.o(i.MBASC_Fun04) refers to para.o(.bss) for UserPara
    modbus_asc.o(i.MBASC_Fun04) refers to modbus_asc.o(.bss) for .bss
    modbus_asc.o(i.MBASC_Fun05) refers to modbus_asc.o(i.MBASC_SendErr) for MBASC_SendErr
    modbus_asc.o(i.MBASC_Fun05) refers to eeprom.o(i.Eeprom_WriteNBytes) for Eeprom_WriteNBytes
    modbus_asc.o(i.MBASC_Fun05) refers to para.o(i.ReadPara) for ReadPara
    modbus_asc.o(i.MBASC_Fun05) refers to modbus_asc.o(i.MBASC_SendMsg) for MBASC_SendMsg
    modbus_asc.o(i.MBASC_Fun05) refers to usart_1.o(.bss) for UART1_RXBuff
    modbus_asc.o(i.MBASC_Fun05) refers to modbus_asc.o(.data) for .data
    modbus_asc.o(i.MBASC_Fun05) refers to para.o(.bss) for UserPara
    modbus_asc.o(i.MBASC_Fun05) refers to modbus_asc.o(.bss) for .bss
    modbus_asc.o(i.MBASC_Fun10) refers to modbus_asc.o(i.MBASC_SendErr) for MBASC_SendErr
    modbus_asc.o(i.MBASC_Fun10) refers to modbus_asc.o(i.__ARM_common_switch8) for __ARM_common_switch8
    modbus_asc.o(i.MBASC_Fun10) refers to eeprom.o(i.Eeprom_WriteNBytes) for Eeprom_WriteNBytes
    modbus_asc.o(i.MBASC_Fun10) refers to usart_1.o(i.Uart_Config_Init) for Uart_Config_Init
    modbus_asc.o(i.MBASC_Fun10) refers to common.o(i.long32Array) for long32Array
    modbus_asc.o(i.MBASC_Fun10) refers to modbus_asc.o(i.MBASC_SendMsg) for MBASC_SendMsg
    modbus_asc.o(i.MBASC_Fun10) refers to usart_1.o(.bss) for UART1_RXBuff
    modbus_asc.o(i.MBASC_Fun10) refers to modbus_asc.o(.data) for .data
    modbus_asc.o(i.MBASC_Fun10) refers to para.o(.bss) for UserPara
    modbus_asc.o(i.MBASC_Fun10) refers to modbus_asc.o(.bss) for .bss
    modbus_asc.o(i.MBASC_Fun2B) refers to modbus_asc.o(i.MBASC_SendErr) for MBASC_SendErr
    modbus_asc.o(i.MBASC_Fun2B) refers to modbus_asc.o(i.__ARM_common_switch8) for __ARM_common_switch8
    modbus_asc.o(i.MBASC_Fun2B) refers to modbus_asc.o(i.MBASC_SendMsg) for MBASC_SendMsg
    modbus_asc.o(i.MBASC_Fun2B) refers to para.o(.bss) for UserPara
    modbus_asc.o(i.MBASC_Fun2B) refers to usart_1.o(.bss) for UART1_RXBuff
    modbus_asc.o(i.MBASC_Fun2B) refers to modbus_asc.o(.data) for .data
    modbus_asc.o(i.MBASC_Fun2B) refers to modbus_asc.o(.bss) for .bss
    modbus_asc.o(i.MBASC_Fun2B) refers to modbus_asc.o(.constdata) for .constdata
    modbus_asc.o(i.MBASC_Fun41) refers to eeprom.o(i.Eeprom_WriteNBytes) for Eeprom_WriteNBytes
    modbus_asc.o(i.MBASC_Fun41) refers to eeprom.o(i.Eeprom_ReadNBytes) for Eeprom_ReadNBytes
    modbus_asc.o(i.MBASC_Fun41) refers to modbus_asc.o(i.MBASC_SendMsg) for MBASC_SendMsg
    modbus_asc.o(i.MBASC_Fun41) refers to usart_1.o(.bss) for UART1_RXBuff
    modbus_asc.o(i.MBASC_Fun41) refers to modbus_asc.o(.data) for .data
    modbus_asc.o(i.MBASC_Fun41) refers to para.o(.bss) for UserPara
    modbus_asc.o(i.MBASC_Fun41) refers to modbus_asc.o(.bss) for .bss
    modbus_asc.o(i.MBASC_Fun41) refers to usart_1.o(.data) for u8SendNum
[...]
    i.list_timer                             0x08002c8c   Section        0  cmd.o(i.list_timer)
    i.long32Array                            0x08002dcc   Section        0  common.o(i.long32Array)
    i.main                                   0x08002de8   Section        0  main.o(i.main)
    i.main_thread_entry                      0x08002df8   Section        0  components.o(i.main_thread_entry)
    i.msh_auto_complete                      0x08002e04   Section        0  msh.o(i.msh_auto_complete)
    i.msh_exec                               0x08002eb4   Section        0  msh.o(i.msh_exec)
    i.msh_help                               0x08002f1c   Section        0  msh.o(i.msh_help)
    i.msh_is_used                            0x08002f8c   Section        0  msh.o(i.msh_is_used)
    i.msh_split                              0x08002f90   Section        0  msh.o(i.msh_split)
    msh_split                                0x08002f91   Thumb Code   170  msh.o(i.msh_split)
    i.object_split                           0x08003060   Section        0  cmd.o(i.object_split)
    object_split                             0x08003061   Thumb Code    18  cmd.o(i.object_split)
    i.plug_holes                             0x08003078   Section        0  mem.o(i.plug_holes)
    plug_holes                               0x08003079   Thumb Code    82  mem.o(i.plug_holes)
    i.print_number                           0x080030d0   Section        0  kservice.o(i.print_number)
    print_number                             0x080030d1   Thumb Code   320  kservice.o(i.print_number)
    i.rt_application_init                    0x08003214   Section        0  components.o(i.rt_application_init)
    i.rt_calloc                              0x08003240   Section        0  mem.o(i.rt_calloc)
    i.rt_components_board_init               0x0800325c   Section        0  components.o(i.rt_components_board_init)
    i.rt_components_init                     0x08003278   Section        0  components.o(i.rt_components_init)
    i.rt_enter_critical                      0x08003294   Section        0  scheduler.o(i.rt_enter_critical)
    i.rt_exit_critical                       0x080032ac   Section        0  scheduler.o(i.rt_exit_critical)
    i.rt_free                                0x080032e0   Section        0  mem.o(i.rt_free)
    i.rt_heap_begin_get                      0x080033a4   Section        0  board.o(i.rt_heap_begin_get)
    i.rt_heap_end_get                        0x080033ac   Section        0  board.o(i.rt_heap_end_get)
    i.rt_hw_board_init                       0x080033b4   Section        0  board.o(i.rt_hw_board_init)
    i.rt_hw_console_getchar                  0x080033d0   Section        0  usart_1.o(i.rt_hw_console_getchar)
    i.rt_hw_console_output                   0x08003410   Section        0  usart_1.o(i.rt_hw_console_output)
    i.rt_hw_hard_fault_exception             0x08003458   Section        0  cpuport.o(i.rt_hw_hard_fault_exception)
    i.rt_hw_stack_init                       0x0800354c   Section        0  cpuport.o(i.rt_hw_stack_init)
    i.rt_interrupt_enter                     0x08003584   Section        0  irq.o(i.rt_interrupt_enter)
    i.rt_interrupt_leave                     0x0800359c   Section        0  irq.o(i.rt_interrupt_leave)
    i.rt_ipc_list_resume                     0x080035b4   Section        0  ipc.o(i.rt_ipc_list_resume)
    rt_ipc_list_resume                       0x080035b5   Thumb Code    14  ipc.o(i.rt_ipc_list_resume)
    i.rt_ipc_list_suspend                    0x080035c2   Section        0  ipc.o(i.rt_ipc_list_suspend)
    rt_ipc_list_suspend                      0x080035c3   Thumb Code    78  ipc.o(i.rt_ipc_list_suspend)
    i.rt_kprintf                             0x08003610   Section        0  kservice.o(i.rt_kprintf)
    i.rt_list_insert_after                   0x08003634   Section        0  object.o(i.rt_list_insert_after)
    rt_list_insert_after                     0x08003635   Thumb Code    14  object.o(i.rt_list_insert_after)
    i.rt_list_insert_after                   0x08003642   Section        0  thread.o(i.rt_list_insert_after)
    rt_list_insert_after                     0x08003643   Thumb Code    14  thread.o(i.rt_list_insert_after)
    i.rt_list_insert_after                   0x08003650   Section        0  timer.o(i.rt_list_insert_after)
    rt_list_insert_after                     0x08003651   Thumb Code    14  timer.o(i.rt_list_insert_after)
    i.rt_list_insert_before                  0x0800365e   Section        0  ipc.o(i.rt_list_insert_before)
    rt_list_insert_before                    0x0800365f   Thumb Code    14  ipc.o(i.rt_list_insert_before)
    i.rt_list_len                            0x0800366c   Section        0  cmd.o(i.rt_list_len)
    rt_list_len                              0x0800366d   Thumb Code    18  cmd.o(i.rt_list_len)
    i.rt_list_remove                         0x0800367e   Section        0  object.o(i.rt_list_remove)
    rt_list_remove                           0x0800367f   Thumb Code    18  object.o(i.rt_list_remove)
    i.rt_list_remove                         0x08003690   Section        0  thread.o(i.rt_list_remove)
    rt_list_remove                           0x08003691   Thumb Code    18  thread.o(i.rt_list_remove)
    i.rt_malloc                              0x080036a4   Section        0  mem.o(i.rt_malloc)
    i.rt_memmove                             0x0800378c   Section        0  kservice.o(i.rt_memmove)
    i.rt_memset                              0x080037ba   Section        0  kservice.o(i.rt_memset)
    i.rt_object_allocate                     0x080037f8   Section        0  object.o(i.rt_object_allocate)
    i.rt_object_delete                       0x08003844   Section        0  object.o(i.rt_object_delete)
    i.rt_object_detach                       0x08003868   Section        0  object.o(i.rt_object_detach)
    i.rt_object_get_information              0x08003888   Section        0  object.o(i.rt_object_get_information)
    i.rt_object_init                         0x080038a8   Section        0  object.o(i.rt_object_init)
    i.rt_object_is_systemobject              0x080038f4   Section        0  object.o(i.rt_object_is_systemobject)
    i.rt_schedule                            0x08003904   Section        0  scheduler.o(i.rt_schedule)
    i.rt_schedule_insert_thread              0x08003960   Section        0  scheduler.o(i.rt_schedule_insert_thread)
    i.rt_schedule_remove_thread              0x080039ac   Section        0  scheduler.o(i.rt_schedule_remove_thread)
    i.rt_sem_init                            0x080039f0   Section        0  ipc.o(i.rt_sem_init)
    i.rt_sem_release                         0x08003a10   Section        0  ipc.o(i.rt_sem_release)
    i.rt_sem_take                            0x08003a44   Section        0  ipc.o(i.rt_sem_take)
    i.rt_show_version                        0x08003ab8   Section        0  kservice.o(i.rt_show_version)
    i.rt_strlen                              0x08003b68   Section        0  kservice.o(i.rt_strlen)
    i.rt_strncpy                             0x08003b78   Section        0  kservice.o(i.rt_strncpy)
    i.rt_system_heap_init                    0x08003ba0   Section        0  mem.o(i.rt_system_heap_init)
    i.rt_system_scheduler_init               0x08003c48   Section        0  scheduler.o(i.rt_system_scheduler_init)
    i.rt_system_scheduler_start              0x08003c7c   Section        0  scheduler.o(i.rt_system_scheduler_start)
    i.rt_system_timer_init                   0x08003ca4   Section        0  timer.o(i.rt_system_timer_init)
    i.rt_system_timer_thread_init            0x08003cb0   Section        0  timer.o(i.rt_system_timer_thread_init)
    i.rt_thread_create                       0x08003cb2   Section        0  thread.o(i.rt_thread_create)
    i.rt_thread_exit                         0x08003cf4   Section        0  thread.o(i.rt_thread_exit)
    i.rt_thread_idle_entry                   0x08003d4c   Section        0  idle.o(i.rt_thread_idle_entry)
    rt_thread_idle_entry                     0x08003d4d   Thumb Code     6  idle.o(i.rt_thread_idle_entry)
    i.rt_thread_idle_excute                  0x08003d54   Section        0  idle.o(i.rt_thread_idle_excute)
    i.rt_thread_idle_init                    0x08003dd0   Section        0  idle.o(i.rt_thread_idle_init)
    i.rt_thread_init                         0x08003e04   Section        0  thread.o(i.rt_thread_init)
    i.rt_thread_mdelay                       0x08003e2e   Section        0  thread.o(i.rt_thread_mdelay)
    i.rt_thread_resume                       0x08003e3a   Section        0  thread.o(i.rt_thread_resume)
    i.rt_thread_self                         0x08003e78   Section        0  thread.o(i.rt_thread_self)
    i.rt_thread_sleep                        0x08003e84   Section        0  thread.o(i.rt_thread_sleep)
    i.rt_thread_startup                      0x08003ec4   Section        0  thread.o(i.rt_thread_startup)
    i.rt_thread_suspend                      0x08003ef0   Section        0  thread.o(i.rt_thread_suspend)
    i.rt_thread_timeout                      0x08003f30   Section        0  thread.o(i.rt_thread_timeout)
    i.rt_thread_yield                        0x08003f50   Section        0  thread.o(i.rt_thread_yield)
    i.rt_tick_from_millisecond               0x08003fac   Section        0  clock.o(i.rt_tick_from_millisecond)
    i.rt_tick_get                            0x08003fdc   Section        0  clock.o(i.rt_tick_get)
    i.rt_tick_increase                       0x08003fe8   Section        0  clock.o(i.rt_tick_increase)
    i.rt_timer_check                         0x08004010   Section        0  timer.o(i.rt_timer_check)
    i.rt_timer_control                       0x08004074   Section        0  timer.o(i.rt_timer_control)
    i.rt_timer_detach                        0x080040a6   Section        0  timer.o(i.rt_timer_detach)
    i.rt_timer_init                          0x080040c6   Section        0  timer.o(i.rt_timer_init)
    i.rt_timer_start                         0x080040ec   Section        0  timer.o(i.rt_timer_start)
    i.rt_timer_stop                          0x0800417c   Section        0  timer.o(i.rt_timer_stop)
    i.rt_vsnprintf                           0x080041ac   Section        0  kservice.o(i.rt_vsnprintf)
    i.rti_board_end                          0x08004418   Section        0  components.o(i.rti_board_end)
    rti_board_end                            0x08004419   Thumb Code     4  components.o(i.rti_board_end)
    i.rti_board_start                        0x0800441c   Section        0  components.o(i.rti_board_start)
    rti_board_start                          0x0800441d   Thumb Code     4  components.o(i.rti_board_start)
    i.rti_end                                0x08004420   Section        0  components.o(i.rti_end)
    rti_end                                  0x08004421   Thumb Code     4  components.o(i.rti_end)
    i.rti_start                              0x08004424   Section        0  components.o(i.rti_start)
    rti_start                                0x08004425   Thumb Code     4  components.o(i.rti_start)
    i.rtthread_startup                       0x08004428   Section        0  components.o(i.rtthread_startup)
    i.show_wait_queue                        0x08004454   Section        0  cmd.o(i.show_wait_queue)
    show_wait_queue                          0x08004455   Thumb Code    38  cmd.o(i.show_wait_queue)
    i.skip_atoi                              0x08004484   Section        0  kservice.o(i.skip_atoi)
    skip_atoi                                0x08004485   Thumb Code    32  kservice.o(i.skip_atoi)
    i.system_Init                            0x080044a4   Section        0  system.o(i.system_Init)
    i.task_Init                              0x08004514   Section        0  task.o(i.task_Init)
    i.version                                0x0800455c   Section        0  cmd.o(i.version)
    .constdata                               0x08004566   Section        8  modbus_asc.o(.constdata)
    .constdata                               0x0800456e   Section      290  kservice.o(.constdata)
    small_digits                             0x0800466e   Data          17  kservice.o(.constdata)
    large_digits                             0x0800467f   Data          17  kservice.o(.constdata)
    .constdata                               0x08004690   Section        9  mem.o(.constdata)
    .constdata                               0x08004699   Section        6  cmd.o(.constdata)
    .constdata                               0x0800469f   Section        8  cmd.o(.constdata)
    .constdata                               0x080046a7   Section       14  cmd.o(.constdata)
    .constdata                               0x080046b5   Section       12  cmd.o(.constdata)
    .constdata                               0x080046c1   Section       18  cmd.o(.constdata)
    .constdata                               0x080046d3   Section        9  cmd.o(.constdata)
    .constdata                               0x080046dc   Section       15  cmd.o(.constdata)
    .constdata                               0x080046eb   Section       11  cmd.o(.constdata)
    .constdata                               0x080046f6   Section       17  cmd.o(.constdata)
    .constdata                               0x08004707   Section       11  cmd.o(.constdata)
    .constdata                               0x08004712   Section       17  cmd.o(.constdata)
    .constdata                               0x08004723   Section       13  cmd.o(.constdata)
    .constdata                               0x08004730   Section       19  cmd.o(.constdata)
    .constdata                               0x08004743   Section       14  cmd.o(.constdata)
    .constdata                               0x08004751   Section       20  cmd.o(.constdata)
    .constdata                               0x08004765   Section       11  cmd.o(.constdata)
    .constdata                               0x08004770   Section       17  cmd.o(.constdata)
    .constdata                               0x08004781   Section        5  cmd.o(.constdata)
    .constdata                               0x08004786   Section       11  msh.o(.constdata)
    .constdata                               0x08004791   Section        9  msh.o(.constdata)
    .constdata                               0x0800479a   Section       11  msh.o(.constdata)
    .constdata                               0x080047a5   Section       25  system_stm32l0xx.o(.constdata)
    .conststring                             0x080047c0   Section       17  task.o(.conststring)
    .conststring                             0x080047d4   Section       68  cmd.o(.conststring)
    .rti_fn.0                                0x08004818   Section        4  components.o(.rti_fn.0)
    __tagsym$$used                           0x08004818   Number         0  components.o(.rti_fn.0)
    .rti_fn.0.end                            0x0800481c   Section        4  components.o(.rti_fn.0.end)
    __tagsym$$used                           0x0800481c   Number         0  components.o(.rti_fn.0.end)
    .rti_fn.1.end                            0x08004820   Section        4  components.o(.rti_fn.1.end)
    __tagsym$$used                           0x08004820   Number         0  components.o(.rti_fn.1.end)
    .rti_fn.6                                0x08004824   Section        4  shell.o(.rti_fn.6)
    __tagsym$$used                           0x08004824   Number         0  shell.o(.rti_fn.6)
    .rti_fn.6.end                            0x08004828   Section        4  components.o(.rti_fn.6.end)
    __tagsym$$used                           0x08004828   Number         0  components.o(.rti_fn.6.end)
    FSymTab                                  0x0800482c   Section        8  mem.o(FSymTab)
    __tagsym$$used                           0x0800482c   Number         0  mem.o(FSymTab)
    FSymTab                                  0x08004834   Section      144  cmd.o(FSymTab)
    __tagsym$$used                           0x08004834   Number         0  cmd.o(FSymTab)
    __tagsym$$used                           0x0800483c   Number         0  cmd.o(FSymTab)
    __tagsym$$used                           0x08004844   Number         0  cmd.o(FSymTab)
    __tagsym$$used                           0x0800484c   Number         0  cmd.o(FSymTab)
    __tagsym$$used                           0x08004854   Number         0  cmd.o(FSymTab)
    __tagsym$$used                           0x0800485c   Number         0  cmd.o(FSymTab)
    __tagsym$$used                           0x08004864   Number         0  cmd.o(FSymTab)
    __tagsym$$used                           0x0800486c   Number         0  cmd.o(FSymTab)
    __tagsym$$used                           0x08004874   Number         0  cmd.o(FSymTab)
    __tagsym$$used                           0x0800487c   Number         0  cmd.o(FSymTab)
    __tagsym$$used                           0x08004884   Number         0  cmd.o(FSymTab)
    __tagsym$$used                           0x0800488c   Number         0  cmd.o(FSymTab)
    __tagsym$$used                           0x08004894   Number         0  cmd.o(FSymTab)
    __tagsym$$used                           0x0800489c   Number         0  cmd.o(FSymTab)
    __tagsym$$used                           0x080048a4   Number         0  cmd.o(FSymTab)
    __tagsym$$used                           0x080048ac   Number         0  cmd.o(FSymTab)
    __tagsym$$used                           0x080048b4   Number         0  cmd.o(FSymTab)
    __tagsym$$used                           0x080048bc   Number         0  cmd.o(FSymTab)
    FSymTab                                  0x080048c4   Section       24  msh.o(FSymTab)
    __tagsym$$used                           0x080048c4   Number         0  msh.o(FSymTab)
    __tagsym$$used                           0x080048cc   Number         0  msh.o(FSymTab)
    __tagsym$$used                           0x080048d4   Number         0  msh.o(FSymTab)
    .data                                    0x20000000   Section        1  modbus_asc.o(.data)
    .data                                    0x20000002   Section        4  modbus_ascii.o(.data)
    g_cyRevState                             0x20000002   Data           1  modbus_ascii.o(.data)
    g_cyRevBufffLen                          0x20000004   Data           2  modbus_ascii.o(.data)
    .data                                    0x20000008   Section       40  para.o(.data)
    .data                                    0x20000030   Section       10  tim.o(.data)
    .data                                    0x2000003a   Section        4  usart_1.o(.data)
    .data                                    0x20000040   Section       52  task.o(.data)
    dynamic_thread                           0x20000040   Data           4  task.o(.data)
    .data                                    0x20000074   Section        4  clock.o(.data)
    rt_tick                                  0x20000074   Data           4  clock.o(.data)
    .data                                    0x20000078   Section        1  irq.o(.data)
    .data                                    0x2000007c   Section       24  mem.o(.data)
    heap_ptr                                 0x2000007c   Data           4  mem.o(.data)
    heap_end                                 0x20000080   Data           4  mem.o(.data)
    lfree                                    0x20000084   Data           4  mem.o(.data)
    mem_size_aligned                         0x20000088   Data           4  mem.o(.data)
    used_mem                                 0x2000008c   Data           4  mem.o(.data)
    max_mem                                  0x20000090   Data           4  mem.o(.data)
    .data                                    0x20000094   Section      112  object.o(.data)
    rt_object_container                      0x20000094   Data         112  object.o(.data)
    .data                                    0x20000104   Section       20  scheduler.o(.data)
    rt_scheduler_lock_nest                   0x20000106   Data           2  scheduler.o(.data)
    .data                                    0x20000118   Section       12  timer.o(.data)
    random_nr                                0x20000118   Data           4  timer.o(.data)
    rt_timer_list                            0x2000011c   Data           8  timer.o(.data)
    .data                                    0x20000124   Section        4  cpuport.o(.data)
    .data                                    0x20000128   Section        4  cpuport.o(.data)
    .data                                    0x2000012c   Section        4  cpuport.o(.data)
    .data                                    0x20000130   Section       24  shell.o(.data)
    finsh_prompt_custom                      0x20000140   Data           4  shell.o(.data)
    .data                                    0x20000148   Section        4  stm32l0xx_hal.o(.data)
    .data                                    0x2000014c   Section        4  system_stm32l0xx.o(.data)
    .bss                                     0x20000150   Section      100  modbus_asc.o(.bss)
    .bss                                     0x200001b4   Section      150  modbus_ascii.o(.bss)
    .bss                                     0x2000024c   Section       64  para.o(.bss)
    .bss                                     0x2000028c   Section     8192  board.o(.bss)
    rt_heap                                  0x2000028c   Data        8192  board.o(.bss)
    .bss                                     0x2000228c   Section       16  system.o(.bss)
    .bss                                     0x2000229c   Section       60  tim.o(.bss)
    .bss                                     0x200022d8   Section      428  usart_1.o(.bss)
    .bss                                     0x20002484   Section      400  idle.o(.bss)
    idle                                     0x20002484   Data         144  idle.o(.bss)
    rt_thread_stack                          0x20002514   Data         256  idle.o(.bss)
    .bss                                     0x20002614   Section      128  kservice.o(.bss)
    rt_log_buf                               0x20002614   Data         128  kservice.o(.bss)
    .bss                                     0x20002694   Section       40  mem.o(.bss)
    heap_sem                                 0x20002694   Data          40  mem.o(.bss)
    .bss                                     0x200026bc   Section      256  scheduler.o(.bss)
    .bss                                     0x200027bc   Section      129  shell.o(.bss)
    finsh_prompt                             0x200027bc   Data         129  shell.o(.bss)
    STACK                                    0x20002840   Section     1024  startup_stm32l031xx.o(STACK)

    Global Symbols

    Symbol Name                              Value     Ov Type        Size  Object(Section)

    BuildAttributes$$THM_ISAv3M$S$PE$A:L22$X:L11$S22$IEEE1$IW$USESV6$~STKCKD$USESV7$~SHL$OSPACE$ROPI$EBA8$MICROLIB$REQ8$PRES8$EABIv2 0x00000000   Number         0  anon$$obj.o ABSOLUTE
    __ARM_use_no_argv                        0x00000000   Number         0  main.o ABSOLUTE
    __cpp_initialize__aeabi_                  - Undefined Weak Reference
    __cxa_finalize                            - Undefined Weak Reference
    _clock_init                               - Undefined Weak Reference
    _microlib_exit                            - Undefined Weak Reference
    __Vectors_Size                           0x000000c0   Number         0  startup_stm32l031xx.o ABSOLUTE
    __Vectors                                0x08000000   Data           4  startup_stm32l031xx.o(RESET)
    __Vectors_End                            0x080000c0   Data           0  startup_stm32l031xx.o(RESET)
    __main                                   0x080000c1   Thumb Code     0  entry.o(.ARM.Collect$$$$00000000)
    _main_stk                                0x080000c1   Thumb Code     0  entry2.o(.ARM.Collect$$$$00000001)
    _main_scatterload                        0x080000c5   Thumb Code     0  entry5.o(.ARM.Collect$$$$00000004)
    __main_after_scatterload                 0x080000c9   Thumb Code     0  entry5.o(.ARM.Collect$$$$00000004)
    _main_clock                              0x080000c9   Thumb Code     0  entry7b.o(.ARM.Collect$$$$00000008)
    _main_cpp_init                           0x080000c9   Thumb Code     0  entry8b.o(.ARM.Collect$$$$0000000A)
    _main_init                               0x080000c9   Thumb Code     0  entry9a.o(.ARM.Collect$$$$0000000B)
    __rt_final_cpp                           0x080000d1   Thumb Code     0  entry10a.o(.ARM.Collect$$$$0000000D)
    __rt_final_exit                          0x080000d1   Thumb Code     0  entry11a.o(.ARM.Collect$$$$0000000F)
    Reset_Handler                            0x080000d5   Thumb Code     8  startup_stm32l031xx.o(.text)
    NMI_Handler                              0x080000dd   Thumb Code     2  startup_stm32l031xx.o(.text)
    SVC_Handler                              0x080000e1   Thumb Code     2  startup_stm32l031xx.o(.text)
    ADC1_COMP_IRQHandler                     0x080000e7   Thumb Code     0  startup_stm32l031xx.o(.text)
    DMA1_Channel1_IRQHandler                 0x080000e7   Thumb Code     0  startup_stm32l031xx.o(.text)
    DMA1_Channel2_3_IRQHandler               0x080000e7   Thumb Code     0  startup_stm32l031xx.o(.text)
    DMA1_Channel4_5_6_7_IRQHandler           0x080000e7   Thumb Code     0  startup_stm32l031xx.o(.text)
    EXTI0_1_IRQHandler                       0x080000e7   Thumb Code     0  startup_stm32l031xx.o(.text)
    EXTI2_3_IRQHandler                       0x080000e7   Thumb Code     0  startup_stm32l031xx.o(.text)
    EXTI4_15_IRQHandler                      0x080000e7   Thumb Code     0  startup_stm32l031xx.o(.text)
    FLASH_IRQHandler                         0x080000e7   Thumb Code     0  startup_stm32l031xx.o(.text)
    I2C1_IRQHandler                          0x080000e7   Thumb Code     0  startup_stm32l031xx.o(.text)
    LPTIM1_IRQHandler                        0x080000e7   Thumb Code     0  startup_stm32l031xx.o(.text)
    PVD_IRQHandler                           0x080000e7   Thumb Code     0  startup_stm32l031xx.o(.text)
    RCC_IRQHandler                           0x080000e7   Thumb Code     0  startup_stm32l031xx.o(.text)
    RTC_IRQHandler                           0x080000e7   Thumb Code     0  startup_stm32l031xx.o(.text)
    SPI1_IRQHandler                          0x080000e7   Thumb Code     0  startup_stm32l031xx.o(.text)
    TIM21_IRQHandler                         0x080000e7   Thumb Code     0  startup_stm32l031xx.o(.text)
    TIM2_IRQHandler                          0x080000e7   Thumb Code     0  startup_stm32l031xx.o(.text)
    USART2_IRQHandler                        0x080000e7   Thumb Code     0  startup_stm32l031xx.o(.text)
    WWDG_IRQHandler                          0x080000e7   Thumb Code     0  startup_stm32l031xx.o(.text)
    rt_hw_interrupt_disable                  0x080000f1   Thumb Code     8  context_rvds.o(.text)
    rt_hw_interrupt_enable                   0x080000f9   Thumb Code     6  context_rvds.o(.text)
    rt_hw_context_switch                     0x080000ff   Thumb Code    28  context_rvds.o(.text)
    rt_hw_context_switch_interrupt           0x080000ff   Thumb Code     0  context_rvds.o(.text)
    PendSV_Handler                           0x0800011b   Thumb Code    84  context_rvds.o(.text)
    rt_hw_context_switch_to                  0x0800016f   Thumb Code    44  context_rvds.o(.text)
    rt_hw_interrupt_thread_switch            0x0800019b   Thumb Code     2  context_rvds.o(.text)
    HardFault_Handler                        0x0800019d   Thumb Code    12  context_rvds.o(.text)
    __aeabi_uidiv                            0x080001c9   Thumb Code     0  uidiv.o(.text)
    __aeabi_uidivmod                         0x080001c9   Thumb Code    44  uidiv.o(.text)
    __aeabi_idiv                             0x080001f5   Thumb Code     0  idiv.o(.text)
    __aeabi_idivmod                          0x080001f5   Thumb Code    40  idiv.o(.text)
    __aeabi_uldivmod                         0x0800021d   Thumb Code    96  uldiv.o(.text)
    __aeabi_memcpy                           0x0800027d   Thumb Code    36  memcpya.o(.text)
    __aeabi_memcpy4                          0x0800027d   Thumb Code     0  memcpya.o(.text)
    __aeabi_memcpy8                          0x0800027d   Thumb Code     0  memcpya.o(.text)
    __aeabi_memset                           0x080002a1   Thumb Code    14  memseta.o(.text)
    __aeabi_memset4                          0x080002a1   Thumb Code     0  memseta.o(.text)
    __aeabi_memset8                          0x080002a1   Thumb Code     0  memseta.o(.text)
    __aeabi_memclr                           0x080002af   Thumb Code     4  memseta.o(.text)
    __aeabi_memclr4                          0x080002af   Thumb Code     0  memseta.o(.text)
    __aeabi_memclr8                          0x080002af   Thumb Code     0  memseta.o(.text)
    _memset$wrapper                          0x080002b3   Thumb Code    18  memseta.o(.text)
    strcat                                   0x080002c5   Thumb Code    24  strcat.o(.text)
    strncpy                                  0x080002dd   Thumb Code    26  strncpy.o(.text)
    strlen                                   0x080002f7   Thumb Code    14  strlen.o(.text)
    strcmp                                   0x08000305   Thumb Code    28  strcmp.o(.text)
    strcpy                                   0x08000321   Thumb Code    18  strcpy.o(.text)
    strncmp                                  0x08000333   Thumb Code    30  strncmp.o(.text)
    __aeabi_llsl                             0x08000351   Thumb Code    32  llshl.o(.text)
    _ll_shift_l                              0x08000351   Thumb Code     0  llshl.o(.text)
    __aeabi_llsr                             0x08000371   Thumb Code    34  llushr.o(.text)
    _ll_ushift_r                             0x08000371   Thumb Code     0  llushr.o(.text)
    __scatterload                            0x08000395   Thumb Code    28  init.o(.text)
    __scatterload_rt2                        0x08000395   Thumb Code     0  init.o(.text)
    __decompress                             0x080003b9   Thumb Code     0  __dczerorl2.o(.text)
    __decompress1                            0x080003b9   Thumb Code    86  __dczerorl2.o(.text)
    main                                     0x0800040f   Thumb Code    10  components.o(i.$Sub$$main)
    Delay_Ms                                 0x08000419   Thumb Code    12  common.o(i.Delay_Ms)
    Eeprom_ReadNBytes                        0x08000425   Thumb Code    36  eeprom.o(i.Eeprom_ReadNBytes)
    Eeprom_WriteNBytes                       0x08000451   Thumb Code    68  eeprom.o(i.Eeprom_WriteNBytes)
    GPIO_Configuration                       0x080004a1   Thumb Code    72  led.o(i.GPIO_Configuration)
    HAL_FLASHEx_DATAEEPROM_Lock              0x080004ed   Thumb Code    14  stm32l0xx_hal_flash_ex.o(i.HAL_FLASHEx_DATAEEPROM_Lock)
    HAL_FLASHEx_DATAEEPROM_Unlock            0x08000501   Thumb Code    40  stm32l0xx_hal_flash_ex.o(i.HAL_FLASHEx_DATAEEPROM_Unlock)
    HAL_GPIO_Init                            0x08000535   Thumb Code   336  stm32l0xx_hal_gpio.o(i.HAL_GPIO_Init)
    HAL_GPIO_ReadPin                         0x0800069d   Thumb Code    10  stm32l0xx_hal_gpio.o(i.HAL_GPIO_ReadPin)
    HAL_GPIO_WritePin                        0x080006a7   Thumb Code    12  stm32l0xx_hal_gpio.o(i.HAL_GPIO_WritePin)
    HAL_GetTick                              0x080006b5   Thumb Code     6  stm32l0xx_hal.o(i.HAL_GetTick)
    HAL_IWDG_Init                            0x080006c1   Thumb Code    86  stm32l0xx_hal_iwdg.o(i.HAL_IWDG_Init)
    HAL_IWDG_Refresh                         0x08000725   Thumb Code    10  stm32l0xx_hal_iwdg.o(i.HAL_IWDG_Refresh)
    HAL_InitTick                             0x08000735   Thumb Code    44  stm32l0xx_hal.o(i.HAL_InitTick)
    HAL_NVIC_EnableIRQ                       0x08000765   Thumb Code    14  stm32l0xx_hal_cortex.o(i.HAL_NVIC_EnableIRQ)
    HAL_NVIC_SetPriority                     0x08000779   Thumb Code     8  stm32l0xx_hal_cortex.o(i.HAL_NVIC_SetPriority)
    HAL_RCC_ClockConfig                      0x08000781   Thumb Code   344  stm32l0xx_hal_rcc.o(i.HAL_RCC_ClockConfig)
    HAL_RCC_GetSysClockFreq                  0x080008ed   Thumb Code   100  stm32l0xx_hal_rcc.o(i.HAL_RCC_GetSysClockFreq)
    HAL_SYSTICK_Config                       0x08000965   Thumb Code    38  stm32l0xx_hal_cortex.o(i.HAL_SYSTICK_Config)
    HAL_TIM_Base_Init                        0x08000995   Thumb Code    52  stm32l0xx_hal_tim.o(i.HAL_TIM_Base_Init)
    HAL_TIM_Base_MspInit                     0x080009c9   Thumb Code    38  tim.o(i.HAL_TIM_Base_MspInit)
    HAL_TIM_Base_Start_IT                    0x080009f9   Thumb Code    32  stm32l0xx_hal_tim.o(i.HAL_TIM_Base_Start_IT)
    HAL_TIM_IC_CaptureCallback               0x08000a19   Thumb Code     2  stm32l0xx_hal_tim.o(i.HAL_TIM_IC_CaptureCallback)
    HAL_TIM_IRQHandler                       0x08000a1b   Thumb Code   294  stm32l0xx_hal_tim.o(i.HAL_TIM_IRQHandler)
    HAL_TIM_OC_DelayElapsedCallback          0x08000b41   Thumb Code     2  stm32l0xx_hal_tim.o(i.HAL_TIM_OC_DelayElapsedCallback)
    HAL_TIM_PWM_PulseFinishedCallback        0x08000b43   Thumb Code     2  stm32l0xx_hal_tim.o(i.HAL_TIM_PWM_PulseFinishedCallback)
    HAL_TIM_PeriodElapsedCallback            0x08000b45   Thumb Code   148  tim.o(i.HAL_TIM_PeriodElapsedCallback)
    HAL_TIM_TriggerCallback                  0x08000bed   Thumb Code     2  stm32l0xx_hal_tim.o(i.HAL_TIM_TriggerCallback)
    HAL_UART_Receive                         0x08000bf1   Thumb Code   256  stm32l0xx_hal_uart.o(i.HAL_UART_Receive)
    HAL_UART_Transmit                        0x08000cf5   Thumb Code   206  stm32l0xx_hal_uart.o(i.HAL_UART_Transmit)
    LPUART1_IRQHandler                       0x08000dc5   Thumb Code    86  usart_1.o(i.LPUART1_IRQHandler)
    Led_Control                              0x08000e31   Thumb Code    48  led.o(i.Led_Control)
    MBASC_Fun03                              0x08000e61   Thumb Code   188  modbus_asc.o(i.MBASC_Fun03)
    MBASC_Fun04                              0x08000f2d   Thumb Code   198  modbus_asc.o(i.MBASC_Fun04)
    MBASC_Fun05                              0x08001005   Thumb Code   130  modbus_asc.o(i.MBASC_Fun05)
    MBASC_Fun10                              0x080010a1   Thumb Code   310  modbus_asc.o(i.MBASC_Fun10)
    MBASC_Fun2B                              0x080011ed   Thumb Code   248  modbus_asc.o(i.MBASC_Fun2B)
    MBASC_Fun41                              0x08001301   Thumb Code   172  modbus_asc.o(i.MBASC_Fun41)
    MBASC_Function                           0x080013d1   Thumb Code   142  modbus_asc.o(i.MBASC_Function)
    MBASC_SendErr                            0x08001475   Thumb Code    28  modbus_asc.o(i.MBASC_SendErr)
    MBASC_SendMsg                            0x08001499   Thumb Code    28  modbus_asc.o(i.MBASC_SendMsg)
    MBASC_SendMsg_NoLimit                    0x080014b5   Thumb Code    22  modbus_asc.o(i.MBASC_SendMsg_NoLimit)
    MODBUS_ASCII_AsciiPacketToRtuPacket      0x080014cb   Thumb Code    40  modbus_ascii.o(i.MODBUS_ASCII_AsciiPacketToRtuPacket)
    MODBUS_ASCII_AsciiToHex                  0x080014f3   Thumb Code    50  modbus_ascii.o(i.MODBUS_ASCII_AsciiToHex)
    MODBUS_ASCII_CheckAscii                  0x08001525   Thumb Code    50  modbus_ascii.o(i.MODBUS_ASCII_CheckAscii)
    MODBUS_ASCII_GetLrc                      0x08001557   Thumb Code    48  modbus_ascii.o(i.MODBUS_ASCII_GetLrc)
    MODBUS_ASCII_HandlRevData                0x08001589   Thumb Code   102  modbus_ascii.o(i.MODBUS_ASCII_HandlRevData)
    MODBUS_ASCII_HexToAscii                  0x080015fd   Thumb Code    32  modbus_ascii.o(i.MODBUS_ASCII_HexToAscii)
    MODBUS_ASCII_RecvData                    0x0800161d   Thumb Code   106  modbus_ascii.o(i.MODBUS_ASCII_RecvData)
    MODBUS_ASCII_RtuPacketToAsciiPacket      0x08001695   Thumb Code    38  modbus_ascii.o(i.MODBUS_ASCII_RtuPacketToAsciiPacket)
    MODBUS_ASCII_SendData                    0x080016bd   Thumb Code    84  modbus_ascii.o(i.MODBUS_ASCII_SendData)
    ReadPara                                 0x08001759   Thumb Code   190  para.o(i.ReadPara)
    SysTick_Handler                          0x08001821   Thumb Code    16  board.o(i.SysTick_Handler)
    SystemInit                               0x08001831   Thumb Code    66  system_stm32l0xx.o(i.SystemInit)
    TIM21_ETR_Init                           0x08001885   Thumb Code   136  tim.o(i.TIM21_ETR_Init)
    TIM22_IRQHandler                         0x08001919   Thumb Code    10  tim.o(i.TIM22_IRQHandler)
    TIM22_Init                               0x08001929   Thumb Code    34  tim.o(i.TIM22_Init)
    UART1_SendData                           0x080019b5   Thumb Code    76  usart_1.o(i.UART1_SendData)
    UART_WaitOnFlagUntilTimeout              0x08001a0d   Thumb Code    98  stm32l0xx_hal_uart.o(i.UART_WaitOnFlagUntilTimeout)
    Uart_Config_Init                         0x08001a71   Thumb Code   316  usart_1.o(i.Uart_Config_Init)
    Usart_Gpio_Init                          0x08001bd1   Thumb Code    96  usart_1.o(i.Usart_Gpio_Init)
    User_Iwdg_Feed                           0x08001c35   Thumb Code    10  system.o(i.User_Iwdg_Feed)
    User_Iwdg_Init                           0x08001c45   Thumb Code    26  system.o(i.User_Iwdg_Init)
    Z_F_Zhuan_thread_entry                   0x08001c69   Thumb Code   444  task.o(i.Z_F_Zhuan_thread_entry)
    __ARM_common_switch8                     0x08001e45   Thumb Code    26  modbus_asc.o(i.__ARM_common_switch8)
    __rt_ffs                                 0x08001e61   Thumb Code    60  kservice.o(i.__rt_ffs)
    __scatterload_copy                       0x08001ea1   Thumb Code    14  handlers.o(i.__scatterload_copy)
    __scatterload_null                       0x08001eaf   Thumb Code     2  handlers.o(i.__scatterload_null)
    __scatterload_zeroinit                   0x08001eb1   Thumb Code    14  handlers.o(i.__scatterload_zeroinit)
    cmd_free                                 0x08002019   Thumb Code    10  msh.o(i.cmd_free)
    cmd_ps                                   0x08002023   Thumb Code    10  msh.o(i.cmd_ps)
    finsh_get_prompt                         0x0800202d   Thumb Code    70  shell.o(i.finsh_get_prompt)
    finsh_set_prompt_mode                    0x08002091   Thumb Code    22  shell.o(i.finsh_set_prompt_mode)
    finsh_system_function_init               0x080020ad   Thumb Code     6  shell.o(i.finsh_system_function_init)
    finsh_system_init                        0x080020b9   Thumb Code    94  shell.o(i.finsh_system_init)
    finsh_thread_entry                       0x08002151   Thumb Code   588  shell.o(i.finsh_thread_entry)
    hello                                    0x080023c5   Thumb Code    12  cmd.o(i.hello)
    list                                     0x080023e5   Thumb Code    50  cmd.o(i.list)
    list_event                               0x0800243d   Thumb Code   178  cmd.o(i.list_event)
    list_mailbox                             0x080025f1   Thumb Code   192  cmd.o(i.list_mailbox)
    list_mem                                 0x0800272d   Thumb Code    30  mem.o(i.list_mem)
    list_msgqueue                            0x08002799   Thumb Code   184  cmd.o(i.list_msgqueue)
    list_mutex                               0x080028bd   Thumb Code   148  cmd.o(i.list_mutex)
    list_sem                                 0x080029b5   Thumb Code   184  cmd.o(i.list_sem)
    list_thread                              0x08002acd   Thumb Code   258  cmd.o(i.list_thread)
    list_timer                               0x08002c8d   Thumb Code   160  cmd.o(i.list_timer)
    long32Array                              0x08002dcd   Thumb Code    28  common.o(i.long32Array)
    $Super$$main                             0x08002de9   Thumb Code    16  main.o(i.main)
    main_thread_entry                        0x08002df9   Thumb Code    12  components.o(i.main_thread_entry)
    msh_auto_complete                        0x08002e05   Thumb Code   154  msh.o(i.msh_auto_complete)
    msh_exec                                 0x08002eb5   Thumb Code    78  msh.o(i.msh_exec)
    msh_help                                 0x08002f1d   Thumb Code    58  msh.o(i.msh_help)
    msh_is_used                              0x08002f8d   Thumb Code     4  msh.o(i.msh_is_used)
    rt_application_init                      0x08003215   Thumb Code    30  components.o(i.rt_application_init)
    rt_calloc                                0x08003241   Thumb Code    28  mem.o(i.rt_calloc)
    rt_components_board_init                 0x0800325d   Thumb Code    20  components.o(i.rt_components_board_init)
    rt_components_init                       0x08003279   Thumb Code    20  components.o(i.rt_components_init)
    rt_enter_critical                        0x08003295   Thumb Code    20  scheduler.o(i.rt_enter_critical)
    rt_exit_critical                         0x080032ad   Thumb Code    46  scheduler.o(i.rt_exit_critical)
    rt_free                                  0x080032e1   Thumb Code   110  mem.o(i.rt_free)
    rt_heap_begin_get                        0x080033a5   Thumb Code     4  board.o(i.rt_heap_begin_get)
    rt_heap_end_get                          0x080033ad   Thumb Code     4  board.o(i.rt_heap_end_get)
    rt_hw_board_init                         0x080033b5   Thumb Code    28  board.o(i.rt_hw_board_init)
    rt_hw_console_getchar                    0x080033d1   Thumb Code    60  usart_1.o(i.rt_hw_console_getchar)
    rt_hw_console_output                     0x08003411   Thumb Code    68  usart_1.o(i.rt_hw_console_output)
    rt_hw_hard_fault_exception               0x08003459   Thumb Code    82  cpuport.o(i.rt_hw_hard_fault_exception)
    rt_hw_stack_init                         0x0800354d   Thumb Code    50  cpuport.o(i.rt_hw_stack_init)
    rt_interrupt_enter                       0x08003585   Thumb Code    20  irq.o(i.rt_interrupt_enter)
    rt_interrupt_leave                       0x0800359d   Thumb Code    20  irq.o(i.rt_interrupt_leave)
    rt_kprintf                               0x08003611   Thumb Code    30  kservice.o(i.rt_kprintf)
    rt_malloc                                0x080036a5   Thumb Code   222  mem.o(i.rt_malloc)
    rt_memmove                               0x0800378d   Thumb Code    46  kservice.o(i.rt_memmove)
    rt_memset                                0x080037bb   Thumb Code    62  kservice.o(i.rt_memset)
    rt_object_allocate                       0x080037f9   Thumb Code    76  object.o(i.rt_object_allocate)
    rt_object_delete                         0x08003845   Thumb Code    36  object.o(i.rt_object_delete)
    rt_object_detach                         0x08003869   Thumb Code    30  object.o(i.rt_object_detach)
    rt_object_get_information                0x08003889   Thumb Code    28  object.o(i.rt_object_get_information)
    rt_object_init                           0x080038a9   Thumb Code    76  object.o(i.rt_object_init)
    rt_object_is_systemobject                0x080038f5   Thumb Code    14  object.o(i.rt_object_is_systemobject)
    rt_schedule                              0x08003905   Thumb Code    80  scheduler.o(i.rt_schedule)
    rt_schedule_insert_thread                0x08003961   Thumb Code    66  scheduler.o(i.rt_schedule_insert_thread)
    rt_schedule_remove_thread                0x080039ad   Thumb Code    60  scheduler.o(i.rt_schedule_remove_thread)
    rt_sem_init                              0x080039f1   Thumb Code    32  ipc.o(i.rt_sem_init)
    rt_sem_release                           0x08003a11   Thumb Code    52  ipc.o(i.rt_sem_release)
    rt_sem_take                              0x08003a45   Thumb Code   114  ipc.o(i.rt_sem_take)
    rt_show_version                          0x08003ab9   Thumb Code    38  kservice.o(i.rt_show_version)
    rt_strlen                                0x08003b69   Thumb Code    16  kservice.o(i.rt_strlen)
    rt_strncpy                               0x08003b79   Thumb Code    40  kservice.o(i.rt_strncpy)
    rt_system_heap_init                      0x08003ba1   Thumb Code    90  mem.o(i.rt_system_heap_init)
    rt_system_scheduler_init                 0x08003c49   Thumb Code    44  scheduler.o(i.rt_system_scheduler_init)
    rt_system_scheduler_start                0x08003c7d   Thumb Code    30  scheduler.o(i.rt_system_scheduler_start)
    rt_system_timer_init                     0x08003ca5   Thumb Code     8  timer.o(i.rt_system_timer_init)
    rt_system_timer_thread_init              0x08003cb1   Thumb Code     2  timer.o(i.rt_system_timer_thread_init)
    rt_thread_create                         0x08003cb3   Thumb Code    64  thread.o(i.rt_thread_create)
    rt_thread_exit                           0x08003cf5   Thumb Code    80  thread.o(i.rt_thread_exit)
    rt_thread_idle_excute                    0x08003d55   Thumb Code   118  idle.o(i.rt_thread_idle_excute)
    rt_thread_idle_init                      0x08003dd1   Thumb Code    36  idle.o(i.rt_thread_idle_init)
    rt_thread_init                           0x08003e05   Thumb Code    42  thread.o(i.rt_thread_init)
    rt_thread_mdelay                         0x08003e2f   Thumb Code    12  thread.o(i.rt_thread_mdelay)
    rt_thread_resume                         0x08003e3b   Thumb Code    60  thread.o(i.rt_thread_resume)
    rt_thread_self                           0x08003e79   Thumb Code     6  thread.o(i.rt_thread_self)
    rt_thread_sleep                          0x08003e85   Thumb Code    60  thread.o(i.rt_thread_sleep)
    rt_thread_startup                        0x08003ec5   Thumb Code    40  thread.o(i.rt_thread_startup)
    rt_thread_suspend                        0x08003ef1   Thumb Code    64  thread.o(i.rt_thread_suspend)
    rt_thread_timeout                        0x08003f31   Thumb Code    30  thread.o(i.rt_thread_timeout)
    rt_thread_yield                          0x08003f51   Thumb Code    84  thread.o(i.rt_thread_yield)
    rt_tick_from_millisecond                 0x08003fad   Thumb Code    46  clock.o(i.rt_tick_from_millisecond)
    rt_tick_get                              0x08003fdd   Thumb Code     6  clock.o(i.rt_tick_get)
    rt_tick_increase                         0x08003fe9   Thumb Code    36  clock.o(i.rt_tick_increase)
    rt_timer_check                           0x08004011   Thumb Code    92  timer.o(i.rt_timer_check)
    rt_timer_control                         0x08004075   Thumb Code    50  timer.o(i.rt_timer_control)
    rt_timer_detach                          0x080040a7   Thumb Code    32  timer.o(i.rt_timer_detach)
    rt_timer_init                            0x080040c7   Thumb Code    38  timer.o(i.rt_timer_init)
    rt_timer_start                           0x080040ed   Thumb Code   134  timer.o(i.rt_timer_start)
    rt_timer_stop                            0x0800417d   Thumb Code    46  timer.o(i.rt_timer_stop)
    rt_vsnprintf                             0x080041ad   Thumb Code   610  kservice.o(i.rt_vsnprintf)
    rtthread_startup                         0x08004429   Thumb Code    42  components.o(i.rtthread_startup)
    system_Init                              0x080044a5   Thumb Code   104  system.o(i.system_Init)
    task_Init                                0x08004515   Thumb Code    64  task.o(i.task_Init)
    version                                  0x0800455d   Thumb Code    10  cmd.o(i.version)
    SensorSoftVersion                        0x08004566   Data           8  modbus_asc.o(.constdata)
    __lowest_bit_bitmap                      0x0800456e   Data         256  kservice.o(.constdata)
    __fsym_list_mem_name                     0x08004690   Data           9  mem.o(.constdata)
    __fsym_hello_name                        0x08004699   Data           6  cmd.o(.constdata)
    __fsym_version_name                      0x0800469f   Data           8  cmd.o(.constdata)
    __fsym___cmd_version_name                0x080046a7   Data          14  cmd.o(.constdata)
    __fsym_list_thread_name                  0x080046b5   Data          12  cmd.o(.constdata)
    __fsym___cmd_list_thread_name            0x080046c1   Data          18  cmd.o(.constdata)
    __fsym_list_sem_name                     0x080046d3   Data           9  cmd.o(.constdata)
    __fsym___cmd_list_sem_name               0x080046dc   Data          15  cmd.o(.constdata)
    __fsym_list_event_name                   0x080046eb   Data          11  cmd.o(.constdata)
    __fsym___cmd_list_event_name             0x080046f6   Data          17  cmd.o(.constdata)
    __fsym_list_mutex_name                   0x08004707   Data          11  cmd.o(.constdata)
    __fsym___cmd_list_mutex_name             0x08004712   Data          17  cmd.o(.constdata)
    __fsym_list_mailbox_name                 0x08004723   Data          13  cmd.o(.constdata)
    __fsym___cmd_list_mailbox_name           0x08004730   Data          19  cmd.o(.constdata)
    __fsym_list_msgqueue_name                0x08004743   Data          14  cmd.o(.constdata)
    __fsym___cmd_list_msgqueue_name          0x08004751   Data          20  cmd.o(.constdata)
    __fsym_list_timer_name                   0x08004765   Data          11  cmd.o(.constdata)
    __fsym___cmd_list_timer_name             0x08004770   Data          17  cmd.o(.constdata)
    __fsym_list_name                         0x08004781   Data           5  cmd.o(.constdata)
    __fsym___cmd_help_name                   0x08004786   Data          11  msh.o(.constdata)
    __fsym___cmd_ps_name                     0x08004791   Data           9  msh.o(.constdata)
    __fsym___cmd_free_name                   0x0800479a   Data          11  msh.o(.constdata)
    AHBPrescTable                            0x080047a5   Data          16  system_stm32l0xx.o(.constdata)
    PLLMulTable                              0x080047b5   Data           9  system_stm32l0xx.o(.constdata)
    __rt_init_rti_start                      0x08004818   Data           4  components.o(.rti_fn.0)
    __rt_init_rti_board_start                0x0800481c   Data           4  components.o(.rti_fn.0.end)
    __rt_init_rti_board_end                  0x08004820   Data           4  components.o(.rti_fn.1.end)
    __rt_init_finsh_system_init              0x08004824   Data           4  shell.o(.rti_fn.6)
    __rt_init_rti_end                        0x08004828   Data           4  components.o(.rti_fn.6.end)
    FSymTab$$Base                            0x0800482c   Number         0  mem.o(FSymTab)
    __fsym_list_mem                          0x0800482c   Data           8  mem.o(FSymTab)
    __fsym_hello                             0x08004834   Data           8  cmd.o(FSymTab)
    __fsym_version                           0x0800483c   Data           8  cmd.o(FSymTab)
    __fsym___cmd_version                     0x08004844   Data           8  cmd.o(FSymTab)
    __fsym_list_thread                       0x0800484c   Data           8  cmd.o(FSymTab)
    __fsym___cmd_list_thread                 0x08004854   Data           8  cmd.o(FSymTab)
    __fsym_list_sem                          0x0800485c   Data           8  cmd.o(FSymTab)
    __fsym___cmd_list_sem                    0x08004864   Data           8  cmd.o(FSymTab)
    __fsym_list_event                        0x0800486c   Data           8  cmd.o(FSymTab)
    __fsym___cmd_list_event                  0x08004874   Data           8  cmd.o(FSymTab)
    __fsym_list_mutex                        0x0800487c   Data           8  cmd.o(FSymTab)
    __fsym___cmd_list_mutex                  0x08004884   Data           8  cmd.o(FSymTab)
    __fsym_list_mailbox                      0x0800488c   Data           8  cmd.o(FSymTab)
    __fsym___cmd_list_mailbox                0x08004894   Data           8  cmd.o(FSymTab)
    __fsym_list_msgqueue                     0x0800489c   Data           8  cmd.o(FSymTab)
    __fsym___cmd_list_msgqueue               0x080048a4   Data           8  cmd.o(FSymTab)
    __fsym_list_timer                        0x080048ac   Data           8  cmd.o(FSymTab)
    __fsym___cmd_list_timer                  0x080048b4   Data           8  cmd.o(FSymTab)
    __fsym_list                              0x080048bc   Data           8  cmd.o(FSymTab)
    __fsym___cmd_help                        0x080048c4   Data           8  msh.o(FSymTab)
    __fsym___cmd_ps                          0x080048cc   Data           8  msh.o(FSymTab)
    __fsym___cmd_free                        0x080048d4   Data           8  msh.o(FSymTab)
    FSymTab$$Limit                           0x080048dc   Number         0  msh.o(FSymTab)
    Region$$Table$$Base                      0x080048dc   Number         0  anon$$obj.o(Region$$Table)
    Region$$Table$$Limit                     0x080048fc   Number         0  anon$$obj.o(Region$$Table)
    SendLen                                  0x20000000   Data           1  modbus_asc.o(.data)
    Current_pulse                            0x20000008   Data           4  para.o(.data)
    Current_PositiveTime                     0x2000000c   Data           4  para.o(.data)
    Current_NegativeTime                     0x20000010   Data           4  para.o(.data)
    User_Default_Param                       0x20000014   Data          28  para.o(.data)
    PulseFlag                                0x20000030   Data           1  tim.o(.data)
    Time_1s_flag                             0x20000031   Data           1  tim.o(.data)
    Time_5s_flag                             0x20000032   Data           1  tim.o(.data)
    Time_1min_flag                           0x20000033   Data           1  tim.o(.data)
    first_20s                                0x20000034   Data           1  tim.o(.data)
    tim_cnt                                  0x20000036   Data           2  tim.o(.data)
    tim_1min_cnt                             0x20000038   Data           2  tim.o(.data)
    u8SendNum                                0x2000003a   Data           1  usart_1.o(.data)
    u8SendIndex                              0x2000003b   Data           1  usart_1.o(.data)
    UART1_RXBuffLen                          0x2000003c   Data           1  usart_1.o(.data)
    UartRecvFrameOK                          0x2000003d   Data           1  usart_1.o(.data)
    TaskThreads                              0x20000044   Data          48  task.o(.data)
    rt_interrupt_nest                        0x20000078   Data           1  irq.o(.data)
    rt_current_priority                      0x20000104   Data           1  scheduler.o(.data)
    rt_current_thread                        0x20000108   Data           4  scheduler.o(.data)
    rt_thread_ready_priority_group           0x2000010c   Data           4  scheduler.o(.data)
    rt_thread_defunct                        0x20000110   Data           8  scheduler.o(.data)
    rt_interrupt_from_thread                 0x20000124   Data           4  cpuport.o(.data)
    rt_interrupt_to_thread                   0x20000128   Data           4  cpuport.o(.data)
    rt_thread_switch_interrupt_flag          0x2000012c   Data           4  cpuport.o(.data)
    _syscall_table_begin                     0x20000130   Data           4  shell.o(.data)
    _syscall_table_end                       0x20000134   Data           4  shell.o(.data)
    _sysvar_table_begin                      0x20000138   Data           4  shell.o(.data)
    _sysvar_table_end                        0x2000013c   Data           4  shell.o(.data)
    shell                                    0x20000144   Data           4  shell.o(.data)
    uwTick                                   0x20000148   Data           4  stm32l0xx_hal.o(.data)
    SystemCoreClock                          0x2000014c   Data           4  system_stm32l0xx.o(.data)
    SendBuf                                  0x20000150   Data         100  modbus_asc.o(.bss)
    cyAsciiBuff                              0x200001b4   Data         150  modbus_ascii.o(.bss)
    UserPara                                 0x2000024c   Data          36  para.o(.bss)
    Cur_Param                                0x20000270   Data          28  para.o(.bss)
    IWDG_HandleStructure                     0x2000228c   Data          16  system.o(.bss)
    TIM22_Handler                            0x2000229c   Data          60  tim.o(.bss)
    UART1_RXBuff                             0x200022d8   Data         150  usart_1.o(.bss)
    UART1_TXBuff                             0x2000236e   Data         150  usart_1.o(.bss)
    LPUART1_HandleStruct                     0x20002404   Data         128  usart_1.o(.bss)
    rt_thread_priority_table                 0x200026bc   Data         256  scheduler.o(.bss)
    __initial_sp                             0x20002c40   Data           0  startup_stm32l031xx.o(STACK)



==============================================================================

Memory Map of the image

  Image Entry point : 0x080000c1

  Load Region LR_IROM1 (Base: 0x08000000, Size: 0x00004a4c, Max: 0x00008000, ABSOLUTE, COMPRESSED[0x0000495c])

    Execution Region ER_IROM1 (Exec base: 0x08000000, Load base: 0x08000000, Size: 0x000048fc, Max: 0x00008000, ABSOLUTE)

    Exec Addr    Load Addr    Size         Type   Attr      Idx    E Section Name        Object

    0x08000000   0x08000000   0x000000c0   Data   RO            3    RESET               startup_stm32l031xx.o
    0x080000c0   0x080000c0   0x00000000   Code   RO         5110  * .ARM.Collect$$$$00000000  mc_p.l(entry.o)
    0x080000c0   0x080000c0   0x00000004   Code   RO         5165    .ARM.Collect$$$$00000001  mc_p.l(entry2.o)
    0x080000c4   0x080000c4   0x00000004   Code   RO         5168    .ARM.Collect$$$$00000004  mc_p.l(entry5.o)
    0x080000c8   0x080000c8   0x00000000   Code   RO         5170    .ARM.Collect$$$$00000008  mc_p.l(entry7b.o)
    0x080000c8   0x080000c8   0x00000000   Code   RO         5172    .ARM.Collect$$$$0000000A  mc_p.l(entry8b.o)
    0x080000c8   0x080000c8   0x00000008   Code   RO         5173    .ARM.Collect$$$$0000000B  mc_p.l(entry9a.o)
    0x080000d0   0x080000d0   0x00000000   Code   RO         5175    .ARM.Collect$$$$0000000D  mc_p.l(entry10a.o)
    0x080000d0   0x080000d0   0x00000000   Code   RO         5177    .ARM.Collect$$$$0000000F  mc_p.l(entry11a.o)
    0x080000d0   0x080000d0   0x00000004   Code   RO         5166    .ARM.Collect$$$$00002712  mc_p.l(entry2.o)
    0x080000d4   0x080000d4   0x0000001c   Code   RO            4    .text               startup_stm32l031xx.o
    0x080000f0   0x080000f0   0x000000d8   Code   RO         1894    .text               context_rvds.o
    0x080001c8   0x080001c8   0x0000002c   Code   RO         5113    .text               mc_p.l(uidiv.o)
    0x080001f4   0x080001f4   0x00000028   Code   RO         5115    .text               mc_p.l(idiv.o)
    0x0800021c   0x0800021c   0x00000060   Code   RO         5117    .text               mc_p.l(uldiv.o)
    0x0800027c   0x0800027c   0x00000024   Code   RO         5119    .text               mc_p.l(memcpya.o)
    0x080002a0   0x080002a0   0x00000024   Code   RO         5121    .text               mc_p.l(memseta.o)
    0x080002c4   0x080002c4   0x00000018   Code   RO         5123    .text               mc_p.l(strcat.o)
    0x080002dc   0x080002dc   0x0000001a   Code   RO         5125    .text               mc_p.l(strncpy.o)
    0x080002f6   0x080002f6   0x0000000e   Code   RO         5127    .text               mc_p.l(strlen.o)
    0x08000304   0x08000304   0x0000001c   Code   RO         5129    .text               mc_p.l(strcmp.o)
    0x08000320   0x08000320   0x00000012   Code   RO         5131    .text               mc_p.l(strcpy.o)
    0x08000332   0x08000332   0x0000001e   Code   RO         5133    .text               mc_p.l(strncmp.o)
    0x08000350   0x08000350   0x00000020   Code   RO         5182    .text               mc_p.l(llshl.o)
    0x08000370   0x08000370   0x00000022   Code   RO         5184    .text               mc_p.l(llushr.o)
    0x08000392   0x08000392   0x00000002   PAD
    0x08000394   0x08000394   0x00000024   Code   RO         5197    .text               mc_p.l(init.o)
    0x080003b8   0x080003b8   0x00000056   Code   RO         5215    .text               mc_p.l(__dczerorl2.o)
    0x0800040e   0x0800040e   0x0000000a   Code   RO          880    i.$Sub$$main        components.o
    0x08000418   0x08000418   0x0000000c   Code   RO          204    i.Delay_Ms          common.o
    0x08000424   0x08000424   0x0000002c   Code   RO          615    i.Eeprom_ReadNBytes  eeprom.o
    0x08000450   0x08000450   0x00000050   Code   RO          616    i.Eeprom_WriteNBytes  eeprom.o
    0x080004a0   0x080004a0   0x0000004c   Code   RO          781    i.GPIO_Configuration  led.o
    0x080004ec   0x080004ec   0x00000014   Code   RO         4294    i.HAL_FLASHEx_DATAEEPROM_Lock  stm32l0xx_hal_flash_ex.o
    0x08000500   0x08000500   0x00000034   Code   RO         4296    i.HAL_FLASHEx_DATAEEPROM_Unlock  stm32l0xx_hal_flash_ex.o
    0x08000534   0x08000534   0x00000168   Code   RO         4399    i.HAL_GPIO_Init     stm32l0xx_hal_gpio.o
    0x0800069c   0x0800069c   0x0000000a   Code   RO         4401    i.HAL_GPIO_ReadPin  stm32l0xx_hal_gpio.o
    0x080006a6   0x080006a6   0x0000000c   Code   RO         4403    i.HAL_GPIO_WritePin  stm32l0xx_hal_gpio.o
    0x080006b2   0x080006b2   0x00000002   PAD
    0x080006b4   0x080006b4   0x0000000c   Code   RO         3309    i.HAL_GetTick       stm32l0xx_hal.o
    0x080006c0   0x080006c0   0x00000064   Code   RO         5052    i.HAL_IWDG_Init     stm32l0xx_hal_iwdg.o
    0x08000724   0x08000724   0x00000010   Code   RO         5053    i.HAL_IWDG_Refresh  stm32l0xx_hal_iwdg.o
    0x08000734   0x08000734   0x00000030   Code   RO         3315    i.HAL_InitTick      stm32l0xx_hal.o
    0x08000764   0x08000764   0x00000014   Code   RO         4723    i.HAL_NVIC_EnableIRQ  stm32l0xx_hal_cortex.o
    0x08000778   0x08000778   0x00000008   Code   RO         4727    i.HAL_NVIC_SetPriority  stm32l0xx_hal_cortex.o
    0x08000780   0x08000780   0x0000016c   Code   RO         3988    i.HAL_RCC_ClockConfig  stm32l0xx_hal_rcc.o
    0x080008ec   0x080008ec   0x00000078   Code   RO         3996    i.HAL_RCC_GetSysClockFreq  stm32l0xx_hal_rcc.o
    0x08000964   0x08000964   0x00000030   Code   RO         4731    i.HAL_SYSTICK_Config  stm32l0xx_hal_cortex.o
    0x08000994   0x08000994   0x00000034   Code   RO         2189    i.HAL_TIM_Base_Init  stm32l0xx_hal_tim.o
    0x080009c8   0x080009c8   0x00000030   Code   RO          641    i.HAL_TIM_Base_MspInit  tim.o
    0x080009f8   0x080009f8   0x00000020   Code   RO         2194    i.HAL_TIM_Base_Start_IT  stm32l0xx_hal_tim.o
    0x08000a18   0x08000a18   0x00000002   Code   RO         2218    i.HAL_TIM_IC_CaptureCallback  stm32l0xx_hal_tim.o
    0x08000a1a   0x08000a1a   0x00000126   Code   RO         2232    i.HAL_TIM_IRQHandler  stm32l0xx_hal_tim.o
    0x08000b40   0x08000b40   0x00000002   Code   RO         2235    i.HAL_TIM_OC_DelayElapsedCallback  stm32l0xx_hal_tim.o
    0x08000b42   0x08000b42   0x00000002   Code   RO         2262    i.HAL_TIM_PWM_PulseFinishedCallback  stm32l0xx_hal_tim.o
    0x08000b44   0x08000b44   0x000000a8   Code   RO          642    i.HAL_TIM_PeriodElapsedCallback  tim.o
    0x08000bec   0x08000bec   0x00000002   Code   RO         2275    i.HAL_TIM_TriggerCallback  stm32l0xx_hal_tim.o
    0x08000bee   0x08000bee   0x00000002   PAD
    0x08000bf0   0x08000bf0   0x00000104   Code   RO         2911    i.HAL_UART_Receive  stm32l0xx_hal_uart.o
    0x08000cf4   0x08000cf4   0x000000ce   Code   RO         2916    i.HAL_UART_Transmit  stm32l0xx_hal_uart.o
    0x08000dc2   0x08000dc2   0x00000002   PAD
    0x08000dc4   0x08000dc4   0x0000006c   Code   RO          694    i.LPUART1_IRQHandler  usart_1.o
    0x08000e30   0x08000e30   0x00000030   Code   RO          782    i.Led_Control       led.o
    0x08000e60   0x08000e60   0x000000cc   Code   RO          251    i.MBASC_Fun03       modbus_asc.o
    0x08000f2c   0x08000f2c   0x000000d8   Code   RO          252    i.MBASC_Fun04       modbus_asc.o
    0x08001004   0x08001004   0x0000009c   Code   RO          253    i.MBASC_Fun05       modbus_asc.o
    0x080010a0   0x080010a0   0x0000014c   Code   RO          254    i.MBASC_Fun10       modbus_asc.o
    0x080011ec   0x080011ec   0x00000114   Code   RO          255    i.MBASC_Fun2B       modbus_asc.o
    0x08001300   0x08001300   0x000000d0   Code   RO          256    i.MBASC_Fun41       modbus_asc.o
    0x080013d0   0x080013d0   0x000000a4   Code   RO          257    i.MBASC_Function    modbus_asc.o
    0x08001474   0x08001474   0x00000024   Code   RO          259    i.MBASC_SendErr     modbus_asc.o
    0x08001498   0x08001498   0x0000001c   Code   RO          260    i.MBASC_SendMsg     modbus_asc.o
    0x080014b4   0x080014b4   0x00000016   Code   RO          261    i.MBASC_SendMsg_NoLimit  modbus_asc.o
    0x080014ca   0x080014ca   0x00000028   Code   RO          341    i.MODBUS_ASCII_AsciiPacketToRtuPacket  modbus_ascii.o
    0x080014f2   0x080014f2   0x00000032   Code   RO          342    i.MODBUS_ASCII_AsciiToHex  modbus_ascii.o
    0x08001524   0x08001524   0x00000032   Code   RO          343    i.MODBUS_ASCII_CheckAscii  modbus_ascii.o
    0x08001556   0x08001556   0x00000030   Code   RO          344    i.MODBUS_ASCII_GetLrc  modbus_ascii.o
    0x08001586   0x08001586   0x00000002   PAD
    0x08001588   0x08001588   0x00000074   Code   RO          345    i.MODBUS_ASCII_HandlRevData  modbus_ascii.o
    0x080015fc   0x080015fc   0x00000020   Code   RO          346    i.MODBUS_ASCII_HexToAscii  modbus_ascii.o
    0x0800161c   0x0800161c   0x00000078   Code   RO          347    i.MODBUS_ASCII_RecvData  modbus_ascii.o
    0x08001694   0x08001694   0x00000026   Code   RO          348    i.MODBUS_ASCII_RtuPacketToAsciiPacket  modbus_ascii.o
    0x080016ba   0x080016ba   0x00000002   PAD
    0x080016bc   0x080016bc   0x00000058   Code   RO          349    i.MODBUS_ASCII_SendData  modbus_ascii.o
    0x08001714   0x08001714   0x00000044   Code   RO         4733    i.NVIC_SetPriority  stm32l0xx_hal_cortex.o
    0x08001758   0x08001758   0x000000c8   Code   RO          421    i.ReadPara          para.o
    0x08001820   0x08001820   0x00000010   Code   RO          505    i.SysTick_Handler   board.o
    0x08001830   0x08001830   0x00000054   Code   RO         5079    i.SystemInit        system_stm32l0xx.o
    0x08001884   0x08001884   0x00000094   Code   RO          643    i.TIM21_ETR_Init    tim.o
    0x08001918   0x08001918   0x00000010   Code   RO          644    i.TIM22_IRQHandler  tim.o
    0x08001928   0x08001928   0x00000034   Code   RO          645    i.TIM22_Init        tim.o
    0x0800195c   0x0800195c   0x00000058   Code   RO         2277    i.TIM_Base_SetConfig  stm32l0xx_hal_tim.o
    0x080019b4   0x080019b4   0x00000058   Code   RO          696    i.UART1_SendData    usart_1.o
    0x08001a0c   0x08001a0c   0x00000062   Code   RO         2940    i.UART_WaitOnFlagUntilTimeout  stm32l0xx_hal_uart.o
    0x08001a6e   0x08001a6e   0x00000002   PAD
    0x08001a70   0x08001a70   0x00000160   Code   RO          697    i.Uart_Config_Init  usart_1.o
    0x08001bd0   0x08001bd0   0x00000064   Code   RO          698    i.Usart_Gpio_Init   usart_1.o
    0x08001c34   0x08001c34   0x00000010   Code   RO          551    i.User_Iwdg_Feed    system.o
    0x08001c44   0x08001c44   0x00000024   Code   RO          552    i.User_Iwdg_Init    system.o
    0x08001c68   0x08001c68   0x000001dc   Code   RO          807    i.Z_F_Zhuan_thread_entry  task.o
    0x08001e44   0x08001e44   0x0000001a   Code   RO          330    i.__ARM_common_switch8  modbus_asc.o
    0x08001e5e   0x08001e5e   0x00000002   PAD
    0x08001e60   0x08001e60   0x00000040   Code   RO         1277    i.__rt_ffs          kservice.o
    0x08001ea0   0x08001ea0   0x0000000e   Code   RO         5209    i.__scatterload_copy  mc_p.l(handlers.o)
    0x08001eae   0x08001eae   0x00000002   Code   RO         5210    i.__scatterload_null  mc_p.l(handlers.o)
    0x08001eb0   0x08001eb0   0x0000000e   Code   RO         5211    i.__scatterload_zeroinit  mc_p.l(handlers.o)
    0x08001ebe   0x08001ebe   0x00000002   PAD
    0x08001ec0   0x08001ec0   0x00000014   Code   RO          953    i._has_defunct_thread  idle.o
    0x08001ed4   0x08001ed4   0x000000a0   Code   RO         2044    i._msh_exec_cmd     msh.o
    0x08001f74   0x08001f74   0x00000074   Code   RO         1682    i._rt_thread_init   thread.o
    0x08001fe8   0x08001fe8   0x0000001c   Code   RO         1802    i._rt_timer_init    timer.o
    0x08002004   0x08002004   0x00000014   Code   RO         1803    i._rt_timer_remove  timer.o
    0x08002018   0x08002018   0x0000000a   Code   RO         2045    i.cmd_free          msh.o
    0x08002022   0x08002022   0x0000000a   Code   RO         2046    i.cmd_ps            msh.o
    0x0800202c   0x0800202c   0x00000064   Code   RO         2109    i.finsh_get_prompt  shell.o
    0x08002090   0x08002090   0x0000001c   Code   RO         2113    i.finsh_set_prompt_mode  shell.o
    0x080020ac   0x080020ac   0x0000000c   Code   RO         2114    i.finsh_system_function_init  shell.o
    0x080020b8   0x080020b8   0x00000098   Code   RO         2115    i.finsh_system_init  shell.o
    0x08002150   0x08002150   0x00000274   Code   RO         2117    i.finsh_thread_entry  shell.o
    0x080023c4   0x080023c4   0x00000020   Code   RO         1928    i.hello             cmd.o
    0x080023e4   0x080023e4   0x00000058   Code   RO         1929    i.list              cmd.o
    0x0800243c   0x0800243c   0x0000012c   Code   RO         1930    i.list_event        cmd.o
    0x08002568   0x08002568   0x00000020   Code   RO         1931    i.list_find_init    cmd.o
    0x08002588   0x08002588   0x00000068   Code   RO         1932    i.list_get_next     cmd.o
    0x080025f0   0x080025f0   0x0000013c   Code   RO         1933    i.list_mailbox      cmd.o
    0x0800272c   0x0800272c   0x0000006c   Code   RO         1451    i.list_mem          mem.o
    0x08002798   0x08002798   0x00000124   Code   RO         1934    i.list_msgqueue     cmd.o
    0x080028bc   0x080028bc   0x000000f8   Code   RO         1935    i.list_mutex        cmd.o
    0x080029b4   0x080029b4   0x00000118   Code   RO         1936    i.list_sem          cmd.o
    0x08002acc   0x08002acc   0x000001c0   Code   RO         1937    i.list_thread       cmd.o
    0x08002c8c   0x08002c8c   0x00000140   Code   RO         1938    i.list_timer        cmd.o
    0x08002dcc   0x08002dcc   0x0000001c   Code   RO          208    i.long32Array       common.o
    0x08002de8   0x08002de8   0x00000010   Code   RO           12    i.main              main.o
    0x08002df8   0x08002df8   0x0000000c   Code   RO          881    i.main_thread_entry  components.o
    0x08002e04   0x08002e04   0x000000b0   Code   RO         2047    i.msh_auto_complete  msh.o
    0x08002eb4   0x08002eb4   0x00000068   Code   RO         2048    i.msh_exec          msh.o
    0x08002f1c   0x08002f1c   0x00000070   Code   RO         2049    i.msh_help          msh.o
    0x08002f8c   0x08002f8c   0x00000004   Code   RO         2050    i.msh_is_used       msh.o
    0x08002f90   0x08002f90   0x000000d0   Code   RO         2051    i.msh_split         msh.o
    0x08003060   0x08003060   0x00000018   Code   RO         1939    i.object_split      cmd.o
    0x08003078   0x08003078   0x00000058   Code   RO         1452    i.plug_holes        mem.o
    0x080030d0   0x080030d0   0x00000144   Code   RO         1279    i.print_number      kservice.o
    0x08003214   0x08003214   0x0000002c   Code   RO          882    i.rt_application_init  components.o
    0x08003240   0x08003240   0x0000001c   Code   RO         1453    i.rt_calloc         mem.o
    0x0800325c   0x0800325c   0x0000001c   Code   RO          883    i.rt_components_board_init  components.o
    0x08003278   0x08003278   0x0000001c   Code   RO          884    i.rt_components_init  components.o
    0x08003294   0x08003294   0x00000018   Code   RO         1615    i.rt_enter_critical  scheduler.o
    0x080032ac   0x080032ac   0x00000034   Code   RO         1616    i.rt_exit_critical  scheduler.o
    0x080032e0   0x080032e0   0x000000c4   Code   RO         1454    i.rt_free           mem.o
    0x080033a4   0x080033a4   0x00000008   Code   RO          506    i.rt_heap_begin_get  board.o
    0x080033ac   0x080033ac   0x00000008   Code   RO          507    i.rt_heap_end_get   board.o
    0x080033b4   0x080033b4   0x0000001c   Code   RO          508    i.rt_hw_board_init  board.o
    0x080033d0   0x080033d0   0x00000040   Code   RO          699    i.rt_hw_console_getchar  usart_1.o
    0x08003410   0x08003410   0x00000048   Code   RO          700    i.rt_hw_console_output  usart_1.o
    0x08003458   0x08003458   0x000000f4   Code   RO         1899    i.rt_hw_hard_fault_exception  cpuport.o
    0x0800354c   0x0800354c   0x00000038   Code   RO         1900    i.rt_hw_stack_init  cpuport.o
    0x08003584   0x08003584   0x00000018   Code   RO         1250    i.rt_interrupt_enter  irq.o
    0x0800359c   0x0800359c   0x00000018   Code   RO         1252    i.rt_interrupt_leave  irq.o
    0x080035b4   0x080035b4   0x0000000e   Code   RO         1000    i.rt_ipc_list_resume  ipc.o
    0x080035c2   0x080035c2   0x0000004e   Code   RO         1002    i.rt_ipc_list_suspend  ipc.o
    0x08003610   0x08003610   0x00000024   Code   RO         1283    i.rt_kprintf        kservice.o
    0x08003634   0x08003634   0x0000000e   Code   RO         1539    i.rt_list_insert_after  object.o
    0x08003642   0x08003642   0x0000000e   Code   RO         1683    i.rt_list_insert_after  thread.o
    0x08003650   0x08003650   0x0000000e   Code   RO         1804    i.rt_list_insert_after  timer.o
    0x0800365e   0x0800365e   0x0000000e   Code   RO         1003    i.rt_list_insert_before  ipc.o
    0x0800366c   0x0800366c   0x00000012   Code   RO         1940    i.rt_list_len       cmd.o
    0x0800367e   0x0800367e   0x00000012   Code   RO         1540    i.rt_list_remove    object.o
    0x08003690   0x08003690   0x00000012   Code   RO         1684    i.rt_list_remove    thread.o
    0x080036a2   0x080036a2   0x00000002   PAD
    0x080036a4   0x080036a4   0x000000e8   Code   RO         1455    i.rt_malloc         mem.o
    0x0800378c   0x0800378c   0x0000002e   Code   RO         1288    i.rt_memmove        kservice.o
    0x080037ba   0x080037ba   0x0000003e   Code   RO         1289    i.rt_memset         kservice.o
    0x080037f8   0x080037f8   0x0000004c   Code   RO         1541    i.rt_object_allocate  object.o
    0x08003844   0x08003844   0x00000024   Code   RO         1542    i.rt_object_delete  object.o
    0x08003868   0x08003868   0x0000001e   Code   RO         1543    i.rt_object_detach  object.o
    0x08003886   0x08003886   0x00000002   PAD
    0x08003888   0x08003888   0x00000020   Code   RO         1545    i.rt_object_get_information  object.o
    0x080038a8   0x080038a8   0x0000004c   Code   RO         1547    i.rt_object_init    object.o
    0x080038f4   0x080038f4   0x0000000e   Code   RO         1548    i.rt_object_is_systemobject  object.o
    0x08003902   0x08003902   0x00000002   PAD
    0x08003904   0x08003904   0x0000005c   Code   RO         1617    i.rt_schedule       scheduler.o
    0x08003960   0x08003960   0x0000004c   Code   RO         1618    i.rt_schedule_insert_thread  scheduler.o
    0x080039ac   0x080039ac   0x00000044   Code   RO         1619    i.rt_schedule_remove_thread  scheduler.o
    0x080039f0   0x080039f0   0x00000020   Code   RO         1031    i.rt_sem_init       ipc.o
    0x08003a10   0x08003a10   0x00000034   Code   RO         1032    i.rt_sem_release    ipc.o
    0x08003a44   0x08003a44   0x00000072   Code   RO         1033    i.rt_sem_take       ipc.o
    0x08003ab6   0x08003ab6   0x00000002   PAD
    0x08003ab8   0x08003ab8   0x000000b0   Code   RO         1291    i.rt_show_version   kservice.o
    0x08003b68   0x08003b68   0x00000010   Code   RO         1297    i.rt_strlen         kservice.o
    0x08003b78   0x08003b78   0x00000028   Code   RO         1299    i.rt_strncpy        kservice.o
    0x08003ba0   0x08003ba0   0x000000a8   Code   RO         1458    i.rt_system_heap_init  mem.o
    0x08003c48   0x08003c48   0x00000034   Code   RO         1620    i.rt_system_scheduler_init  scheduler.o
    0x08003c7c   0x08003c7c   0x00000028   Code   RO         1621    i.rt_system_scheduler_start  scheduler.o
    0x08003ca4   0x08003ca4   0x0000000c   Code   RO         1805    i.rt_system_timer_init  timer.o
    0x08003cb0   0x08003cb0   0x00000002   Code   RO         1806    i.rt_system_timer_thread_init  timer.o
    0x08003cb2   0x08003cb2   0x00000040   Code   RO         1686    i.rt_thread_create  thread.o
    0x08003cf2   0x08003cf2   0x00000002   PAD
    0x08003cf4   0x08003cf4   0x00000058   Code   RO         1690    i.rt_thread_exit    thread.o
    0x08003d4c   0x08003d4c   0x00000006   Code   RO          954    i.rt_thread_idle_entry  idle.o
    0x08003d52   0x08003d52   0x00000002   PAD
    0x08003d54   0x08003d54   0x0000007c   Code   RO          955    i.rt_thread_idle_excute  idle.o
    0x08003dd0   0x08003dd0   0x00000034   Code   RO          957    i.rt_thread_idle_init  idle.o
    0x08003e04   0x08003e04   0x0000002a   Code   RO         1692    i.rt_thread_init    thread.o
    0x08003e2e   0x08003e2e   0x0000000c   Code   RO         1693    i.rt_thread_mdelay  thread.o
    0x08003e3a   0x08003e3a   0x0000003c   Code   RO         1694    i.rt_thread_resume  thread.o
    0x08003e76   0x08003e76   0x00000002   PAD
    0x08003e78   0x08003e78   0x0000000c   Code   RO         1695    i.rt_thread_self    thread.o
    0x08003e84   0x08003e84   0x00000040   Code   RO         1696    i.rt_thread_sleep   thread.o
    0x08003ec4   0x08003ec4   0x0000002c   Code   RO         1697    i.rt_thread_startup  thread.o
    0x08003ef0   0x08003ef0   0x00000040   Code   RO         1698    i.rt_thread_suspend  thread.o
    0x08003f30   0x08003f30   0x0000001e   Code   RO         1699    i.rt_thread_timeout  thread.o
    0x08003f4e   0x08003f4e   0x00000002   PAD
    0x08003f50   0x08003f50   0x0000005c   Code   RO         1700    i.rt_thread_yield   thread.o
    0x08003fac   0x08003fac   0x0000002e   Code   RO          843    i.rt_tick_from_millisecond  clock.o
    0x08003fda   0x08003fda   0x00000002   PAD
    0x08003fdc   0x08003fdc   0x0000000c   Code   RO          844    i.rt_tick_get       clock.o
    0x08003fe8   0x08003fe8   0x00000028   Code   RO          845    i.rt_tick_increase  clock.o
    0x08004010   0x08004010   0x00000064   Code   RO         1807    i.rt_timer_check    timer.o
    0x08004074   0x08004074   0x00000032   Code   RO         1808    i.rt_timer_control  timer.o
    0x080040a6   0x080040a6   0x00000020   Code   RO         1811    i.rt_timer_detach   timer.o
    0x080040c6   0x080040c6   0x00000026   Code   RO         1812    i.rt_timer_init     timer.o
    0x080040ec   0x080040ec   0x00000090   Code   RO         1814    i.rt_timer_start    timer.o
    0x0800417c   0x0800417c   0x0000002e   Code   RO         1815    i.rt_timer_stop     timer.o
    0x080041aa   0x080041aa   0x00000002   PAD
    0x080041ac   0x080041ac   0x0000026c   Code   RO         1302    i.rt_vsnprintf      kservice.o
    0x08004418   0x08004418   0x00000004   Code   RO          885    i.rti_board_end     components.o
    0x0800441c   0x0800441c   0x00000004   Code   RO          886    i.rti_board_start   components.o
    0x08004420   0x08004420   0x00000004   Code   RO          887    i.rti_end           components.o
    0x08004424   0x08004424   0x00000004   Code   RO          888    i.rti_start         components.o
    0x08004428   0x08004428   0x0000002a   Code   RO          889    i.rtthread_startup  components.o
    0x08004452   0x08004452   0x00000002   PAD
    0x08004454   0x08004454   0x00000030   Code   RO         1941    i.show_wait_queue   cmd.o
    0x08004484   0x08004484   0x00000020   Code   RO         1304    i.skip_atoi         kservice.o
    0x080044a4   0x080044a4   0x00000070   Code   RO          553    i.system_Init       system.o
    0x08004514   0x08004514   0x00000048   Code   RO          808    i.task_Init         task.o
    0x0800455c   0x0800455c   0x0000000a   Code   RO         1942    i.version           cmd.o
    0x08004566   0x08004566   0x00000008   Data   RO          263    .constdata          modbus_asc.o
    0x0800456e   0x0800456e   0x00000122   Data   RO         1306    .constdata          kservice.o
    0x08004690   0x08004690   0x00000009   Data   RO         1460    .constdata          mem.o
    0x08004699   0x08004699   0x00000006   Data   RO         1943    .constdata          cmd.o
    0x0800469f   0x0800469f   0x00000008   Data   RO         1944    .constdata          cmd.o
    0x080046a7   0x080046a7   0x0000000e   Data   RO         1945    .constdata          cmd.o
    0x080046b5   0x080046b5   0x0000000c   Data   RO         1946    .constdata          cmd.o
    0x080046c1   0x080046c1   0x00000012   Data   RO         1947    .constdata          cmd.o
    0x080046d3   0x080046d3   0x00000009   Data   RO         1948    .constdata          cmd.o
    0x080046dc   0x080046dc   0x0000000f   Data   RO         1949    .constdata          cmd.o
    0x080046eb   0x080046eb   0x0000000b   Data   RO         1950    .constdata          cmd.o
    0x080046f6   0x080046f6   0x00000011   Data   RO         1951    .constdata          cmd.o
    0x08004707   0x08004707   0x0000000b   Data   RO         1952    .constdata          cmd.o
    0x08004712   0x08004712   0x00000011   Data   RO         1953    .constdata          cmd.o
    0x08004723   0x08004723   0x0000000d   Data   RO         1954    .constdata          cmd.o
    0x08004730   0x08004730   0x00000013   Data   RO         1955    .constdata          cmd.o
    0x08004743   0x08004743   0x0000000e   Data   RO         1956    .constdata          cmd.o
    0x08004751   0x08004751   0x00000014   Data   RO         1957    .constdata          cmd.o
    0x08004765   0x08004765   0x0000000b   Data   RO         1958    .constdata          cmd.o
    0x08004770   0x08004770   0x00000011   Data   RO         1959    .constdata          cmd.o
    0x08004781   0x08004781   0x00000005   Data   RO         1960    .constdata          cmd.o
    0x08004786   0x08004786   0x0000000b   Data   RO         2052    .constdata          msh.o
    0x08004791   0x08004791   0x00000009   Data   RO         2053    .constdata          msh.o
    0x0800479a   0x0800479a   0x0000000b   Data   RO         2054    .constdata          msh.o
    0x080047a5   0x080047a5   0x00000019   Data   RO         5080    .constdata          system_stm32l0xx.o
    0x080047be   0x080047be   0x00000002   PAD
    0x080047c0   0x080047c0   0x00000011   Data   RO          810    .conststring        task.o
    0x080047d1   0x080047d1   0x00000003   PAD
    0x080047d4   0x080047d4   0x00000044   Data   RO         1961    .conststring        cmd.o
    0x08004818   0x08004818   0x00000004   Data   RO          890    .rti_fn.0           components.o
    0x0800481c   0x0800481c   0x00000004   Data   RO          891    .rti_fn.0.end       components.o
    0x08004820   0x08004820   0x00000004   Data   RO          892    .rti_fn.1.end       components.o
    0x08004824   0x08004824   0x00000004   Data   RO         2120    .rti_fn.6           shell.o
    0x08004828   0x08004828   0x00000004   Data   RO          893    .rti_fn.6.end       components.o
    0x0800482c   0x0800482c   0x00000008   Data   RO         1462    FSymTab             mem.o
    0x08004834   0x08004834   0x00000090   Data   RO         1962    FSymTab             cmd.o
    0x080048c4   0x080048c4   0x00000018   Data   RO         2055    FSymTab             msh.o
    0x080048dc   0x080048dc   0x00000020   Data   RO         5207    Region$$Table       anon$$obj.o


    Execution Region RW_IRAM1 (Exec base: 0x20000000, Load base: 0x080048fc, Size: 0x00002c40, Max: 0x00004000, ABSOLUTE, COMPRESSED[0x00000060])

    Exec Addr    Load Addr    Size         Type   Attr      Idx    E Section Name        Object

    0x20000000   COMPRESSED   0x00000001   Data   RW          266    .data               modbus_asc.o
    0x20000001   COMPRESSED   0x00000001   PAD
    0x20000002   COMPRESSED   0x00000004   Data   RW          351    .data               modbus_ascii.o
    0x20000006   COMPRESSED   0x00000002   PAD
    0x20000008   COMPRESSED   0x00000028   Data   RW          425    .data               para.o
    0x20000030   COMPRESSED   0x0000000a   Data   RW          648    .data               tim.o
    0x2000003a   COMPRESSED   0x00000004   Data   RW          703    .data               usart_1.o
    0x2000003e   COMPRESSED   0x00000002   PAD
    0x20000040   COMPRESSED   0x00000034   Data   RW          815    .data               task.o
    0x20000074   COMPRESSED   0x00000004   Data   RW          847    .data               clock.o
    0x20000078   COMPRESSED   0x00000001   Data   RW         1253    .data               irq.o
    0x20000079   COMPRESSED   0x00000003   PAD
    0x2000007c   COMPRESSED   0x00000018   Data   RW         1461    .data               mem.o
    0x20000094   COMPRESSED   0x00000070   Data   RW         1550    .data               object.o
    0x20000104   COMPRESSED   0x00000014   Data   RW         1623    .data               scheduler.o
    0x20000118   COMPRESSED   0x0000000c   Data   RW         1816    .data               timer.o
    0x20000124   COMPRESSED   0x00000004   Data   RW         1901    .data               cpuport.o
    0x20000128   COMPRESSED   0x00000004   Data   RW         1902    .data               cpuport.o
    0x2000012c   COMPRESSED   0x00000004   Data   RW         1903    .data               cpuport.o
    0x20000130   COMPRESSED   0x00000018   Data   RW         2119    .data               shell.o
    0x20000148   COMPRESSED   0x00000004   Data   RW         3324    .data               stm32l0xx_hal.o
    0x2000014c   COMPRESSED   0x00000004   Data   RW         5082    .data               system_stm32l0xx.o
    0x20000150        -       0x00000064   Zero   RW          262    .bss                modbus_asc.o
    0x200001b4        -       0x00000096   Zero   RW          350    .bss                modbus_ascii.o
    0x2000024a   COMPRESSED   0x00000002   PAD
    0x2000024c        -       0x00000040   Zero   RW          424    .bss                para.o
    0x2000028c        -       0x00002000   Zero   RW          509    .bss                board.o
    0x2000228c        -       0x00000010   Zero   RW          554    .bss                system.o
    0x2000229c        -       0x0000003c   Zero   RW          647    .bss                tim.o
    0x200022d8        -       0x000001ac   Zero   RW          702    .bss                usart_1.o
    0x20002484        -       0x00000190   Zero   RW          958    .bss                idle.o
    0x20002614        -       0x00000080   Zero   RW         1305    .bss                kservice.o
    0x20002694        -       0x00000028   Zero   RW         1459    .bss                mem.o
    0x200026bc        -       0x00000100   Zero   RW         1622    .bss                scheduler.o
    0x200027bc        -       0x00000081   Zero   RW         2118    .bss                shell.o
    0x2000283d   COMPRESSED   0x00000003   PAD
    0x20002840        -       0x00000400   Zero   RW            1    STACK               startup_stm32l031xx.o


==============================================================================

Image component sizes


      Code (inc. data)   RO Data    RW Data    ZI Data      Debug   Object Name

        60          8          0          0       8192       2187   board.o
        98         10          0          4          0       1648   clock.o
      2560        974        449          0          0      17022   cmd.o
        40          0          0          0          0       1081   common.o
       180         30         16          0          0       5190   components.o
       216         32          0          0          0        756   context_rvds.o
       300        168          0         12          0       2890   cpuport.o
       124         20          0          0          0       1537   eeprom.o
       202         26          0          0        400       5178   idle.o
       304          0          0          0          0       6776   ipc.o
        48          8          0          1          0       1430   irq.o
      1416        162        290          0        128      10701   kservice.o
       124          4          0          0          0       1303   led.o
        16          0          0          0          0     292753   main.o
       820        258         17         24         40       4738   mem.o
      1668        222          8          1        100      15075   modbus_asc.o
       582         32          0          4        150       7566   modbus_ascii.o
       784        158         55          0          0       7753   msh.o
       296          4          0        112          0       7848   object.o
       200         10          0         40         64       1435   para.o
       404         58          0         20        256       7418   scheduler.o
       920        140          4         24        129       8736   shell.o
        28          8        192          0       1024        604   startup_stm32l031xx.o
        60         10          0          4          0       2002   stm32l0xx_hal.o
       144         24          0          0          0       8933   stm32l0xx_hal_cortex.o
         0          0          0          0          0       1444   stm32l0xx_hal_flash.o
        72         18          0          0          0       1286   stm32l0xx_hal_flash_ex.o
       382         24          0          0          0       2863   stm32l0xx_hal_gpio.o
       116         20          0          0          0       1627   stm32l0xx_hal_iwdg.o
       484         40          0          0          0       2634   stm32l0xx_hal_rcc.o
       474         10          0          0          0       5778   stm32l0xx_hal_tim.o
       564          4          0          0          0       4389   stm32l0xx_hal_uart.o
       164         24          0          0         16       1899   system.o
        84         18         25          4          0       1119   system_stm32l0xx.o
       548         40         17         52          0       2605   task.o
       720         40          0          0          0      11005   thread.o
       432         66          0         10         60       3406   tim.o
       486         22          0         12          0       9460   timer.o
       784         92          0          4        428       4824   usart_1.o

    ----------------------------------------------------------------------
     16940       2784       1110        336      10992     476899   Object Totals
         0          0         32          0          0          0   (incl. Generated)
        36          0          5          8          5          0   (incl. Padding)

    ----------------------------------------------------------------------

      Code (inc. data)   RO Data    RW Data    ZI Data      Debug   Library Member Name

        86          0          0          0          0          0   __dczerorl2.o
         0          0          0          0          0          0   entry.o
         0          0          0          0          0          0   entry10a.o
         0          0          0          0          0          0   entry11a.o
         8          4          0          0          0          0   entry2.o
         4          0          0          0          0          0   entry5.o
         0          0          0          0          0          0   entry7b.o
         0          0          0          0          0          0   entry8b.o
         8          4          0          0          0          0   entry9a.o
        30          0          0          0          0          0   handlers.o
        40          0          0          0          0         72   idiv.o
        36          8          0          0          0         68   init.o
        32          0          0          0          0         68   llshl.o
        34          0          0          0          0         68   llushr.o
        36          0          0          0          0         60   memcpya.o
        36          0          0          0          0        100   memseta.o
        24          0          0          0          0         60   strcat.o
        28          0          0          0          0         68   strcmp.o
        18          0          0          0          0         60   strcpy.o
        14          0          0          0          0         60   strlen.o
        30          0          0          0          0         72   strncmp.o
        26          0          0          0          0         68   strncpy.o
        44          0          0          0          0         72   uidiv.o
        96          0          0          0          0         84   uldiv.o

    ----------------------------------------------------------------------
       634         16          0          0          0        980   Library Totals
         4          0          0          0          0          0   (incl. Padding)

    ----------------------------------------------------------------------

      Code (inc. data)   RO Data    RW Data    ZI Data      Debug   Library Name

       630         16          0          0          0        980   mc_p.l

    ----------------------------------------------------------------------
       634         16          0          0          0        980   Library Totals

    ----------------------------------------------------------------------

==============================================================================


      Code (inc. data)   RO Data    RW Data    ZI Data      Debug   

     17574       2800       1110        336      10992     469559   Grand Totals
     17574       2800       1110         96      10992     469559   ELF Image Totals (compressed)
     17574       2800       1110         96          0          0   ROM Totals

==============================================================================

    Total RO  Size (Code + RO Data)                18684 (  18.25kB)
    Total RW  Size (RW Data + ZI Data)             11328 (  11.06kB)
    Total ROM Size (Code + RO Data + RW Data)      18780 (  18.34kB)

==============================================================================

