Component: ARM Compiler 5.06 update 6 (build 750) Tool: armlink [4d35ed]

==============================================================================

Section Cross References

    startup_stm32h743xx.o(RESET) refers to startup_stm32h743xx.o(STACK) for __initial_sp
    startup_stm32h743xx.o(RESET) refers to startup_stm32h743xx.o(.text) for Reset_Handler
    startup_stm32h743xx.o(RESET) refers to stm32h7xx_it.o(i.NMI_Handler) for NMI_Handler
    startup_stm32h743xx.o(RESET) refers to stm32h7xx_it.o(i.HardFault_Handler) for HardFault_Handler
    startup_stm32h743xx.o(RESET) refers to stm32h7xx_it.o(i.MemManage_Handler) for MemManage_Handler
    startup_stm32h743xx.o(RESET) refers to stm32h7xx_it.o(i.BusFault_Handler) for BusFault_Handler
    startup_stm32h743xx.o(RESET) refers to stm32h7xx_it.o(i.UsageFault_Handler) for UsageFault_Handler
    startup_stm32h743xx.o(RESET) refers to stm32h7xx_it.o(i.SVC_Handler) for SVC_Handler
    startup_stm32h743xx.o(RESET) refers to stm32h7xx_it.o(i.DebugMon_Handler) for DebugMon_Handler
    startup_stm32h743xx.o(RESET) refers to stm32h7xx_it.o(i.PendSV_Handler) for PendSV_Handler
    startup_stm32h743xx.o(RESET) refers to stm32h7xx_it.o(i.SysTick_Handler) for SysTick_Handler
    startup_stm32h743xx.o(RESET) refers to stm32h7xx_it.o(i.USART1_IRQHandler) for USART1_IRQHandler
    startup_stm32h743xx.o(.text) refers to system_stm32h7xx.o(i.SystemInit) for SystemInit
    startup_stm32h743xx.o(.text) refers to entry.o(.ARM.Collect$$$$00000000) for __main
    main.o(i.SystemClock_Config) refers to memseta.o(.text) for __aeabi_memclr4
    main.o(i.SystemClock_Config) refers to stm32h7xx_hal_pwr_ex.o(i.HAL_PWREx_ConfigSupply) for HAL_PWREx_ConfigSupply
    main.o(i.SystemClock_Config) refers to stm32h7xx_hal_rcc.o(i.HAL_RCC_OscConfig) for HAL_RCC_OscConfig
    main.o(i.SystemClock_Config) refers to stm32h7xx_hal_rcc.o(i.HAL_RCC_ClockConfig) for HAL_RCC_ClockConfig
    main.o(i.SystemClock_Config) refers to stm32h7xx_hal_rcc_ex.o(i.HAL_RCCEx_PeriphCLKConfig) for HAL_RCCEx_PeriphCLKConfig
    main.o(i.fputc) refers to stm32h7xx_hal_uart.o(i.HAL_UART_Transmit) for HAL_UART_Transmit
    main.o(i.fputc) refers to usart.o(.bss) for huart1
    main.o(i.main) refers to stm32h7xx_hal.o(i.HAL_Init) for HAL_Init
    main.o(i.main) refers to main.o(i.SystemClock_Config) for SystemClock_Config
    main.o(i.main) refers to gpio.o(i.MX_GPIO_Init) for MX_GPIO_Init
    main.o(i.main) refers to rng.o(i.MX_RNG_Init) for MX_RNG_Init
    main.o(i.main) refers to usart.o(i.MX_USART1_UART_Init) for MX_USART1_UART_Init
    main.o(i.main) refers to rng.o(i.Filter) for Filter
    main.o(i.main) refers to printf1.o(i.__0printf$1) for __2printf
    main.o(i.main) refers to stm32h7xx_hal.o(i.HAL_Delay) for HAL_Delay
    main.o(i.main) refers to main.o(.data) for .data
    rng.o(i.Filter) refers to rng.o(i.RNG_Get_RandomRange) for RNG_Get_RandomRange
    rng.o(i.Filter) refers to rng.o(.data) for .data
    rng.o(i.Filter) refers to rng.o(.bss) for .bss
    rng.o(i.MX_RNG_Init) refers to stm32h7xx_hal_rng.o(i.HAL_RNG_Init) for HAL_RNG_Init
    rng.o(i.MX_RNG_Init) refers to main.o(i.Error_Handler) for Error_Handler
    rng.o(i.MX_RNG_Init) refers to rng.o(.bss) for .bss
    rng.o(i.RNG_Get_RandomNum) refers to stm32h7xx_hal_rng.o(i.HAL_RNG_GenerateRandomNumber) for HAL_RNG_GenerateRandomNumber
    rng.o(i.RNG_Get_RandomNum) refers to rng.o(.bss) for .bss
    rng.o(i.RNG_Get_RandomRange) refers to stm32h7xx_hal_rng.o(i.HAL_RNG_GenerateRandomNumber) for HAL_RNG_GenerateRandomNumber
    rng.o(i.RNG_Get_RandomRange) refers to rng.o(.bss) for .bss
    usart.o(i.HAL_UART_MspDeInit) refers to stm32h7xx_hal_gpio.o(i.HAL_GPIO_DeInit) for HAL_GPIO_DeInit
    usart.o(i.HAL_UART_MspDeInit) refers to stm32h7xx_hal_cortex.o(i.HAL_NVIC_DisableIRQ) for HAL_NVIC_DisableIRQ
    usart.o(i.HAL_UART_MspInit) refers to memseta.o(.text) for __aeabi_memclr4
    usart.o(i.HAL_UART_MspInit) refers to stm32h7xx_hal_gpio.o(i.HAL_GPIO_Init) for HAL_GPIO_Init
    usart.o(i.HAL_UART_MspInit) refers to stm32h7xx_hal_cortex.o(i.HAL_NVIC_SetPriority) for HAL_NVIC_SetPriority
    usart.o(i.HAL_UART_MspInit) refers to stm32h7xx_hal_cortex.o(i.HAL_NVIC_EnableIRQ) for HAL_NVIC_EnableIRQ
    usart.o(i.MX_USART1_UART_Init) refers to stm32h7xx_hal_uart.o(i.HAL_UART_Init) for HAL_UART_Init
    usart.o(i.MX_USART1_UART_Init) refers to main.o(i.Error_Handler) for Error_Handler
    usart.o(i.MX_USART1_UART_Init) refers to stm32h7xx_hal_uart_ex.o(i.HAL_UARTEx_SetTxFifoThreshold) for HAL_UARTEx_SetTxFifoThreshold
    usart.o(i.MX_USART1_UART_Init) refers to stm32h7xx_hal_uart_ex.o(i.HAL_UARTEx_SetRxFifoThreshold) for HAL_UARTEx_SetRxFifoThreshold
    usart.o(i.MX_USART1_UART_Init) refers to stm32h7xx_hal_uart_ex.o(i.HAL_UARTEx_DisableFifoMode) for HAL_UARTEx_DisableFifoMode
    usart.o(i.MX_USART1_UART_Init) refers to usart.o(.bss) for .bss
    stm32h7xx_it.o(i.SysTick_Handler) refers to stm32h7xx_hal.o(i.HAL_IncTick) for HAL_IncTick
[...]
    Removing stm32h7xx_hal_mdma.o(.rev16_text), (4 bytes).
    Removing stm32h7xx_hal_mdma.o(.revsh_text), (4 bytes).
    Removing stm32h7xx_hal_mdma.o(.rrx_text), (6 bytes).
    Removing stm32h7xx_hal_mdma.o(i.HAL_MDMA_Abort), (116 bytes).
    Removing stm32h7xx_hal_mdma.o(i.HAL_MDMA_Abort_IT), (38 bytes).
    Removing stm32h7xx_hal_mdma.o(i.HAL_MDMA_ConfigPostRequestMask), (88 bytes).
    Removing stm32h7xx_hal_mdma.o(i.HAL_MDMA_DeInit), (86 bytes).
    Removing stm32h7xx_hal_mdma.o(i.HAL_MDMA_GenerateSWRequest), (52 bytes).
    Removing stm32h7xx_hal_mdma.o(i.HAL_MDMA_GetError), (4 bytes).
    Removing stm32h7xx_hal_mdma.o(i.HAL_MDMA_GetState), (6 bytes).
    Removing stm32h7xx_hal_mdma.o(i.HAL_MDMA_IRQHandler), (376 bytes).
    Removing stm32h7xx_hal_mdma.o(i.HAL_MDMA_Init), (94 bytes).
    Removing stm32h7xx_hal_mdma.o(i.HAL_MDMA_LinkedList_AddNode), (208 bytes).
    Removing stm32h7xx_hal_mdma.o(i.HAL_MDMA_LinkedList_CreateNode), (268 bytes).
    Removing stm32h7xx_hal_mdma.o(i.HAL_MDMA_LinkedList_DisableCircularMode), (78 bytes).
    Removing stm32h7xx_hal_mdma.o(i.HAL_MDMA_LinkedList_EnableCircularMode), (78 bytes).
    Removing stm32h7xx_hal_mdma.o(i.HAL_MDMA_LinkedList_RemoveNode), (188 bytes).
    Removing stm32h7xx_hal_mdma.o(i.HAL_MDMA_PollForTransfer), (246 bytes).
    Removing stm32h7xx_hal_mdma.o(i.HAL_MDMA_RegisterCallback), (88 bytes).
    Removing stm32h7xx_hal_mdma.o(i.HAL_MDMA_Start), (102 bytes).
    Removing stm32h7xx_hal_mdma.o(i.HAL_MDMA_Start_IT), (154 bytes).
    Removing stm32h7xx_hal_mdma.o(i.HAL_MDMA_UnRegisterCallback), (104 bytes).
    Removing stm32h7xx_hal_mdma.o(i.MDMA_Init), (176 bytes).
    Removing stm32h7xx_hal_mdma.o(i.MDMA_SetConfig), (128 bytes).
    Removing stm32h7xx_hal_pwr.o(.rev16_text), (4 bytes).
    Removing stm32h7xx_hal_pwr.o(.revsh_text), (4 bytes).
    Removing stm32h7xx_hal_pwr.o(.rrx_text), (6 bytes).
    Removing stm32h7xx_hal_pwr.o(i.HAL_PWR_ConfigPVD), (136 bytes).
    Removing stm32h7xx_hal_pwr.o(i.HAL_PWR_DeInit), (2 bytes).
    Removing stm32h7xx_hal_pwr.o(i.HAL_PWR_DisableBkUpAccess), (16 bytes).
    Removing stm32h7xx_hal_pwr.o(i.HAL_PWR_DisablePVD), (16 bytes).
    Removing stm32h7xx_hal_pwr.o(i.HAL_PWR_DisableSEVOnPend), (16 bytes).
    Removing stm32h7xx_hal_pwr.o(i.HAL_PWR_DisableSleepOnExit), (16 bytes).
    Removing stm32h7xx_hal_pwr.o(i.HAL_PWR_DisableWakeUpPin), (20 bytes).
    Removing stm32h7xx_hal_pwr.o(i.HAL_PWR_EnableBkUpAccess), (16 bytes).
    Removing stm32h7xx_hal_pwr.o(i.HAL_PWR_EnablePVD), (16 bytes).
    Removing stm32h7xx_hal_pwr.o(i.HAL_PWR_EnableSEVOnPend), (16 bytes).
    Removing stm32h7xx_hal_pwr.o(i.HAL_PWR_EnableSleepOnExit), (16 bytes).
    Removing stm32h7xx_hal_pwr.o(i.HAL_PWR_EnableWakeUpPin), (24 bytes).
    Removing stm32h7xx_hal_pwr.o(i.HAL_PWR_EnterSLEEPMode), (28 bytes).
    Removing stm32h7xx_hal_pwr.o(i.HAL_PWR_EnterSTANDBYMode), (48 bytes).
    Removing stm32h7xx_hal_pwr.o(i.HAL_PWR_EnterSTOPMode), (80 bytes).
    Removing stm32h7xx_hal_pwr.o(i.HAL_PWR_PVDCallback), (2 bytes).
    Removing stm32h7xx_hal_pwr.o(i.HAL_PWR_PVD_IRQHandler), (34 bytes).
    Removing stm32h7xx_hal_pwr_ex.o(.rev16_text), (4 bytes).
    Removing stm32h7xx_hal_pwr_ex.o(.revsh_text), (4 bytes).
    Removing stm32h7xx_hal_pwr_ex.o(.rrx_text), (6 bytes).
    Removing stm32h7xx_hal_pwr_ex.o(i.HAL_PWREx_AVDCallback), (2 bytes).
    Removing stm32h7xx_hal_pwr_ex.o(i.HAL_PWREx_ClearPendingEvent), (4 bytes).
    Removing stm32h7xx_hal_pwr_ex.o(i.HAL_PWREx_ClearWakeupFlag), (28 bytes).
    Removing stm32h7xx_hal_pwr_ex.o(i.HAL_PWREx_ConfigAVD), (132 bytes).
    Removing stm32h7xx_hal_pwr_ex.o(i.HAL_PWREx_ConfigD3Domain), (20 bytes).
    Removing stm32h7xx_hal_pwr_ex.o(i.HAL_PWREx_ControlStopModeVoltageScaling), (20 bytes).
    Removing stm32h7xx_hal_pwr_ex.o(i.HAL_PWREx_ControlVoltageScaling), (204 bytes).
    Removing stm32h7xx_hal_pwr_ex.o(i.HAL_PWREx_DisableAVD), (16 bytes).
    Removing stm32h7xx_hal_pwr_ex.o(i.HAL_PWREx_DisableBatteryCharging), (16 bytes).
    Removing stm32h7xx_hal_pwr_ex.o(i.HAL_PWREx_DisableBkUpReg), (56 bytes).
    Removing stm32h7xx_hal_pwr_ex.o(i.HAL_PWREx_DisableFlashPowerDown), (16 bytes).
    Removing stm32h7xx_hal_pwr_ex.o(i.HAL_PWREx_DisableMonitoring), (16 bytes).
    Removing stm32h7xx_hal_pwr_ex.o(i.HAL_PWREx_DisableUSBReg), (56 bytes).
    Removing stm32h7xx_hal_pwr_ex.o(i.HAL_PWREx_DisableUSBVoltageDetector), (16 bytes).
    Removing stm32h7xx_hal_pwr_ex.o(i.HAL_PWREx_DisableWakeUpPin), (16 bytes).
    Removing stm32h7xx_hal_pwr_ex.o(i.HAL_PWREx_EnableAVD), (16 bytes).
    Removing stm32h7xx_hal_pwr_ex.o(i.HAL_PWREx_EnableBatteryCharging), (28 bytes).
    Removing stm32h7xx_hal_pwr_ex.o(i.HAL_PWREx_EnableBkUpReg), (56 bytes).
    Removing stm32h7xx_hal_pwr_ex.o(i.HAL_PWREx_EnableFlashPowerDown), (16 bytes).
    Removing stm32h7xx_hal_pwr_ex.o(i.HAL_PWREx_EnableMonitoring), (16 bytes).
    Removing stm32h7xx_hal_pwr_ex.o(i.HAL_PWREx_EnableUSBReg), (56 bytes).
    Removing stm32h7xx_hal_pwr_ex.o(i.HAL_PWREx_EnableUSBVoltageDetector), (16 bytes).
    Removing stm32h7xx_hal_pwr_ex.o(i.HAL_PWREx_EnableWakeUpPin), (136 bytes).
    Removing stm32h7xx_hal_pwr_ex.o(i.HAL_PWREx_EnterSTANDBYMode), (56 bytes).
    Removing stm32h7xx_hal_pwr_ex.o(i.HAL_PWREx_EnterSTOPMode), (100 bytes).
    Removing stm32h7xx_hal_pwr_ex.o(i.HAL_PWREx_GetStopModeVoltageRange), (16 bytes).
    Removing stm32h7xx_hal_pwr_ex.o(i.HAL_PWREx_GetSupplyConfig), (16 bytes).
    Removing stm32h7xx_hal_pwr_ex.o(i.HAL_PWREx_GetTemperatureLevel), (32 bytes).
    Removing stm32h7xx_hal_pwr_ex.o(i.HAL_PWREx_GetVBATLevel), (32 bytes).
    Removing stm32h7xx_hal_pwr_ex.o(i.HAL_PWREx_GetVoltageRange), (16 bytes).
    Removing stm32h7xx_hal_pwr_ex.o(i.HAL_PWREx_GetWakeupFlag), (12 bytes).
    Removing stm32h7xx_hal_pwr_ex.o(i.HAL_PWREx_PVD_AVD_IRQHandler), (80 bytes).
    Removing stm32h7xx_hal_pwr_ex.o(i.HAL_PWREx_WAKEUP_PIN_IRQHandler), (124 bytes).
    Removing stm32h7xx_hal_pwr_ex.o(i.HAL_PWREx_WKUP1_Callback), (2 bytes).
    Removing stm32h7xx_hal_pwr_ex.o(i.HAL_PWREx_WKUP2_Callback), (2 bytes).
    Removing stm32h7xx_hal_pwr_ex.o(i.HAL_PWREx_WKUP3_Callback), (2 bytes).
    Removing stm32h7xx_hal_pwr_ex.o(i.HAL_PWREx_WKUP4_Callback), (2 bytes).
    Removing stm32h7xx_hal_pwr_ex.o(i.HAL_PWREx_WKUP5_Callback), (2 bytes).
    Removing stm32h7xx_hal_pwr_ex.o(i.HAL_PWREx_WKUP6_Callback), (2 bytes).
    Removing stm32h7xx_hal.o(.rev16_text), (4 bytes).
    Removing stm32h7xx_hal.o(.revsh_text), (4 bytes).
    Removing stm32h7xx_hal.o(.rrx_text), (6 bytes).
    Removing stm32h7xx_hal.o(i.HAL_DBGMCU_DisableDBGSleepMode), (16 bytes).
    Removing stm32h7xx_hal.o(i.HAL_DBGMCU_DisableDBGStandbyMode), (16 bytes).
    Removing stm32h7xx_hal.o(i.HAL_DBGMCU_DisableDBGStopMode), (16 bytes).
    Removing stm32h7xx_hal.o(i.HAL_DBGMCU_EnableDBGSleepMode), (16 bytes).
    Removing stm32h7xx_hal.o(i.HAL_DBGMCU_EnableDBGStandbyMode), (16 bytes).
    Removing stm32h7xx_hal.o(i.HAL_DBGMCU_EnableDBGStopMode), (16 bytes).
    Removing stm32h7xx_hal.o(i.HAL_DeInit), (80 bytes).
    Removing stm32h7xx_hal.o(i.HAL_DisableCompensationCell), (16 bytes).
    Removing stm32h7xx_hal.o(i.HAL_DisableDomain3DBGStandbyMode), (16 bytes).
    Removing stm32h7xx_hal.o(i.HAL_DisableDomain3DBGStopMode), (16 bytes).
    Removing stm32h7xx_hal.o(i.HAL_EXTI_D1_ClearFlag), (22 bytes).
    Removing stm32h7xx_hal.o(i.HAL_EXTI_D1_EventInputConfig), (66 bytes).
    Removing stm32h7xx_hal.o(i.HAL_EXTI_D3_EventInputConfig), (70 bytes).
    Removing stm32h7xx_hal.o(i.HAL_EXTI_EdgeConfig), (58 bytes).
    Removing stm32h7xx_hal.o(i.HAL_EXTI_GenerateSWInterrupt), (24 bytes).
    Removing stm32h7xx_hal.o(i.HAL_EnableCompensationCell), (16 bytes).
    Removing stm32h7xx_hal.o(i.HAL_EnableDomain3DBGStandbyMode), (16 bytes).
    Removing stm32h7xx_hal.o(i.HAL_EnableDomain3DBGStopMode), (16 bytes).
    Removing stm32h7xx_hal.o(i.HAL_GetDEVID), (16 bytes).
    Removing stm32h7xx_hal.o(i.HAL_GetFMCMemorySwappingConfig), (16 bytes).
    Removing stm32h7xx_hal.o(i.HAL_GetHalVersion), (6 bytes).
    Removing stm32h7xx_hal.o(i.HAL_GetTickFreq), (12 bytes).
    Removing stm32h7xx_hal.o(i.HAL_GetTickPrio), (12 bytes).
    Removing stm32h7xx_hal.o(i.HAL_GetUIDw0), (12 bytes).
    Removing stm32h7xx_hal.o(i.HAL_GetUIDw1), (12 bytes).
    Removing stm32h7xx_hal.o(i.HAL_GetUIDw2), (12 bytes).
    Removing stm32h7xx_hal.o(i.HAL_MspDeInit), (2 bytes).
    Removing stm32h7xx_hal.o(i.HAL_MspInit), (2 bytes).
    Removing stm32h7xx_hal.o(i.HAL_ResumeTick), (14 bytes).
    Removing stm32h7xx_hal.o(i.HAL_SYSCFG_AnalogSwitchConfig), (16 bytes).
    Removing stm32h7xx_hal.o(i.HAL_SYSCFG_CM7BootAddConfig), (36 bytes).
    Removing stm32h7xx_hal.o(i.HAL_SYSCFG_CompensationCodeConfig), (24 bytes).
    Removing stm32h7xx_hal.o(i.HAL_SYSCFG_CompensationCodeSelect), (20 bytes).
    Removing stm32h7xx_hal.o(i.HAL_SYSCFG_DisableBOOST), (16 bytes).
    Removing stm32h7xx_hal.o(i.HAL_SYSCFG_DisableIOSpeedOptimize), (16 bytes).
    Removing stm32h7xx_hal.o(i.HAL_SYSCFG_DisableVREFBUF), (16 bytes).
    Removing stm32h7xx_hal.o(i.HAL_SYSCFG_ETHInterfaceSelect), (20 bytes).
    Removing stm32h7xx_hal.o(i.HAL_SYSCFG_EnableBOOST), (16 bytes).
    Removing stm32h7xx_hal.o(i.HAL_SYSCFG_EnableIOSpeedOptimize), (16 bytes).
    Removing stm32h7xx_hal.o(i.HAL_SYSCFG_EnableVREFBUF), (48 bytes).
    Removing stm32h7xx_hal.o(i.HAL_SYSCFG_VREFBUF_HighImpedanceConfig), (20 bytes).
    Removing stm32h7xx_hal.o(i.HAL_SYSCFG_VREFBUF_TrimmingConfig), (20 bytes).
    Removing stm32h7xx_hal.o(i.HAL_SYSCFG_VREFBUF_VoltageScalingConfig), (20 bytes).
    Removing stm32h7xx_hal.o(i.HAL_SetFMCMemorySwappingConfig), (20 bytes).
    Removing stm32h7xx_hal.o(i.HAL_SetTickFreq), (36 bytes).
    Removing stm32h7xx_hal.o(i.HAL_SuspendTick), (14 bytes).
    Removing stm32h7xx_hal_i2c.o(.rev16_text), (4 bytes).
    Removing stm32h7xx_hal_i2c.o(.revsh_text), (4 bytes).
    Removing stm32h7xx_hal_i2c.o(.rrx_text), (6 bytes).
    Removing stm32h7xx_hal_i2c.o(i.HAL_I2C_AbortCpltCallback), (2 bytes).
    Removing stm32h7xx_hal_i2c.o(i.HAL_I2C_AddrCallback), (2 bytes).
    Removing stm32h7xx_hal_i2c.o(i.HAL_I2C_DeInit), (52 bytes).
    Removing stm32h7xx_hal_i2c.o(i.HAL_I2C_DisableListen_IT), (54 bytes).
    Removing stm32h7xx_hal_i2c.o(i.HAL_I2C_ER_IRQHandler), (104 bytes).
    Removing stm32h7xx_hal_i2c.o(i.HAL_I2C_EV_IRQHandler), (16 bytes).
    Removing stm32h7xx_hal_i2c.o(i.HAL_I2C_EnableListen_IT), (40 bytes).
    Removing stm32h7xx_hal_i2c.o(i.HAL_I2C_ErrorCallback), (2 bytes).
    Removing stm32h7xx_hal_i2c.o(i.HAL_I2C_GetError), (4 bytes).
    Removing stm32h7xx_hal_i2c.o(i.HAL_I2C_GetMode), (6 bytes).
    Removing stm32h7xx_hal_i2c.o(i.HAL_I2C_GetState), (6 bytes).
    Removing stm32h7xx_hal_i2c.o(i.HAL_I2C_Init), (184 bytes).
    Removing stm32h7xx_hal_i2c.o(i.HAL_I2C_IsDeviceReady), (304 bytes).
    Removing stm32h7xx_hal_i2c.o(i.HAL_I2C_ListenCpltCallback), (2 bytes).
    Removing stm32h7xx_hal_i2c.o(i.HAL_I2C_MasterRxCpltCallback), (2 bytes).
    Removing stm32h7xx_hal_i2c.o(i.HAL_I2C_MasterTxCpltCallback), (2 bytes).
    Removing stm32h7xx_hal_i2c.o(i.HAL_I2C_Master_Abort_IT), (124 bytes).
    Removing stm32h7xx_hal_i2c.o(i.HAL_I2C_Master_Receive), (292 bytes).
    Removing stm32h7xx_hal_i2c.o(i.HAL_I2C_Master_Receive_DMA), (300 bytes).
    Removing stm32h7xx_hal_i2c.o(i.HAL_I2C_Master_Receive_IT), (132 bytes).
    Removing stm32h7xx_hal_i2c.o(i.HAL_I2C_Master_Seq_Receive_DMA), (324 bytes).
    Removing stm32h7xx_hal_i2c.o(i.HAL_I2C_Master_Seq_Receive_IT), (160 bytes).
    Removing stm32h7xx_hal_i2c.o(i.HAL_I2C_Master_Seq_Transmit_DMA), (324 bytes).
    Removing stm32h7xx_hal_i2c.o(i.HAL_I2C_Master_Seq_Transmit_IT), (160 bytes).
    Removing stm32h7xx_hal_i2c.o(i.HAL_I2C_Master_Transmit), (292 bytes).
    Removing stm32h7xx_hal_i2c.o(i.HAL_I2C_Master_Transmit_DMA), (308 bytes).
    Removing stm32h7xx_hal_i2c.o(i.HAL_I2C_Master_Transmit_IT), (132 bytes).
    Removing stm32h7xx_hal_i2c.o(i.HAL_I2C_MemRxCpltCallback), (2 bytes).
    Removing stm32h7xx_hal_i2c.o(i.HAL_I2C_MemTxCpltCallback), (2 bytes).
    Removing stm32h7xx_hal_i2c.o(i.HAL_I2C_Mem_Read), (356 bytes).
    Removing stm32h7xx_hal_i2c.o(i.HAL_I2C_Mem_Read_DMA), (304 bytes).
    Removing stm32h7xx_hal_i2c.o(i.HAL_I2C_Mem_Read_IT), (196 bytes).
    Removing stm32h7xx_hal_i2c.o(i.HAL_I2C_Mem_Write), (344 bytes).
    Removing stm32h7xx_hal_i2c.o(i.HAL_I2C_Mem_Write_DMA), (296 bytes).
    Removing stm32h7xx_hal_i2c.o(i.HAL_I2C_Mem_Write_IT), (188 bytes).
    Removing stm32h7xx_hal_i2c.o(i.HAL_I2C_MspDeInit), (2 bytes).
    Removing stm32h7xx_hal_i2c.o(i.HAL_I2C_MspInit), (2 bytes).
    Removing stm32h7xx_hal_i2c.o(i.HAL_I2C_SlaveRxCpltCallback), (2 bytes).
    Removing stm32h7xx_hal_i2c.o(i.HAL_I2C_SlaveTxCpltCallback), (2 bytes).
    Removing stm32h7xx_hal_i2c.o(i.HAL_I2C_Slave_Receive), (296 bytes).
    Removing stm32h7xx_hal_i2c.o(i.HAL_I2C_Slave_Receive_DMA), (232 bytes).
    Removing stm32h7xx_hal_i2c.o(i.HAL_I2C_Slave_Receive_IT), (96 bytes).
    Removing stm32h7xx_hal_i2c.o(i.HAL_I2C_Slave_Seq_Receive_DMA), (360 bytes).
    Removing stm32h7xx_hal_i2c.o(i.HAL_I2C_Slave_Seq_Receive_IT), (200 bytes).
    Removing stm32h7xx_hal_i2c.o(i.HAL_I2C_Slave_Seq_Transmit_DMA), (356 bytes).
    Removing stm32h7xx_hal_i2c.o(i.HAL_I2C_Slave_Seq_Transmit_IT), (200 bytes).
    Removing stm32h7xx_hal_i2c.o(i.HAL_I2C_Slave_Transmit), (304 bytes).
    Removing stm32h7xx_hal_i2c.o(i.HAL_I2C_Slave_Transmit_DMA), (224 bytes).
    Removing stm32h7xx_hal_i2c.o(i.HAL_I2C_Slave_Transmit_IT), (96 bytes).
    Removing stm32h7xx_hal_i2c.o(i.I2C_ConvertOtherXferOptions), (26 bytes).
    Removing stm32h7xx_hal_i2c.o(i.I2C_DMAAbort), (20 bytes).
    Removing stm32h7xx_hal_i2c.o(i.I2C_DMAError), (332 bytes).
    Removing stm32h7xx_hal_i2c.o(i.I2C_DMAMasterReceiveCplt), (82 bytes).
    Removing stm32h7xx_hal_i2c.o(i.I2C_DMAMasterTransmitCplt), (82 bytes).
    Removing stm32h7xx_hal_i2c.o(i.I2C_DMASlaveReceiveCplt), (164 bytes).
    Removing stm32h7xx_hal_i2c.o(i.I2C_DMASlaveTransmitCplt), (30 bytes).
    Removing stm32h7xx_hal_i2c.o(i.I2C_Disable_IRQ), (96 bytes).
    Removing stm32h7xx_hal_i2c.o(i.I2C_Enable_IRQ), (104 bytes).
    Removing stm32h7xx_hal_i2c.o(i.I2C_Flush_TXDR), (34 bytes).
    Removing stm32h7xx_hal_i2c.o(i.I2C_ITAddrCplt), (148 bytes).
    Removing stm32h7xx_hal_i2c.o(i.I2C_ITError), (248 bytes).
    Removing stm32h7xx_hal_i2c.o(i.I2C_ITListenCplt), (100 bytes).
    Removing stm32h7xx_hal_i2c.o(i.I2C_ITMasterCplt), (244 bytes).
    Removing stm32h7xx_hal_i2c.o(i.I2C_ITMasterSeqCplt), (80 bytes).
    Removing stm32h7xx_hal_i2c.o(i.I2C_ITSlaveCplt), (460 bytes).
    Removing stm32h7xx_hal_i2c.o(i.I2C_ITSlaveSeqCplt), (114 bytes).
    Removing stm32h7xx_hal_i2c.o(i.I2C_IsAcknowledgeFailed), (136 bytes).
    Removing stm32h7xx_hal_i2c.o(i.I2C_Master_ISR_DMA), (272 bytes).
    Removing stm32h7xx_hal_i2c.o(i.I2C_Master_ISR_IT), (296 bytes).
    Removing stm32h7xx_hal_i2c.o(i.I2C_RequestMemoryRead), (100 bytes).
    Removing stm32h7xx_hal_i2c.o(i.I2C_RequestMemoryWrite), (100 bytes).
    Removing stm32h7xx_hal_i2c.o(i.I2C_Slave_ISR_DMA), (532 bytes).
    Removing stm32h7xx_hal_i2c.o(i.I2C_Slave_ISR_IT), (288 bytes).
    Removing stm32h7xx_hal_i2c.o(i.I2C_TransferConfig), (44 bytes).
    Removing stm32h7xx_hal_i2c.o(i.I2C_TreatErrorCallback), (42 bytes).
    Removing stm32h7xx_hal_i2c.o(i.I2C_WaitOnFlagUntilTimeout), (90 bytes).
    Removing stm32h7xx_hal_i2c.o(i.I2C_WaitOnRXNEFlagUntilTimeout), (136 bytes).
    Removing stm32h7xx_hal_i2c.o(i.I2C_WaitOnSTOPFlagUntilTimeout), (78 bytes).
    Removing stm32h7xx_hal_i2c.o(i.I2C_WaitOnTXISFlagUntilTimeout), (82 bytes).
    Removing stm32h7xx_hal_i2c_ex.o(.rev16_text), (4 bytes).
    Removing stm32h7xx_hal_i2c_ex.o(.revsh_text), (4 bytes).
    Removing stm32h7xx_hal_i2c_ex.o(.rrx_text), (6 bytes).
    Removing stm32h7xx_hal_i2c_ex.o(i.HAL_I2CEx_ConfigAnalogFilter), (88 bytes).
    Removing stm32h7xx_hal_i2c_ex.o(i.HAL_I2CEx_ConfigDigitalFilter), (84 bytes).
    Removing stm32h7xx_hal_i2c_ex.o(i.HAL_I2CEx_DisableFastModePlus), (40 bytes).
    Removing stm32h7xx_hal_i2c_ex.o(i.HAL_I2CEx_DisableWakeUp), (80 bytes).
    Removing stm32h7xx_hal_i2c_ex.o(i.HAL_I2CEx_EnableFastModePlus), (40 bytes).
    Removing stm32h7xx_hal_i2c_ex.o(i.HAL_I2CEx_EnableWakeUp), (80 bytes).
    Removing stm32h7xx_hal_exti.o(.rev16_text), (4 bytes).
    Removing stm32h7xx_hal_exti.o(.revsh_text), (4 bytes).
    Removing stm32h7xx_hal_exti.o(.rrx_text), (6 bytes).
    Removing stm32h7xx_hal_exti.o(i.HAL_EXTI_ClearConfigLine), (200 bytes).
    Removing stm32h7xx_hal_exti.o(i.HAL_EXTI_ClearPending), (28 bytes).
    Removing stm32h7xx_hal_exti.o(i.HAL_EXTI_GenerateSWI), (28 bytes).
    Removing stm32h7xx_hal_exti.o(i.HAL_EXTI_GetConfigLine), (248 bytes).
    Removing stm32h7xx_hal_exti.o(i.HAL_EXTI_GetHandle), (12 bytes).
    Removing stm32h7xx_hal_exti.o(i.HAL_EXTI_GetPending), (32 bytes).
    Removing stm32h7xx_hal_exti.o(i.HAL_EXTI_IRQHandler), (48 bytes).
    Removing stm32h7xx_hal_exti.o(i.HAL_EXTI_RegisterCallback), (18 bytes).
    Removing stm32h7xx_hal_exti.o(i.HAL_EXTI_SetConfigLine), (268 bytes).
    Removing stm32h7xx_hal_tim.o(.rev16_text), (4 bytes).
    Removing stm32h7xx_hal_tim.o(.revsh_text), (4 bytes).
    Removing stm32h7xx_hal_tim.o(.rrx_text), (6 bytes).
    Removing stm32h7xx_hal_tim_ex.o(.rev16_text), (4 bytes).
    Removing stm32h7xx_hal_tim_ex.o(.revsh_text), (4 bytes).
    Removing stm32h7xx_hal_tim_ex.o(.rrx_text), (6 bytes).
    Removing stm32h7xx_hal_uart.o(.rev16_text), (4 bytes).
    Removing stm32h7xx_hal_uart.o(.revsh_text), (4 bytes).
    Removing stm32h7xx_hal_uart.o(.rrx_text), (6 bytes).
    Removing stm32h7xx_hal_uart.o(i.HAL_HalfDuplex_EnableReceiver), (62 bytes).
    Removing stm32h7xx_hal_uart.o(i.HAL_HalfDuplex_EnableTransmitter), (62 bytes).
    Removing stm32h7xx_hal_uart.o(i.HAL_HalfDuplex_Init), (116 bytes).
    Removing stm32h7xx_hal_uart.o(i.HAL_LIN_Init), (140 bytes).
    Removing stm32h7xx_hal_uart.o(i.HAL_LIN_SendBreak), (50 bytes).
    Removing stm32h7xx_hal_uart.o(i.HAL_MultiProcessor_DisableMuteMode), (44 bytes).
    Removing stm32h7xx_hal_uart.o(i.HAL_MultiProcessor_EnableMuteMode), (44 bytes).
    Removing stm32h7xx_hal_uart.o(i.HAL_MultiProcessor_EnterMuteMode), (12 bytes).
    Removing stm32h7xx_hal_uart.o(i.HAL_MultiProcessor_Init), (138 bytes).
    Removing stm32h7xx_hal_uart.o(i.HAL_UART_Abort), (184 bytes).
    Removing stm32h7xx_hal_uart.o(i.HAL_UART_AbortCpltCallback), (2 bytes).
    Removing stm32h7xx_hal_uart.o(i.HAL_UART_AbortReceive), (112 bytes).
    Removing stm32h7xx_hal_uart.o(i.HAL_UART_AbortReceiveCpltCallback), (2 bytes).
    Removing stm32h7xx_hal_uart.o(i.HAL_UART_AbortReceive_IT), (124 bytes).
    Removing stm32h7xx_hal_uart.o(i.HAL_UART_AbortTransmit), (110 bytes).
    Removing stm32h7xx_hal_uart.o(i.HAL_UART_AbortTransmitCpltCallback), (2 bytes).
    Removing stm32h7xx_hal_uart.o(i.HAL_UART_AbortTransmit_IT), (120 bytes).
    Removing stm32h7xx_hal_uart.o(i.HAL_UART_Abort_IT), (220 bytes).
    Removing stm32h7xx_hal_uart.o(i.HAL_UART_DMAPause), (100 bytes).
    Removing stm32h7xx_hal_uart.o(i.HAL_UART_DMAResume), (92 bytes).
    Removing stm32h7xx_hal_uart.o(i.HAL_UART_DMAStop), (118 bytes).
    Removing stm32h7xx_hal_uart.o(i.HAL_UART_DeInit), (66 bytes).
    Removing stm32h7xx_hal_uart.o(i.HAL_UART_DisableReceiverTimeout), (76 bytes).
    Removing stm32h7xx_hal_uart.o(i.HAL_UART_EnableReceiverTimeout), (76 bytes).
    Removing stm32h7xx_hal_uart.o(i.HAL_UART_GetError), (6 bytes).
    Removing stm32h7xx_hal_uart.o(i.HAL_UART_GetState), (14 bytes).
    Removing stm32h7xx_hal_uart.o(i.HAL_UART_MspDeInit), (2 bytes).
    Removing stm32h7xx_hal_uart.o(i.HAL_UART_MspInit), (2 bytes).
    Removing stm32h7xx_hal_uart.o(i.HAL_UART_Receive), (248 bytes).
    Removing stm32h7xx_hal_uart.o(i.HAL_UART_Receive_DMA), (164 bytes).
    Removing stm32h7xx_hal_uart.o(i.HAL_UART_Receive_IT), (248 bytes).
    Removing stm32h7xx_hal_uart.o(i.HAL_UART_ReceiverTimeout_Config), (24 bytes).
    Removing stm32h7xx_hal_uart.o(i.HAL_UART_RxCpltCallback), (2 bytes).
    Removing stm32h7xx_hal_uart.o(i.HAL_UART_RxHalfCpltCallback), (2 bytes).
    Removing stm32h7xx_hal_uart.o(i.HAL_UART_Transmit_DMA), (156 bytes).
    Removing stm32h7xx_hal_uart.o(i.HAL_UART_Transmit_IT), (156 bytes).
    Removing stm32h7xx_hal_uart.o(i.HAL_UART_TxHalfCpltCallback), (2 bytes).
    Removing stm32h7xx_hal_uart.o(i.UART_DMAError), (78 bytes).
    Removing stm32h7xx_hal_uart.o(i.UART_DMAReceiveCplt), (60 bytes).
    Removing stm32h7xx_hal_uart.o(i.UART_DMARxAbortCallback), (64 bytes).
    Removing stm32h7xx_hal_uart.o(i.UART_DMARxHalfCplt), (10 bytes).
    Removing stm32h7xx_hal_uart.o(i.UART_DMARxOnlyAbortCallback), (38 bytes).
    Removing stm32h7xx_hal_uart.o(i.UART_DMATransmitCplt), (46 bytes).
    Removing stm32h7xx_hal_uart.o(i.UART_DMATxAbortCallback), (72 bytes).
    Removing stm32h7xx_hal_uart.o(i.UART_DMATxHalfCplt), (10 bytes).
    Removing stm32h7xx_hal_uart.o(i.UART_DMATxOnlyAbortCallback), (40 bytes).
    Removing stm32h7xx_hal_uart.o(i.UART_EndTxTransfer), (28 bytes).
    Removing stm32h7xx_hal_uart.o(i.UART_RxISR_16BIT), (94 bytes).
    Removing stm32h7xx_hal_uart.o(i.UART_RxISR_16BIT_FIFOEN), (164 bytes).
    Removing stm32h7xx_hal_uart.o(i.UART_RxISR_8BIT), (94 bytes).
    Removing stm32h7xx_hal_uart.o(i.UART_RxISR_8BIT_FIFOEN), (164 bytes).
    Removing stm32h7xx_hal_uart.o(i.UART_TxISR_16BIT), (66 bytes).
    Removing stm32h7xx_hal_uart.o(i.UART_TxISR_16BIT_FIFOEN), (88 bytes).
    Removing stm32h7xx_hal_uart.o(i.UART_TxISR_8BIT), (62 bytes).
    Removing stm32h7xx_hal_uart.o(i.UART_TxISR_8BIT_FIFOEN), (84 bytes).
    Removing stm32h7xx_hal_uart_ex.o(.rev16_text), (4 bytes).
    Removing stm32h7xx_hal_uart_ex.o(.revsh_text), (4 bytes).
    Removing stm32h7xx_hal_uart_ex.o(.rrx_text), (6 bytes).
    Removing stm32h7xx_hal_uart_ex.o(i.HAL_MultiProcessorEx_AddressLength_Set), (48 bytes).
    Removing stm32h7xx_hal_uart_ex.o(i.HAL_RS485Ex_Init), (140 bytes).
    Removing stm32h7xx_hal_uart_ex.o(i.HAL_UARTEx_DisableStopMode), (38 bytes).
    Removing stm32h7xx_hal_uart_ex.o(i.HAL_UARTEx_EnableFifoMode), (72 bytes).
    Removing stm32h7xx_hal_uart_ex.o(i.HAL_UARTEx_EnableStopMode), (38 bytes).
    Removing stm32h7xx_hal_uart_ex.o(i.HAL_UARTEx_StopModeWakeUpSourceConfig), (140 bytes).
    Removing system_stm32h7xx.o(.rev16_text), (4 bytes).
    Removing system_stm32h7xx.o(.revsh_text), (4 bytes).
    Removing system_stm32h7xx.o(.rrx_text), (6 bytes).
    Removing system_stm32h7xx.o(i.SystemCoreClockUpdate), (328 bytes).
    Removing dadd.o(.text), (334 bytes).
    Removing dmul.o(.text), (228 bytes).
    Removing ddiv.o(.text), (222 bytes).
    Removing dfixul.o(.text), (48 bytes).
    Removing cdrcmple.o(.text), (48 bytes).
    Removing depilogue.o(.text), (186 bytes).

504 unused section(s) (total 44402 bytes) removed from the image.

==============================================================================

Image Symbol Table

    Local Symbols

    Symbol Name                              Value     Ov Type        Size  Object(Section)

    ../Drivers/STM32H7xx_HAL_Driver/Src/stm32h7xx_hal.c 0x00000000   Number         0  stm32h7xx_hal.o ABSOLUTE
    ../Drivers/STM32H7xx_HAL_Driver/Src/stm32h7xx_hal_cortex.c 0x00000000   Number         0  stm32h7xx_hal_cortex.o ABSOLUTE
    ../Drivers/STM32H7xx_HAL_Driver/Src/stm32h7xx_hal_dma.c 0x00000000   Number         0  stm32h7xx_hal_dma.o ABSOLUTE
    ../Drivers/STM32H7xx_HAL_Driver/Src/stm32h7xx_hal_dma_ex.c 0x00000000   Number         0  stm32h7xx_hal_dma_ex.o ABSOLUTE
    ../Drivers/STM32H7xx_HAL_Driver/Src/stm32h7xx_hal_exti.c 0x00000000   Number         0  stm32h7xx_hal_exti.o ABSOLUTE
    ../Drivers/STM32H7xx_HAL_Driver/Src/stm32h7xx_hal_flash.c 0x00000000   Number         0  stm32h7xx_hal_flash.o ABSOLUTE
    ../Drivers/STM32H7xx_HAL_Driver/Src/stm32h7xx_hal_flash_ex.c 0x00000000   Number         0  stm32h7xx_hal_flash_ex.o ABSOLUTE
    ../Drivers/STM32H7xx_HAL_Driver/Src/stm32h7xx_hal_gpio.c 0x00000000   Number         0  stm32h7xx_hal_gpio.o ABSOLUTE
    ../Drivers/STM32H7xx_HAL_Driver/Src/stm32h7xx_hal_hsem.c 0x00000000   Number         0  stm32h7xx_hal_hsem.o ABSOLUTE
    ../Drivers/STM32H7xx_HAL_Driver/Src/stm32h7xx_hal_i2c.c 0x00000000   Number         0  stm32h7xx_hal_i2c.o ABSOLUTE
    ../Drivers/STM32H7xx_HAL_Driver/Src/stm32h7xx_hal_i2c_ex.c 0x00000000   Number         0  stm32h7xx_hal_i2c_ex.o ABSOLUTE
    ../Drivers/STM32H7xx_HAL_Driver/Src/stm32h7xx_hal_mdma.c 0x00000000   Number         0  stm32h7xx_hal_mdma.o ABSOLUTE
    ../Drivers/STM32H7xx_HAL_Driver/Src/stm32h7xx_hal_pwr.c 0x00000000   Number         0  stm32h7xx_hal_pwr.o ABSOLUTE
    ../Drivers/STM32H7xx_HAL_Driver/Src/stm32h7xx_hal_pwr_ex.c 0x00000000   Number         0  stm32h7xx_hal_pwr_ex.o ABSOLUTE
    ../Drivers/STM32H7xx_HAL_Driver/Src/stm32h7xx_hal_rcc.c 0x00000000   Number         0  stm32h7xx_hal_rcc.o ABSOLUTE
    ../Drivers/STM32H7xx_HAL_Driver/Src/stm32h7xx_hal_rcc_ex.c 0x00000000   Number         0  stm32h7xx_hal_rcc_ex.o ABSOLUTE
    ../Drivers/STM32H7xx_HAL_Driver/Src/stm32h7xx_hal_rng.c 0x00000000   Number         0  stm32h7xx_hal_rng.o ABSOLUTE
    ../Drivers/STM32H7xx_HAL_Driver/Src/stm32h7xx_hal_rng_ex.c 0x00000000   Number         0  stm32h7xx_hal_rng_ex.o ABSOLUTE
    ../Drivers/STM32H7xx_HAL_Driver/Src/stm32h7xx_hal_tim.c 0x00000000   Number         0  stm32h7xx_hal_tim.o ABSOLUTE
    ../Drivers/STM32H7xx_HAL_Driver/Src/stm32h7xx_hal_tim_ex.c 0x00000000   Number         0  stm32h7xx_hal_tim_ex.o ABSOLUTE
    ../Drivers/STM32H7xx_HAL_Driver/Src/stm32h7xx_hal_uart.c 0x00000000   Number         0  stm32h7xx_hal_uart.o ABSOLUTE
    ../Drivers/STM32H7xx_HAL_Driver/Src/stm32h7xx_hal_uart_ex.c 0x00000000   Number         0  stm32h7xx_hal_uart_ex.o ABSOLUTE
    ../Src/gpio.c                            0x00000000   Number         0  gpio.o ABSOLUTE
    ../Src/main.c                            0x00000000   Number         0  main.o ABSOLUTE
    ../Src/rng.c                             0x00000000   Number         0  rng.o ABSOLUTE
    ../Src/stm32h7xx_hal_msp.c               0x00000000   Number         0  stm32h7xx_hal_msp.o ABSOLUTE
    ../Src/stm32h7xx_it.c                    0x00000000   Number         0  stm32h7xx_it.o ABSOLUTE
    ../Src/system_stm32h7xx.c                0x00000000   Number         0  system_stm32h7xx.o ABSOLUTE
    ../Src/usart.c                           0x00000000   Number         0  usart.o ABSOLUTE
    ../clib/microlib/division.c              0x00000000   Number         0  uidiv.o ABSOLUTE
    ../clib/microlib/division.c              0x00000000   Number         0  uldiv.o ABSOLUTE
    ../clib/microlib/init/entry.s            0x00000000   Number         0  entry.o ABSOLUTE
    ../clib/microlib/init/entry.s            0x00000000   Number         0  entry11b.o ABSOLUTE
    ../clib/microlib/init/entry.s            0x00000000   Number         0  entry11a.o ABSOLUTE
    ../clib/microlib/init/entry.s            0x00000000   Number         0  entry10b.o ABSOLUTE
    ../clib/microlib/init/entry.s            0x00000000   Number         0  entry10a.o ABSOLUTE
    ../clib/microlib/init/entry.s            0x00000000   Number         0  entry9b.o ABSOLUTE
    ../clib/microlib/init/entry.s            0x00000000   Number         0  entry8b.o ABSOLUTE
    ../clib/microlib/init/entry.s            0x00000000   Number         0  entry8a.o ABSOLUTE
    ../clib/microlib/init/entry.s            0x00000000   Number         0  entry7b.o ABSOLUTE
    ../clib/microlib/init/entry.s            0x00000000   Number         0  entry9a.o ABSOLUTE
    ../clib/microlib/init/entry.s            0x00000000   Number         0  entry7a.o ABSOLUTE
    ../clib/microlib/init/entry.s            0x00000000   Number         0  entry5.o ABSOLUTE
    ../clib/microlib/init/entry.s            0x00000000   Number         0  entry2.o ABSOLUTE
    ../clib/microlib/longlong.c              0x00000000   Number         0  llsshr.o ABSOLUTE
    ../clib/microlib/longlong.c              0x00000000   Number         0  llshl.o ABSOLUTE
    ../clib/microlib/longlong.c              0x00000000   Number         0  llushr.o ABSOLUTE
    ../clib/microlib/printf/printf.c         0x00000000   Number         0  printfb.o ABSOLUTE
    ../clib/microlib/printf/printf.c         0x00000000   Number         0  printfa.o ABSOLUTE
    ../clib/microlib/printf/printf.c         0x00000000   Number         0  printf8.o ABSOLUTE
    ../clib/microlib/printf/printf.c         0x00000000   Number         0  printf7.o ABSOLUTE
    ../clib/microlib/printf/printf.c         0x00000000   Number         0  printf6.o ABSOLUTE
    ../clib/microlib/printf/printf.c         0x00000000   Number         0  printf5.o ABSOLUTE
    ../clib/microlib/printf/printf.c         0x00000000   Number         0  printf4.o ABSOLUTE
    ../clib/microlib/printf/printf.c         0x00000000   Number         0  printf3.o ABSOLUTE
    ../clib/microlib/printf/printf.c         0x00000000   Number         0  printf2.o ABSOLUTE
    ../clib/microlib/printf/printf.c         0x00000000   Number         0  printf1.o ABSOLUTE
    ../clib/microlib/printf/printf.c         0x00000000   Number         0  printf0.o ABSOLUTE
    ../clib/microlib/printf/stubs.s          0x00000000   Number         0  stubs.o ABSOLUTE
    ../clib/microlib/stdio/streams.c         0x00000000   Number         0  stdout.o ABSOLUTE
    ../clib/microlib/string/memset.c         0x00000000   Number         0  memseta.o ABSOLUTE
    ../clib/microlib/stubs.s                 0x00000000   Number         0  iusefp.o ABSOLUTE
    ../fplib/microlib/fpadd.c                0x00000000   Number         0  dadd.o ABSOLUTE
    ../fplib/microlib/fpdiv.c                0x00000000   Number         0  ddiv.o ABSOLUTE
    ../fplib/microlib/fpepilogue.c           0x00000000   Number         0  depilogue.o ABSOLUTE
    ../fplib/microlib/fpfix.c                0x00000000   Number         0  dfixul.o ABSOLUTE
    ../fplib/microlib/fpmul.c                0x00000000   Number         0  dmul.o ABSOLUTE
    ..\Drivers\STM32H7xx_HAL_Driver\Src\stm32h7xx_hal.c 0x00000000   Number         0  stm32h7xx_hal.o ABSOLUTE
    ..\Drivers\STM32H7xx_HAL_Driver\Src\stm32h7xx_hal_cortex.c 0x00000000   Number         0  stm32h7xx_hal_cortex.o ABSOLUTE
    ..\Drivers\STM32H7xx_HAL_Driver\Src\stm32h7xx_hal_dma.c 0x00000000   Number         0  stm32h7xx_hal_dma.o ABSOLUTE
    ..\Drivers\STM32H7xx_HAL_Driver\Src\stm32h7xx_hal_dma_ex.c 0x00000000   Number         0  stm32h7xx_hal_dma_ex.o ABSOLUTE
    ..\Drivers\STM32H7xx_HAL_Driver\Src\stm32h7xx_hal_exti.c 0x00000000   Number         0  stm32h7xx_hal_exti.o ABSOLUTE
    ..\Drivers\STM32H7xx_HAL_Driver\Src\stm32h7xx_hal_flash.c 0x00000000   Number         0  stm32h7xx_hal_flash.o ABSOLUTE
    ..\Drivers\STM32H7xx_HAL_Driver\Src\stm32h7xx_hal_flash_ex.c 0x00000000   Number         0  stm32h7xx_hal_flash_ex.o ABSOLUTE
    ..\Drivers\STM32H7xx_HAL_Driver\Src\stm32h7xx_hal_gpio.c 0x00000000   Number         0  stm32h7xx_hal_gpio.o ABSOLUTE
    ..\Drivers\STM32H7xx_HAL_Driver\Src\stm32h7xx_hal_hsem.c 0x00000000   Number         0  stm32h7xx_hal_hsem.o ABSOLUTE
    ..\Drivers\STM32H7xx_HAL_Driver\Src\stm32h7xx_hal_i2c.c 0x00000000   Number         0  stm32h7xx_hal_i2c.o ABSOLUTE
    ..\Drivers\STM32H7xx_HAL_Driver\Src\stm32h7xx_hal_i2c_ex.c 0x00000000   Number         0  stm32h7xx_hal_i2c_ex.o ABSOLUTE
    ..\Drivers\STM32H7xx_HAL_Driver\Src\stm32h7xx_hal_mdma.c 0x00000000   Number         0  stm32h7xx_hal_mdma.o ABSOLUTE
    ..\Drivers\STM32H7xx_HAL_Driver\Src\stm32h7xx_hal_pwr.c 0x00000000   Number         0  stm32h7xx_hal_pwr.o ABSOLUTE
    ..\Drivers\STM32H7xx_HAL_Driver\Src\stm32h7xx_hal_pwr_ex.c 0x00000000   Number         0  stm32h7xx_hal_pwr_ex.o ABSOLUTE
    ..\Drivers\STM32H7xx_HAL_Driver\Src\stm32h7xx_hal_rcc.c 0x00000000   Number         0  stm32h7xx_hal_rcc.o ABSOLUTE
    ..\Drivers\STM32H7xx_HAL_Driver\Src\stm32h7xx_hal_rcc_ex.c 0x00000000   Number         0  stm32h7xx_hal_rcc_ex.o ABSOLUTE
    ..\Drivers\STM32H7xx_HAL_Driver\Src\stm32h7xx_hal_rng.c 0x00000000   Number         0  stm32h7xx_hal_rng.o ABSOLUTE
    ..\Drivers\STM32H7xx_HAL_Driver\Src\stm32h7xx_hal_rng_ex.c 0x00000000   Number         0  stm32h7xx_hal_rng_ex.o ABSOLUTE
    ..\Drivers\STM32H7xx_HAL_Driver\Src\stm32h7xx_hal_tim.c 0x00000000   Number         0  stm32h7xx_hal_tim.o ABSOLUTE
    ..\Drivers\STM32H7xx_HAL_Driver\Src\stm32h7xx_hal_tim_ex.c 0x00000000   Number         0  stm32h7xx_hal_tim_ex.o ABSOLUTE
    ..\Drivers\STM32H7xx_HAL_Driver\Src\stm32h7xx_hal_uart.c 0x00000000   Number         0  stm32h7xx_hal_uart.o ABSOLUTE
    ..\Drivers\STM32H7xx_HAL_Driver\Src\stm32h7xx_hal_uart_ex.c 0x00000000   Number         0  stm32h7xx_hal_uart_ex.o ABSOLUTE
    ..\Src\gpio.c                            0x00000000   Number         0  gpio.o ABSOLUTE
    ..\Src\main.c                            0x00000000   Number         0  main.o ABSOLUTE
    ..\Src\rng.c                             0x00000000   Number         0  rng.o ABSOLUTE
    ..\Src\stm32h7xx_hal_msp.c               0x00000000   Number         0  stm32h7xx_hal_msp.o ABSOLUTE
    ..\Src\stm32h7xx_it.c                    0x00000000   Number         0  stm32h7xx_it.o ABSOLUTE
    ..\Src\system_stm32h7xx.c                0x00000000   Number         0  system_stm32h7xx.o ABSOLUTE
    ..\Src\usart.c                           0x00000000   Number         0  usart.o ABSOLUTE
    cdrcmple.s                               0x00000000   Number         0  cdrcmple.o ABSOLUTE
    dc.s                                     0x00000000   Number         0  dc.o ABSOLUTE
    handlers.s                               0x00000000   Number         0  handlers.o ABSOLUTE
    init.s                                   0x00000000   Number         0  init.o ABSOLUTE
    startup_stm32h743xx.s                    0x00000000   Number         0  startup_stm32h743xx.o ABSOLUTE
    RESET                                    0x08000000   Section      664  startup_stm32h743xx.o(RESET)
    .ARM.Collect$$$$00000000                 0x08000298   Section        0  entry.o(.ARM.Collect$$$$00000000)
    .ARM.Collect$$$$00000001                 0x08000298   Section        4  entry2.o(.ARM.Collect$$$$00000001)
    .ARM.Collect$$$$00000004                 0x0800029c   Section        4  entry5.o(.ARM.Collect$$$$00000004)
    .ARM.Collect$$$$00000008                 0x080002a0   Section        0  entry7b.o(.ARM.Collect$$$$00000008)
    .ARM.Collect$$$$0000000A                 0x080002a0   Section        0  entry8b.o(.ARM.Collect$$$$0000000A)
    .ARM.Collect$$$$0000000B                 0x080002a0   Section        8  entry9a.o(.ARM.Collect$$$$0000000B)
    .ARM.Collect$$$$0000000D                 0x080002a8   Section        0  entry10a.o(.ARM.Collect$$$$0000000D)
    .ARM.Collect$$$$0000000F                 0x080002a8   Section        0  entry11a.o(.ARM.Collect$$$$0000000F)
    .ARM.Collect$$$$00002712                 0x080002a8   Section        4  entry2.o(.ARM.Collect$$$$00002712)
    __lit__00000000                          0x080002a8   Data           4  entry2.o(.ARM.Collect$$$$00002712)
    .text                                    0x080002ac   Section       36  startup_stm32h743xx.o(.text)
    $v0                                      0x080002ac   Number         0  startup_stm32h743xx.o(.text)
    .text                                    0x080002d0   Section        0  uldiv.o(.text)
    .text                                    0x08000332   Section        0  memseta.o(.text)
    .text                                    0x08000356   Section        0  uidiv.o(.text)
    .text                                    0x08000382   Section        0  llshl.o(.text)
    .text                                    0x080003a0   Section        0  llushr.o(.text)
    .text                                    0x080003c0   Section       36  init.o(.text)
    i.BusFault_Handler                       0x080003e4   Section        0  stm32h7xx_it.o(i.BusFault_Handler)
    i.DebugMon_Handler                       0x080003e6   Section        0  stm32h7xx_it.o(i.DebugMon_Handler)
    i.Error_Handler                          0x080003e8   Section        0  main.o(i.Error_Handler)
    i.Filter                                 0x080003ec   Section        0  rng.o(i.Filter)
    i.HAL_DMA_Abort_IT                       0x0800042c   Section        0  stm32h7xx_hal_dma.o(i.HAL_DMA_Abort_IT)
    i.HAL_Delay                              0x080006b0   Section        0  stm32h7xx_hal.o(i.HAL_Delay)
    i.HAL_GPIO_Init                          0x080006d4   Section        0  stm32h7xx_hal_gpio.o(i.HAL_GPIO_Init)
    i.HAL_GetREVID                           0x08000904   Section        0  stm32h7xx_hal.o(i.HAL_GetREVID)
    i.HAL_GetTick                            0x08000910   Section        0  stm32h7xx_hal.o(i.HAL_GetTick)
    i.HAL_IncTick                            0x0800091c   Section        0  stm32h7xx_hal.o(i.HAL_IncTick)
    i.HAL_Init                               0x0800092c   Section        0  stm32h7xx_hal.o(i.HAL_Init)
    i.HAL_InitTick                           0x08000988   Section        0  stm32h7xx_hal.o(i.HAL_InitTick)
    i.HAL_MspInit                            0x080009c8   Section        0  stm32h7xx_hal_msp.o(i.HAL_MspInit)
    i.HAL_NVIC_EnableIRQ                     0x080009e4   Section        0  stm32h7xx_hal_cortex.o(i.HAL_NVIC_EnableIRQ)
    i.HAL_NVIC_SetPriority                   0x08000a00   Section        0  stm32h7xx_hal_cortex.o(i.HAL_NVIC_SetPriority)
    i.HAL_NVIC_SetPriorityGrouping           0x08000a40   Section        0  stm32h7xx_hal_cortex.o(i.HAL_NVIC_SetPriorityGrouping)
    i.HAL_PWREx_ConfigSupply                 0x08000a64   Section        0  stm32h7xx_hal_pwr_ex.o(i.HAL_PWREx_ConfigSupply)
    i.HAL_RCCEx_GetD3PCLK1Freq               0x08000ab8   Section        0  stm32h7xx_hal_rcc_ex.o(i.HAL_RCCEx_GetD3PCLK1Freq)
    i.HAL_RCCEx_GetPLL2ClockFreq             0x08000adc   Section        0  stm32h7xx_hal_rcc_ex.o(i.HAL_RCCEx_GetPLL2ClockFreq)
    i.HAL_RCCEx_GetPLL3ClockFreq             0x08000c20   Section        0  stm32h7xx_hal_rcc_ex.o(i.HAL_RCCEx_GetPLL3ClockFreq)
    i.HAL_RCCEx_PeriphCLKConfig              0x08000d64   Section        0  stm32h7xx_hal_rcc_ex.o(i.HAL_RCCEx_PeriphCLKConfig)
    i.HAL_RCC_ClockConfig                    0x08001600   Section        0  stm32h7xx_hal_rcc.o(i.HAL_RCC_ClockConfig)
    i.HAL_RCC_GetHCLKFreq                    0x0800185c   Section        0  stm32h7xx_hal_rcc.o(i.HAL_RCC_GetHCLKFreq)
    i.HAL_RCC_GetPCLK1Freq                   0x080018a0   Section        0  stm32h7xx_hal_rcc.o(i.HAL_RCC_GetPCLK1Freq)
    i.HAL_RCC_GetPCLK2Freq                   0x080018c4   Section        0  stm32h7xx_hal_rcc.o(i.HAL_RCC_GetPCLK2Freq)
    i.HAL_RCC_GetSysClockFreq                0x080018e8   Section        0  stm32h7xx_hal_rcc.o(i.HAL_RCC_GetSysClockFreq)
    i.HAL_RCC_OscConfig                      0x08001a20   Section        0  stm32h7xx_hal_rcc.o(i.HAL_RCC_OscConfig)
    i.HAL_RNG_GenerateRandomNumber           0x08001f0c   Section        0  stm32h7xx_hal_rng.o(i.HAL_RNG_GenerateRandomNumber)
    i.HAL_RNG_Init                           0x08001f80   Section        0  stm32h7xx_hal_rng.o(i.HAL_RNG_Init)
    i.HAL_RNG_MspInit                        0x08001ffc   Section        0  rng.o(i.HAL_RNG_MspInit)
    i.HAL_SYSTICK_Config                     0x08002024   Section        0  stm32h7xx_hal_cortex.o(i.HAL_SYSTICK_Config)
    i.HAL_UARTEx_DisableFifoMode             0x0800204a   Section        0  stm32h7xx_hal_uart_ex.o(i.HAL_UARTEx_DisableFifoMode)
    i.HAL_UARTEx_RxFifoFullCallback          0x0800208a   Section        0  stm32h7xx_hal_uart_ex.o(i.HAL_UARTEx_RxFifoFullCallback)
    i.HAL_UARTEx_SetRxFifoThreshold          0x0800208c   Section        0  stm32h7xx_hal_uart_ex.o(i.HAL_UARTEx_SetRxFifoThreshold)
    i.HAL_UARTEx_SetTxFifoThreshold          0x080020d8   Section        0  stm32h7xx_hal_uart_ex.o(i.HAL_UARTEx_SetTxFifoThreshold)
    i.HAL_UARTEx_TxFifoEmptyCallback         0x08002124   Section        0  stm32h7xx_hal_uart_ex.o(i.HAL_UARTEx_TxFifoEmptyCallback)
    i.HAL_UARTEx_WakeupCallback              0x08002126   Section        0  stm32h7xx_hal_uart_ex.o(i.HAL_UARTEx_WakeupCallback)
    i.HAL_UART_ErrorCallback                 0x08002128   Section        0  stm32h7xx_hal_uart.o(i.HAL_UART_ErrorCallback)
    i.HAL_UART_IRQHandler                    0x0800212c   Section        0  stm32h7xx_hal_uart.o(i.HAL_UART_IRQHandler)
    i.HAL_UART_Init                          0x080022ec   Section        0  stm32h7xx_hal_uart.o(i.HAL_UART_Init)
    i.HAL_UART_MspInit                       0x08002358   Section        0  usart.o(i.HAL_UART_MspInit)
    i.HAL_UART_Transmit                      0x080023d0   Section        0  stm32h7xx_hal_uart.o(i.HAL_UART_Transmit)
    i.HAL_UART_TxCpltCallback                0x0800248e   Section        0  stm32h7xx_hal_uart.o(i.HAL_UART_TxCpltCallback)
    i.HardFault_Handler                      0x08002490   Section        0  stm32h7xx_it.o(i.HardFault_Handler)
    i.MX_GPIO_Init                           0x08002494   Section        0  gpio.o(i.MX_GPIO_Init)
    i.MX_RNG_Init                            0x080024c0   Section        0  rng.o(i.MX_RNG_Init)
    i.MX_USART1_UART_Init                    0x080024e8   Section        0  usart.o(i.MX_USART1_UART_Init)
    i.MemManage_Handler                      0x08002550   Section        0  stm32h7xx_it.o(i.MemManage_Handler)
    i.NMI_Handler                            0x08002552   Section        0  stm32h7xx_it.o(i.NMI_Handler)
    i.PendSV_Handler                         0x08002554   Section        0  stm32h7xx_it.o(i.PendSV_Handler)
    i.RCCEx_PLL2_Config                      0x08002558   Section        0  stm32h7xx_hal_rcc_ex.o(i.RCCEx_PLL2_Config)
    RCCEx_PLL2_Config                        0x08002559   Thumb Code   284  stm32h7xx_hal_rcc_ex.o(i.RCCEx_PLL2_Config)
    i.RCCEx_PLL3_Config                      0x08002678   Section        0  stm32h7xx_hal_rcc_ex.o(i.RCCEx_PLL3_Config)
    RCCEx_PLL3_Config                        0x08002679   Thumb Code   284  stm32h7xx_hal_rcc_ex.o(i.RCCEx_PLL3_Config)
    i.RNG_Get_RandomRange                    0x08002798   Section        0  rng.o(i.RNG_Get_RandomRange)
    i.SVC_Handler                            0x080027bc   Section        0  stm32h7xx_it.o(i.SVC_Handler)
    i.SysTick_Handler                        0x080027be   Section        0  stm32h7xx_it.o(i.SysTick_Handler)
    i.SystemClock_Config                     0x080027c4   Section        0  main.o(i.SystemClock_Config)
    i.SystemInit                             0x0800287c   Section        0  system_stm32h7xx.o(i.SystemInit)
    i.UARTEx_SetNbDataToProcess              0x08002918   Section        0  stm32h7xx_hal_uart_ex.o(i.UARTEx_SetNbDataToProcess)
    UARTEx_SetNbDataToProcess                0x08002919   Thumb Code    82  stm32h7xx_hal_uart_ex.o(i.UARTEx_SetNbDataToProcess)
    i.UART_AdvFeatureConfig                  0x0800297c   Section        0  stm32h7xx_hal_uart.o(i.UART_AdvFeatureConfig)
    i.UART_CheckIdleState                    0x08002a44   Section        0  stm32h7xx_hal_uart.o(i.UART_CheckIdleState)
    i.UART_DMAAbortOnError                   0x08002aa2   Section        0  stm32h7xx_hal_uart.o(i.UART_DMAAbortOnError)
    UART_DMAAbortOnError                     0x08002aa3   Thumb Code    20  stm32h7xx_hal_uart.o(i.UART_DMAAbortOnError)
    i.UART_EndRxTransfer                     0x08002ab8   Section        0  stm32h7xx_hal_uart.o(i.UART_EndRxTransfer)
    UART_EndRxTransfer                       0x08002ab9   Thumb Code    34  stm32h7xx_hal_uart.o(i.UART_EndRxTransfer)
    i.UART_SetConfig                         0x08002ae0   Section        0  stm32h7xx_hal_uart.o(i.UART_SetConfig)
    i.UART_WaitOnFlagUntilTimeout            0x080036f0   Section        0  stm32h7xx_hal_uart.o(i.UART_WaitOnFlagUntilTimeout)
    i.USART1_IRQHandler                      0x08003794   Section        0  stm32h7xx_it.o(i.USART1_IRQHandler)
    i.UsageFault_Handler                     0x080037a0   Section        0  stm32h7xx_it.o(i.UsageFault_Handler)
    i.__0printf$1                            0x080037a4   Section        0  printf1.o(i.__0printf$1)
    i.__NVIC_SetPriority                     0x080037c4   Section        0  stm32h7xx_hal_cortex.o(i.__NVIC_SetPriority)
    __NVIC_SetPriority                       0x080037c5   Thumb Code    34  stm32h7xx_hal_cortex.o(i.__NVIC_SetPriority)
    i.__scatterload_copy                     0x080037e6   Section       14  handlers.o(i.__scatterload_copy)
    i.__scatterload_null                     0x080037f4   Section        2  handlers.o(i.__scatterload_null)
    i.__scatterload_zeroinit                 0x080037f6   Section       14  handlers.o(i.__scatterload_zeroinit)
    i._printf_core                           0x08003804   Section        0  printf1.o(i._printf_core)
    _printf_core                             0x08003805   Thumb Code   336  printf1.o(i._printf_core)
    i.fputc                                  0x08003958   Section        0  main.o(i.fputc)
    i.main                                   0x08003970   Section        0  main.o(i.main)
    .constdata                               0x080039ac   Section       16  system_stm32h7xx.o(.constdata)
    .data                                    0x24000000   Section        4  main.o(.data)
    .data                                    0x24000004   Section        4  rng.o(.data)
    .data                                    0x24000008   Section       12  stm32h7xx_hal.o(.data)
    .data                                    0x24000014   Section        8  system_stm32h7xx.o(.data)
    .data                                    0x2400001c   Section        4  stdout.o(.data)
    .bss                                     0x24000020   Section       72  rng.o(.bss)
    .bss                                     0x24000068   Section      140  usart.o(.bss)
    STACK                                    0x240000f8   Section     1024  startup_stm32h743xx.o(STACK)

    Global Symbols

    Symbol Name                              Value     Ov Type        Size  Object(Section)

    BuildAttributes$$THM_ISAv4$E$P$D$K$B$S$7EM$VFPv5_D16$PE$PLD8$A:L22UL41UL21$X:L11$S22US41US21$IEEE1$IW$USESV6$~STKCKD$USESV7$~SHL$OSPACE$ROPI$EBA8$MICROLIB$REQ8$PRES8$EABIv2 0x00000000   Number         0  anon$$obj.o ABSOLUTE
    __ARM_use_no_argv                        0x00000000   Number         0  main.o ABSOLUTE
    _printf_a                                0x00000000   Number         0  stubs.o ABSOLUTE
    _printf_c                                0x00000000   Number         0  stubs.o ABSOLUTE
    _printf_charcount                        0x00000000   Number         0  stubs.o ABSOLUTE
    _printf_d                                0x00000000   Number         0  stubs.o ABSOLUTE
    _printf_e                                0x00000000   Number         0  stubs.o ABSOLUTE
    _printf_f                                0x00000000   Number         0  stubs.o ABSOLUTE
    _printf_flags                            0x00000000   Number         0  stubs.o ABSOLUTE
    _printf_fp_dec                           0x00000000   Number         0  stubs.o ABSOLUTE
    _printf_fp_hex                           0x00000000   Number         0  stubs.o ABSOLUTE
    _printf_g                                0x00000000   Number         0  stubs.o ABSOLUTE
    _printf_i                                0x00000000   Number         0  stubs.o ABSOLUTE
    _printf_int_dec                          0x00000000   Number         0  stubs.o ABSOLUTE
    _printf_l                                0x00000000   Number         0  stubs.o ABSOLUTE
    _printf_lc                               0x00000000   Number         0  stubs.o ABSOLUTE
    _printf_ll                               0x00000000   Number         0  stubs.o ABSOLUTE
    _printf_lld                              0x00000000   Number         0  stubs.o ABSOLUTE
    _printf_lli                              0x00000000   Number         0  stubs.o ABSOLUTE
    _printf_llo                              0x00000000   Number         0  stubs.o ABSOLUTE
    _printf_llu                              0x00000000   Number         0  stubs.o ABSOLUTE
    _printf_llx                              0x00000000   Number         0  stubs.o ABSOLUTE
    _printf_longlong_dec                     0x00000000   Number         0  stubs.o ABSOLUTE
    _printf_longlong_hex                     0x00000000   Number         0  stubs.o ABSOLUTE
    _printf_longlong_oct                     0x00000000   Number         0  stubs.o ABSOLUTE
    _printf_ls                               0x00000000   Number         0  stubs.o ABSOLUTE
    _printf_mbtowc                           0x00000000   Number         0  stubs.o ABSOLUTE
    _printf_n                                0x00000000   Number         0  stubs.o ABSOLUTE
    _printf_o                                0x00000000   Number         0  stubs.o ABSOLUTE
    _printf_p                                0x00000000   Number         0  stubs.o ABSOLUTE
    _printf_percent                          0x00000000   Number         0  stubs.o ABSOLUTE
    _printf_pre_padding                      0x00000000   Number         0  stubs.o ABSOLUTE
    _printf_return_value                     0x00000000   Number         0  stubs.o ABSOLUTE
    _printf_s                                0x00000000   Number         0  stubs.o ABSOLUTE
    _printf_sizespec                         0x00000000   Number         0  stubs.o ABSOLUTE
    _printf_str                              0x00000000   Number         0  stubs.o ABSOLUTE
    _printf_truncate_signed                  0x00000000   Number         0  stubs.o ABSOLUTE
    _printf_truncate_unsigned                0x00000000   Number         0  stubs.o ABSOLUTE
    _printf_u                                0x00000000   Number         0  stubs.o ABSOLUTE
    _printf_wc                               0x00000000   Number         0  stubs.o ABSOLUTE
    _printf_wctomb                           0x00000000   Number         0  stubs.o ABSOLUTE
    _printf_widthprec                        0x00000000   Number         0  stubs.o ABSOLUTE
    _printf_x                                0x00000000   Number         0  stubs.o ABSOLUTE
    __cpp_initialize__aeabi_                  - Undefined Weak Reference
    __cxa_finalize                            - Undefined Weak Reference
    __decompress                              - Undefined Weak Reference
    _clock_init                               - Undefined Weak Reference
    _microlib_exit                            - Undefined Weak Reference
    __Vectors_Size                           0x00000298   Number         0  startup_stm32h743xx.o ABSOLUTE
    __Vectors                                0x08000000   Data           4  startup_stm32h743xx.o(RESET)
    __Vectors_End                            0x08000298   Data           0  startup_stm32h743xx.o(RESET)
    __main                                   0x08000299   Thumb Code     0  entry.o(.ARM.Collect$$$$00000000)
    _main_stk                                0x08000299   Thumb Code     0  entry2.o(.ARM.Collect$$$$00000001)
    _main_scatterload                        0x0800029d   Thumb Code     0  entry5.o(.ARM.Collect$$$$00000004)
    __main_after_scatterload                 0x080002a1   Thumb Code     0  entry5.o(.ARM.Collect$$$$00000004)
    _main_clock                              0x080002a1   Thumb Code     0  entry7b.o(.ARM.Collect$$$$00000008)
    _main_cpp_init                           0x080002a1   Thumb Code     0  entry8b.o(.ARM.Collect$$$$0000000A)
    _main_init                               0x080002a1   Thumb Code     0  entry9a.o(.ARM.Collect$$$$0000000B)
    __rt_final_cpp                           0x080002a9   Thumb Code     0  entry10a.o(.ARM.Collect$$$$0000000D)
    __rt_final_exit                          0x080002a9   Thumb Code     0  entry11a.o(.ARM.Collect$$$$0000000F)
    Reset_Handler                            0x080002ad   Thumb Code     8  startup_stm32h743xx.o(.text)
    ADC3_IRQHandler                          0x080002c7   Thumb Code     0  startup_stm32h743xx.o(.text)
    ADC_IRQHandler                           0x080002c7   Thumb Code     0  startup_stm32h743xx.o(.text)
    BDMA_Channel0_IRQHandler                 0x080002c7   Thumb Code     0  startup_stm32h743xx.o(.text)
    BDMA_Channel1_IRQHandler                 0x080002c7   Thumb Code     0  startup_stm32h743xx.o(.text)
    BDMA_Channel2_IRQHandler                 0x080002c7   Thumb Code     0  startup_stm32h743xx.o(.text)
    BDMA_Channel3_IRQHandler                 0x080002c7   Thumb Code     0  startup_stm32h743xx.o(.text)
    BDMA_Channel4_IRQHandler                 0x080002c7   Thumb Code     0  startup_stm32h743xx.o(.text)
    BDMA_Channel5_IRQHandler                 0x080002c7   Thumb Code     0  startup_stm32h743xx.o(.text)
    BDMA_Channel6_IRQHandler                 0x080002c7   Thumb Code     0  startup_stm32h743xx.o(.text)
    BDMA_Channel7_IRQHandler                 0x080002c7   Thumb Code     0  startup_stm32h743xx.o(.text)
    CEC_IRQHandler                           0x080002c7   Thumb Code     0  startup_stm32h743xx.o(.text)
    COMP1_IRQHandler                         0x080002c7   Thumb Code     0  startup_stm32h743xx.o(.text)
    CRS_IRQHandler                           0x080002c7   Thumb Code     0  startup_stm32h743xx.o(.text)
    DCMI_IRQHandler                          0x080002c7   Thumb Code     0  startup_stm32h743xx.o(.text)
    DFSDM1_FLT0_IRQHandler                   0x080002c7   Thumb Code     0  startup_stm32h743xx.o(.text)
    DFSDM1_FLT1_IRQHandler                   0x080002c7   Thumb Code     0  startup_stm32h743xx.o(.text)
    DFSDM1_FLT2_IRQHandler                   0x080002c7   Thumb Code     0  startup_stm32h743xx.o(.text)
    DFSDM1_FLT3_IRQHandler                   0x080002c7   Thumb Code     0  startup_stm32h743xx.o(.text)
    DMA1_Stream0_IRQHandler                  0x080002c7   Thumb Code     0  startup_stm32h743xx.o(.text)
    DMA1_Stream1_IRQHandler                  0x080002c7   Thumb Code     0  startup_stm32h743xx.o(.text)
    DMA1_Stream2_IRQHandler                  0x080002c7   Thumb Code     0  startup_stm32h743xx.o(.text)
    DMA1_Stream3_IRQHandler                  0x080002c7   Thumb Code     0  startup_stm32h743xx.o(.text)
    DMA1_Stream4_IRQHandler                  0x080002c7   Thumb Code     0  startup_stm32h743xx.o(.text)
    DMA1_Stream5_IRQHandler                  0x080002c7   Thumb Code     0  startup_stm32h743xx.o(.text)
    DMA1_Stream6_IRQHandler                  0x080002c7   Thumb Code     0  startup_stm32h743xx.o(.text)
    DMA1_Stream7_IRQHandler                  0x080002c7   Thumb Code     0  startup_stm32h743xx.o(.text)
    DMA2D_IRQHandler                         0x080002c7   Thumb Code     0  startup_stm32h743xx.o(.text)
    DMA2_Stream0_IRQHandler                  0x080002c7   Thumb Code     0  startup_stm32h743xx.o(.text)
    DMA2_Stream1_IRQHandler                  0x080002c7   Thumb Code     0  startup_stm32h743xx.o(.text)
    DMA2_Stream2_IRQHandler                  0x080002c7   Thumb Code     0  startup_stm32h743xx.o(.text)
    DMA2_Stream3_IRQHandler                  0x080002c7   Thumb Code     0  startup_stm32h743xx.o(.text)
    DMA2_Stream4_IRQHandler                  0x080002c7   Thumb Code     0  startup_stm32h743xx.o(.text)
    DMA2_Stream5_IRQHandler                  0x080002c7   Thumb Code     0  startup_stm32h743xx.o(.text)
    DMA2_Stream6_IRQHandler                  0x080002c7   Thumb Code     0  startup_stm32h743xx.o(.text)
    DMA2_Stream7_IRQHandler                  0x080002c7   Thumb Code     0  startup_stm32h743xx.o(.text)
    DMAMUX1_OVR_IRQHandler                   0x080002c7   Thumb Code     0  startup_stm32h743xx.o(.text)
    DMAMUX2_OVR_IRQHandler                   0x080002c7   Thumb Code     0  startup_stm32h743xx.o(.text)
    ECC_IRQHandler                           0x080002c7   Thumb Code     0  startup_stm32h743xx.o(.text)
    ETH_IRQHandler                           0x080002c7   Thumb Code     0  startup_stm32h743xx.o(.text)
    ETH_WKUP_IRQHandler                      0x080002c7   Thumb Code     0  startup_stm32h743xx.o(.text)
    EXTI0_IRQHandler                         0x080002c7   Thumb Code     0  startup_stm32h743xx.o(.text)
    EXTI15_10_IRQHandler                     0x080002c7   Thumb Code     0  startup_stm32h743xx.o(.text)
    EXTI1_IRQHandler                         0x080002c7   Thumb Code     0  startup_stm32h743xx.o(.text)
    EXTI2_IRQHandler                         0x080002c7   Thumb Code     0  startup_stm32h743xx.o(.text)
    EXTI3_IRQHandler                         0x080002c7   Thumb Code     0  startup_stm32h743xx.o(.text)
    EXTI4_IRQHandler                         0x080002c7   Thumb Code     0  startup_stm32h743xx.o(.text)
    EXTI9_5_IRQHandler                       0x080002c7   Thumb Code     0  startup_stm32h743xx.o(.text)
    FDCAN1_IT0_IRQHandler                    0x080002c7   Thumb Code     0  startup_stm32h743xx.o(.text)
    FDCAN1_IT1_IRQHandler                    0x080002c7   Thumb Code     0  startup_stm32h743xx.o(.text)
    FDCAN2_IT0_IRQHandler                    0x080002c7   Thumb Code     0  startup_stm32h743xx.o(.text)
    FDCAN2_IT1_IRQHandler                    0x080002c7   Thumb Code     0  startup_stm32h743xx.o(.text)
    FDCAN_CAL_IRQHandler                     0x080002c7   Thumb Code     0  startup_stm32h743xx.o(.text)
    FLASH_IRQHandler                         0x080002c7   Thumb Code     0  startup_stm32h743xx.o(.text)
    FMC_IRQHandler                           0x080002c7   Thumb Code     0  startup_stm32h743xx.o(.text)
    FPU_IRQHandler                           0x080002c7   Thumb Code     0  startup_stm32h743xx.o(.text)
    HRTIM1_FLT_IRQHandler                    0x080002c7   Thumb Code     0  startup_stm32h743xx.o(.text)
    HRTIM1_Master_IRQHandler                 0x080002c7   Thumb Code     0  startup_stm32h743xx.o(.text)
    HRTIM1_TIMA_IRQHandler                   0x080002c7   Thumb Code     0  startup_stm32h743xx.o(.text)
    HRTIM1_TIMB_IRQHandler                   0x080002c7   Thumb Code     0  startup_stm32h743xx.o(.text)
    HRTIM1_TIMC_IRQHandler                   0x080002c7   Thumb Code     0  startup_stm32h743xx.o(.text)
    HRTIM1_TIMD_IRQHandler                   0x080002c7   Thumb Code     0  startup_stm32h743xx.o(.text)
    HRTIM1_TIME_IRQHandler                   0x080002c7   Thumb Code     0  startup_stm32h743xx.o(.text)
    HSEM1_IRQHandler                         0x080002c7   Thumb Code     0  startup_stm32h743xx.o(.text)
    I2C1_ER_IRQHandler                       0x080002c7   Thumb Code     0  startup_stm32h743xx.o(.text)
    I2C1_EV_IRQHandler                       0x080002c7   Thumb Code     0  startup_stm32h743xx.o(.text)
    I2C2_ER_IRQHandler                       0x080002c7   Thumb Code     0  startup_stm32h743xx.o(.text)
    I2C2_EV_IRQHandler                       0x080002c7   Thumb Code     0  startup_stm32h743xx.o(.text)
    I2C3_ER_IRQHandler                       0x080002c7   Thumb Code     0  startup_stm32h743xx.o(.text)
    I2C3_EV_IRQHandler                       0x080002c7   Thumb Code     0  startup_stm32h743xx.o(.text)
    I2C4_ER_IRQHandler                       0x080002c7   Thumb Code     0  startup_stm32h743xx.o(.text)
    I2C4_EV_IRQHandler                       0x080002c7   Thumb Code     0  startup_stm32h743xx.o(.text)
    JPEG_IRQHandler                          0x080002c7   Thumb Code     0  startup_stm32h743xx.o(.text)
    LPTIM1_IRQHandler                        0x080002c7   Thumb Code     0  startup_stm32h743xx.o(.text)
    LPTIM2_IRQHandler                        0x080002c7   Thumb Code     0  startup_stm32h743xx.o(.text)
    LPTIM3_IRQHandler                        0x080002c7   Thumb Code     0  startup_stm32h743xx.o(.text)
    LPTIM4_IRQHandler                        0x080002c7   Thumb Code     0  startup_stm32h743xx.o(.text)
    LPTIM5_IRQHandler                        0x080002c7   Thumb Code     0  startup_stm32h743xx.o(.text)
    LPUART1_IRQHandler                       0x080002c7   Thumb Code     0  startup_stm32h743xx.o(.text)
    LTDC_ER_IRQHandler                       0x080002c7   Thumb Code     0  startup_stm32h743xx.o(.text)
    LTDC_IRQHandler                          0x080002c7   Thumb Code     0  startup_stm32h743xx.o(.text)
    MDIOS_IRQHandler                         0x080002c7   Thumb Code     0  startup_stm32h743xx.o(.text)
    MDIOS_WKUP_IRQHandler                    0x080002c7   Thumb Code     0  startup_stm32h743xx.o(.text)
    MDMA_IRQHandler                          0x080002c7   Thumb Code     0  startup_stm32h743xx.o(.text)
    OTG_FS_EP1_IN_IRQHandler                 0x080002c7   Thumb Code     0  startup_stm32h743xx.o(.text)
    OTG_FS_EP1_OUT_IRQHandler                0x080002c7   Thumb Code     0  startup_stm32h743xx.o(.text)
    OTG_FS_IRQHandler                        0x080002c7   Thumb Code     0  startup_stm32h743xx.o(.text)
    OTG_FS_WKUP_IRQHandler                   0x080002c7   Thumb Code     0  startup_stm32h743xx.o(.text)
    OTG_HS_EP1_IN_IRQHandler                 0x080002c7   Thumb Code     0  startup_stm32h743xx.o(.text)
    OTG_HS_EP1_OUT_IRQHandler                0x080002c7   Thumb Code     0  startup_stm32h743xx.o(.text)
    OTG_HS_IRQHandler                        0x080002c7   Thumb Code     0  startup_stm32h743xx.o(.text)
    OTG_HS_WKUP_IRQHandler                   0x080002c7   Thumb Code     0  startup_stm32h743xx.o(.text)
    PVD_AVD_IRQHandler                       0x080002c7   Thumb Code     0  startup_stm32h743xx.o(.text)
    QUADSPI_IRQHandler                       0x080002c7   Thumb Code     0  startup_stm32h743xx.o(.text)
    RCC_IRQHandler                           0x080002c7   Thumb Code     0  startup_stm32h743xx.o(.text)
    RNG_IRQHandler                           0x080002c7   Thumb Code     0  startup_stm32h743xx.o(.text)
    RTC_Alarm_IRQHandler                     0x080002c7   Thumb Code     0  startup_stm32h743xx.o(.text)
    RTC_WKUP_IRQHandler                      0x080002c7   Thumb Code     0  startup_stm32h743xx.o(.text)
    SAI1_IRQHandler                          0x080002c7   Thumb Code     0  startup_stm32h743xx.o(.text)
    SAI2_IRQHandler                          0x080002c7   Thumb Code     0  startup_stm32h743xx.o(.text)
    SAI3_IRQHandler                          0x080002c7   Thumb Code     0  startup_stm32h743xx.o(.text)
    SAI4_IRQHandler                          0x080002c7   Thumb Code     0  startup_stm32h743xx.o(.text)
    SDMMC1_IRQHandler                        0x080002c7   Thumb Code     0  startup_stm32h743xx.o(.text)
    SDMMC2_IRQHandler                        0x080002c7   Thumb Code     0  startup_stm32h743xx.o(.text)
    SPDIF_RX_IRQHandler                      0x080002c7   Thumb Code     0  startup_stm32h743xx.o(.text)
    SPI1_IRQHandler                          0x080002c7   Thumb Code     0  startup_stm32h743xx.o(.text)
    SPI2_IRQHandler                          0x080002c7   Thumb Code     0  startup_stm32h743xx.o(.text)
    SPI3_IRQHandler                          0x080002c7   Thumb Code     0  startup_stm32h743xx.o(.text)
    SPI4_IRQHandler                          0x080002c7   Thumb Code     0  startup_stm32h743xx.o(.text)
    SPI5_IRQHandler                          0x080002c7   Thumb Code     0  startup_stm32h743xx.o(.text)
    SPI6_IRQHandler                          0x080002c7   Thumb Code     0  startup_stm32h743xx.o(.text)
    SWPMI1_IRQHandler                        0x080002c7   Thumb Code     0  startup_stm32h743xx.o(.text)
    TAMP_STAMP_IRQHandler                    0x080002c7   Thumb Code     0  startup_stm32h743xx.o(.text)
    TIM15_IRQHandler                         0x080002c7   Thumb Code     0  startup_stm32h743xx.o(.text)
    TIM16_IRQHandler                         0x080002c7   Thumb Code     0  startup_stm32h743xx.o(.text)
    TIM17_IRQHandler                         0x080002c7   Thumb Code     0  startup_stm32h743xx.o(.text)
    TIM1_BRK_IRQHandler                      0x080002c7   Thumb Code     0  startup_stm32h743xx.o(.text)
    TIM1_CC_IRQHandler                       0x080002c7   Thumb Code     0  startup_stm32h743xx.o(.text)
    TIM1_TRG_COM_IRQHandler                  0x080002c7   Thumb Code     0  startup_stm32h743xx.o(.text)
    TIM1_UP_IRQHandler                       0x080002c7   Thumb Code     0  startup_stm32h743xx.o(.text)
    TIM2_IRQHandler                          0x080002c7   Thumb Code     0  startup_stm32h743xx.o(.text)
    TIM3_IRQHandler                          0x080002c7   Thumb Code     0  startup_stm32h743xx.o(.text)
    TIM4_IRQHandler                          0x080002c7   Thumb Code     0  startup_stm32h743xx.o(.text)
    TIM5_IRQHandler                          0x080002c7   Thumb Code     0  startup_stm32h743xx.o(.text)
    TIM6_DAC_IRQHandler                      0x080002c7   Thumb Code     0  startup_stm32h743xx.o(.text)
    TIM7_IRQHandler                          0x080002c7   Thumb Code     0  startup_stm32h743xx.o(.text)
    TIM8_BRK_TIM12_IRQHandler                0x080002c7   Thumb Code     0  startup_stm32h743xx.o(.text)
    TIM8_CC_IRQHandler                       0x080002c7   Thumb Code     0  startup_stm32h743xx.o(.text)
    TIM8_TRG_COM_TIM14_IRQHandler            0x080002c7   Thumb Code     0  startup_stm32h743xx.o(.text)
    TIM8_UP_TIM13_IRQHandler                 0x080002c7   Thumb Code     0  startup_stm32h743xx.o(.text)
    UART4_IRQHandler                         0x080002c7   Thumb Code     0  startup_stm32h743xx.o(.text)
    UART5_IRQHandler                         0x080002c7   Thumb Code     0  startup_stm32h743xx.o(.text)
    UART7_IRQHandler                         0x080002c7   Thumb Code     0  startup_stm32h743xx.o(.text)
    UART8_IRQHandler                         0x080002c7   Thumb Code     0  startup_stm32h743xx.o(.text)
    USART2_IRQHandler                        0x080002c7   Thumb Code     0  startup_stm32h743xx.o(.text)
    USART3_IRQHandler                        0x080002c7   Thumb Code     0  startup_stm32h743xx.o(.text)
    USART6_IRQHandler                        0x080002c7   Thumb Code     0  startup_stm32h743xx.o(.text)
    WAKEUP_PIN_IRQHandler                    0x080002c7   Thumb Code     0  startup_stm32h743xx.o(.text)
    WWDG_IRQHandler                          0x080002c7   Thumb Code     0  startup_stm32h743xx.o(.text)
    __aeabi_uldivmod                         0x080002d1   Thumb Code    98  uldiv.o(.text)
    __aeabi_memset                           0x08000333   Thumb Code    14  memseta.o(.text)
    __aeabi_memset4                          0x08000333   Thumb Code     0  memseta.o(.text)
    __aeabi_memset8                          0x08000333   Thumb Code     0  memseta.o(.text)
    __aeabi_memclr                           0x08000341   Thumb Code     4  memseta.o(.text)
    __aeabi_memclr4                          0x08000341   Thumb Code     0  memseta.o(.text)
    __aeabi_memclr8                          0x08000341   Thumb Code     0  memseta.o(.text)
    _memset$wrapper                          0x08000345   Thumb Code    18  memseta.o(.text)
    __aeabi_uidiv                            0x08000357   Thumb Code     0  uidiv.o(.text)
    __aeabi_uidivmod                         0x08000357   Thumb Code    44  uidiv.o(.text)
    __aeabi_llsl                             0x08000383   Thumb Code    30  llshl.o(.text)
    _ll_shift_l                              0x08000383   Thumb Code     0  llshl.o(.text)
    __aeabi_llsr                             0x080003a1   Thumb Code    32  llushr.o(.text)
    _ll_ushift_r                             0x080003a1   Thumb Code     0  llushr.o(.text)
    __scatterload                            0x080003c1   Thumb Code    28  init.o(.text)
    __scatterload_rt2                        0x080003c1   Thumb Code     0  init.o(.text)
    BusFault_Handler                         0x080003e5   Thumb Code     2  stm32h7xx_it.o(i.BusFault_Handler)
    DebugMon_Handler                         0x080003e7   Thumb Code     2  stm32h7xx_it.o(i.DebugMon_Handler)
    Error_Handler                            0x080003e9   Thumb Code     2  main.o(i.Error_Handler)
    Filter                                   0x080003ed   Thumb Code    56  rng.o(i.Filter)
    HAL_DMA_Abort_IT                         0x0800042d   Thumb Code   602  stm32h7xx_hal_dma.o(i.HAL_DMA_Abort_IT)
    HAL_Delay                                0x080006b1   Thumb Code    32  stm32h7xx_hal.o(i.HAL_Delay)
    HAL_GPIO_Init                            0x080006d5   Thumb Code   510  stm32h7xx_hal_gpio.o(i.HAL_GPIO_Init)
    HAL_GetREVID                             0x08000905   Thumb Code     8  stm32h7xx_hal.o(i.HAL_GetREVID)
    HAL_GetTick                              0x08000911   Thumb Code     6  stm32h7xx_hal.o(i.HAL_GetTick)
    HAL_IncTick                              0x0800091d   Thumb Code    12  stm32h7xx_hal.o(i.HAL_IncTick)
    HAL_Init                                 0x0800092d   Thumb Code    74  stm32h7xx_hal.o(i.HAL_Init)
    HAL_InitTick                             0x08000989   Thumb Code    56  stm32h7xx_hal.o(i.HAL_InitTick)
    HAL_MspInit                              0x080009c9   Thumb Code    22  stm32h7xx_hal_msp.o(i.HAL_MspInit)
    HAL_NVIC_EnableIRQ                       0x080009e5   Thumb Code    26  stm32h7xx_hal_cortex.o(i.HAL_NVIC_EnableIRQ)
    HAL_NVIC_SetPriority                     0x08000a01   Thumb Code    60  stm32h7xx_hal_cortex.o(i.HAL_NVIC_SetPriority)
    HAL_NVIC_SetPriorityGrouping             0x08000a41   Thumb Code    28  stm32h7xx_hal_cortex.o(i.HAL_NVIC_SetPriorityGrouping)
    HAL_PWREx_ConfigSupply                   0x08000a65   Thumb Code    78  stm32h7xx_hal_pwr_ex.o(i.HAL_PWREx_ConfigSupply)
    HAL_RCCEx_GetD3PCLK1Freq                 0x08000ab9   Thumb Code    26  stm32h7xx_hal_rcc_ex.o(i.HAL_RCCEx_GetD3PCLK1Freq)
    HAL_RCCEx_GetPLL2ClockFreq               0x08000add   Thumb Code   296  stm32h7xx_hal_rcc_ex.o(i.HAL_RCCEx_GetPLL2ClockFreq)
    HAL_RCCEx_GetPLL3ClockFreq               0x08000c21   Thumb Code   296  stm32h7xx_hal_rcc_ex.o(i.HAL_RCCEx_GetPLL3ClockFreq)
    HAL_RCCEx_PeriphCLKConfig                0x08000d65   Thumb Code  2204  stm32h7xx_hal_rcc_ex.o(i.HAL_RCCEx_PeriphCLKConfig)
    HAL_RCC_ClockConfig                      0x08001601   Thumb Code   580  stm32h7xx_hal_rcc.o(i.HAL_RCC_ClockConfig)
    HAL_RCC_GetHCLKFreq                      0x0800185d   Thumb Code    52  stm32h7xx_hal_rcc.o(i.HAL_RCC_GetHCLKFreq)
    HAL_RCC_GetPCLK1Freq                     0x080018a1   Thumb Code    26  stm32h7xx_hal_rcc.o(i.HAL_RCC_GetPCLK1Freq)
    HAL_RCC_GetPCLK2Freq                     0x080018c5   Thumb Code    26  stm32h7xx_hal_rcc.o(i.HAL_RCC_GetPCLK2Freq)
    HAL_RCC_GetSysClockFreq                  0x080018e9   Thumb Code   278  stm32h7xx_hal_rcc.o(i.HAL_RCC_GetSysClockFreq)
    HAL_RCC_OscConfig                        0x08001a21   Thumb Code  1258  stm32h7xx_hal_rcc.o(i.HAL_RCC_OscConfig)
    HAL_RNG_GenerateRandomNumber             0x08001f0d   Thumb Code   116  stm32h7xx_hal_rng.o(i.HAL_RNG_GenerateRandomNumber)
    HAL_RNG_Init                             0x08001f81   Thumb Code   122  stm32h7xx_hal_rng.o(i.HAL_RNG_Init)
    HAL_RNG_MspInit                          0x08001ffd   Thumb Code    30  rng.o(i.HAL_RNG_MspInit)
    HAL_SYSTICK_Config                       0x08002025   Thumb Code    38  stm32h7xx_hal_cortex.o(i.HAL_SYSTICK_Config)
    HAL_UARTEx_DisableFifoMode               0x0800204b   Thumb Code    64  stm32h7xx_hal_uart_ex.o(i.HAL_UARTEx_DisableFifoMode)
    HAL_UARTEx_RxFifoFullCallback            0x0800208b   Thumb Code     2  stm32h7xx_hal_uart_ex.o(i.HAL_UARTEx_RxFifoFullCallback)
    HAL_UARTEx_SetRxFifoThreshold            0x0800208d   Thumb Code    76  stm32h7xx_hal_uart_ex.o(i.HAL_UARTEx_SetRxFifoThreshold)
    HAL_UARTEx_SetTxFifoThreshold            0x080020d9   Thumb Code    76  stm32h7xx_hal_uart_ex.o(i.HAL_UARTEx_SetTxFifoThreshold)
    HAL_UARTEx_TxFifoEmptyCallback           0x08002125   Thumb Code     2  stm32h7xx_hal_uart_ex.o(i.HAL_UARTEx_TxFifoEmptyCallback)
    HAL_UARTEx_WakeupCallback                0x08002127   Thumb Code     2  stm32h7xx_hal_uart_ex.o(i.HAL_UARTEx_WakeupCallback)
    HAL_UART_ErrorCallback                   0x08002129   Thumb Code     2  stm32h7xx_hal_uart.o(i.HAL_UART_ErrorCallback)
    HAL_UART_IRQHandler                      0x0800212d   Thumb Code   436  stm32h7xx_hal_uart.o(i.HAL_UART_IRQHandler)
    HAL_UART_Init                            0x080022ed   Thumb Code   106  stm32h7xx_hal_uart.o(i.HAL_UART_Init)
    HAL_UART_MspInit                         0x08002359   Thumb Code   108  usart.o(i.HAL_UART_MspInit)
    HAL_UART_Transmit                        0x080023d1   Thumb Code   190  stm32h7xx_hal_uart.o(i.HAL_UART_Transmit)
    HAL_UART_TxCpltCallback                  0x0800248f   Thumb Code     2  stm32h7xx_hal_uart.o(i.HAL_UART_TxCpltCallback)
    HardFault_Handler                        0x08002491   Thumb Code     2  stm32h7xx_it.o(i.HardFault_Handler)
    MX_GPIO_Init                             0x08002495   Thumb Code    38  gpio.o(i.MX_GPIO_Init)
    MX_RNG_Init                              0x080024c1   Thumb Code    30  rng.o(i.MX_RNG_Init)
    MX_USART1_UART_Init                      0x080024e9   Thumb Code    94  usart.o(i.MX_USART1_UART_Init)
    MemManage_Handler                        0x08002551   Thumb Code     2  stm32h7xx_it.o(i.MemManage_Handler)
    NMI_Handler                              0x08002553   Thumb Code     2  stm32h7xx_it.o(i.NMI_Handler)
    PendSV_Handler                           0x08002555   Thumb Code     2  stm32h7xx_it.o(i.PendSV_Handler)
    RNG_Get_RandomRange                      0x08002799   Thumb Code    32  rng.o(i.RNG_Get_RandomRange)
    SVC_Handler                              0x080027bd   Thumb Code     2  stm32h7xx_it.o(i.SVC_Handler)
    SysTick_Handler                          0x080027bf   Thumb Code     4  stm32h7xx_it.o(i.SysTick_Handler)
    SystemClock_Config                       0x080027c5   Thumb Code   170  main.o(i.SystemClock_Config)
    SystemInit                               0x0800287d   Thumb Code   134  system_stm32h7xx.o(i.SystemInit)
    UART_AdvFeatureConfig                    0x0800297d   Thumb Code   200  stm32h7xx_hal_uart.o(i.UART_AdvFeatureConfig)
    UART_CheckIdleState                      0x08002a45   Thumb Code    94  stm32h7xx_hal_uart.o(i.UART_CheckIdleState)
    UART_SetConfig                           0x08002ae1   Thumb Code  3084  stm32h7xx_hal_uart.o(i.UART_SetConfig)
    UART_WaitOnFlagUntilTimeout              0x080036f1   Thumb Code   164  stm32h7xx_hal_uart.o(i.UART_WaitOnFlagUntilTimeout)
    USART1_IRQHandler                        0x08003795   Thumb Code     6  stm32h7xx_it.o(i.USART1_IRQHandler)
    UsageFault_Handler                       0x080037a1   Thumb Code     2  stm32h7xx_it.o(i.UsageFault_Handler)
    __0printf$1                              0x080037a5   Thumb Code    22  printf1.o(i.__0printf$1)
    __1printf$1                              0x080037a5   Thumb Code     0  printf1.o(i.__0printf$1)
    __2printf                                0x080037a5   Thumb Code     0  printf1.o(i.__0printf$1)
    __scatterload_copy                       0x080037e7   Thumb Code    14  handlers.o(i.__scatterload_copy)
    __scatterload_null                       0x080037f5   Thumb Code     2  handlers.o(i.__scatterload_null)
    __scatterload_zeroinit                   0x080037f7   Thumb Code    14  handlers.o(i.__scatterload_zeroinit)
    fputc                                    0x08003959   Thumb Code    20  main.o(i.fputc)
    main                                     0x08003971   Thumb Code    46  main.o(i.main)
    D1CorePrescTable                         0x080039ac   Data          16  system_stm32h7xx.o(.constdata)
    Region$$Table$$Base                      0x080039bc   Number         0  anon$$obj.o(Region$$Table)
    Region$$Table$$Limit                     0x080039dc   Number         0  anon$$obj.o(Region$$Table)
    Filter_Value                             0x24000000   Data           4  main.o(.data)
    i                                        0x24000004   Data           4  rng.o(.data)
    uwTickFreq                               0x24000008   Data           1  stm32h7xx_hal.o(.data)
    uwTickPrio                               0x2400000c   Data           4  stm32h7xx_hal.o(.data)
    uwTick                                   0x24000010   Data           4  stm32h7xx_hal.o(.data)
    SystemCoreClock                          0x24000014   Data           4  system_stm32h7xx.o(.data)
    SystemD2Clock                            0x24000018   Data           4  system_stm32h7xx.o(.data)
    __stdout                                 0x2400001c   Data           4  stdout.o(.data)
    filter_buf                               0x24000020   Data          52  rng.o(.bss)
    hrng                                     0x24000054   Data          20  rng.o(.bss)
    huart1                                   0x24000068   Data         140  usart.o(.bss)
    __initial_sp                             0x240004f8   Data           0  startup_stm32h743xx.o(STACK)



==============================================================================

Memory Map of the image

  Image Entry point : 0x08000299

  Load Region LR_IROM1 (Base: 0x08000000, Size: 0x000039fc, Max: 0x00200000, ABSOLUTE)

    Execution Region ER_IROM1 (Exec base: 0x08000000, Load base: 0x08000000, Size: 0x000039dc, Max: 0x00200000, ABSOLUTE)

    Exec Addr    Load Addr    Size         Type   Attr      Idx    E Section Name        Object

    0x08000000   0x08000000   0x00000298   Data   RO            3    RESET               startup_stm32h743xx.o
    0x08000298   0x08000298   0x00000000   Code   RO         3599  * .ARM.Collect$$$$00000000  mc_w.l(entry.o)
    0x08000298   0x08000298   0x00000004   Code   RO         3867    .ARM.Collect$$$$00000001  mc_w.l(entry2.o)
    0x0800029c   0x0800029c   0x00000004   Code   RO         3870    .ARM.Collect$$$$00000004  mc_w.l(entry5.o)
    0x080002a0   0x080002a0   0x00000000   Code   RO         3872    .ARM.Collect$$$$00000008  mc_w.l(entry7b.o)
    0x080002a0   0x080002a0   0x00000000   Code   RO         3874    .ARM.Collect$$$$0000000A  mc_w.l(entry8b.o)
    0x080002a0   0x080002a0   0x00000008   Code   RO         3875    .ARM.Collect$$$$0000000B  mc_w.l(entry9a.o)
    0x080002a8   0x080002a8   0x00000000   Code   RO         3877    .ARM.Collect$$$$0000000D  mc_w.l(entry10a.o)
    0x080002a8   0x080002a8   0x00000000   Code   RO         3879    .ARM.Collect$$$$0000000F  mc_w.l(entry11a.o)
    0x080002a8   0x080002a8   0x00000004   Code   RO         3868    .ARM.Collect$$$$00002712  mc_w.l(entry2.o)
    0x080002ac   0x080002ac   0x00000024   Code   RO            4    .text               startup_stm32h743xx.o
    0x080002d0   0x080002d0   0x00000062   Code   RO         3602    .text               mc_w.l(uldiv.o)
    0x08000332   0x08000332   0x00000024   Code   RO         3604    .text               mc_w.l(memseta.o)
    0x08000356   0x08000356   0x0000002c   Code   RO         3882    .text               mc_w.l(uidiv.o)
    0x08000382   0x08000382   0x0000001e   Code   RO         3884    .text               mc_w.l(llshl.o)
    0x080003a0   0x080003a0   0x00000020   Code   RO         3886    .text               mc_w.l(llushr.o)
    0x080003c0   0x080003c0   0x00000024   Code   RO         3899    .text               mc_w.l(init.o)
    0x080003e4   0x080003e4   0x00000002   Code   RO          412    i.BusFault_Handler  stm32h7xx_it.o
    0x080003e6   0x080003e6   0x00000002   Code   RO          413    i.DebugMon_Handler  stm32h7xx_it.o
    0x080003e8   0x080003e8   0x00000002   Code   RO           13    i.Error_Handler     main.o
    0x080003ea   0x080003ea   0x00000002   PAD
    0x080003ec   0x080003ec   0x00000040   Code   RO          208    i.Filter            rng.o
    0x0800042c   0x0800042c   0x00000284   Code   RO         1415    i.HAL_DMA_Abort_IT  stm32h7xx_hal_dma.o
    0x080006b0   0x080006b0   0x00000024   Code   RO         2123    i.HAL_Delay         stm32h7xx_hal.o
    0x080006d4   0x080006d4   0x00000230   Code   RO         1262    i.HAL_GPIO_Init     stm32h7xx_hal_gpio.o
    0x08000904   0x08000904   0x0000000c   Code   RO         2138    i.HAL_GetREVID      stm32h7xx_hal.o
    0x08000910   0x08000910   0x0000000c   Code   RO         2139    i.HAL_GetTick       stm32h7xx_hal.o
    0x0800091c   0x0800091c   0x00000010   Code   RO         2145    i.HAL_IncTick       stm32h7xx_hal.o
    0x0800092c   0x0800092c   0x0000005c   Code   RO         2146    i.HAL_Init          stm32h7xx_hal.o
    0x08000988   0x08000988   0x00000040   Code   RO         2147    i.HAL_InitTick      stm32h7xx_hal.o
    0x080009c8   0x080009c8   0x0000001c   Code   RO          494    i.HAL_MspInit       stm32h7xx_hal_msp.o
    0x080009e4   0x080009e4   0x0000001a   Code   RO          524    i.HAL_NVIC_EnableIRQ  stm32h7xx_hal_cortex.o
    0x080009fe   0x080009fe   0x00000002   PAD
    0x08000a00   0x08000a00   0x00000040   Code   RO          530    i.HAL_NVIC_SetPriority  stm32h7xx_hal_cortex.o
    0x08000a40   0x08000a40   0x00000024   Code   RO          531    i.HAL_NVIC_SetPriorityGrouping  stm32h7xx_hal_cortex.o
    0x08000a64   0x08000a64   0x00000054   Code   RO         1863    i.HAL_PWREx_ConfigSupply  stm32h7xx_hal_pwr_ex.o
    0x08000ab8   0x08000ab8   0x00000024   Code   RO          883    i.HAL_RCCEx_GetD3PCLK1Freq  stm32h7xx_hal_rcc_ex.o
    0x08000adc   0x08000adc   0x00000144   Code   RO          885    i.HAL_RCCEx_GetPLL2ClockFreq  stm32h7xx_hal_rcc_ex.o
    0x08000c20   0x08000c20   0x00000144   Code   RO          886    i.HAL_RCCEx_GetPLL3ClockFreq  stm32h7xx_hal_rcc_ex.o
    0x08000d64   0x08000d64   0x0000089c   Code   RO          892    i.HAL_RCCEx_PeriphCLKConfig  stm32h7xx_hal_rcc_ex.o
    0x08001600   0x08001600   0x0000025c   Code   RO          768    i.HAL_RCC_ClockConfig  stm32h7xx_hal_rcc.o
    0x0800185c   0x0800185c   0x00000044   Code   RO          773    i.HAL_RCC_GetHCLKFreq  stm32h7xx_hal_rcc.o
    0x080018a0   0x080018a0   0x00000024   Code   RO          775    i.HAL_RCC_GetPCLK1Freq  stm32h7xx_hal_rcc.o
    0x080018c4   0x080018c4   0x00000024   Code   RO          776    i.HAL_RCC_GetPCLK2Freq  stm32h7xx_hal_rcc.o
    0x080018e8   0x080018e8   0x00000138   Code   RO          777    i.HAL_RCC_GetSysClockFreq  stm32h7xx_hal_rcc.o
    0x08001a20   0x08001a20   0x000004ea   Code   RO          780    i.HAL_RCC_OscConfig  stm32h7xx_hal_rcc.o
    0x08001f0a   0x08001f0a   0x00000002   PAD
    0x08001f0c   0x08001f0c   0x00000074   Code   RO          661    i.HAL_RNG_GenerateRandomNumber  stm32h7xx_hal_rng.o
    0x08001f80   0x08001f80   0x0000007a   Code   RO          666    i.HAL_RNG_Init      stm32h7xx_hal_rng.o
    0x08001ffa   0x08001ffa   0x00000002   PAD
    0x08001ffc   0x08001ffc   0x00000028   Code   RO          210    i.HAL_RNG_MspInit   rng.o
    0x08002024   0x08002024   0x00000026   Code   RO          535    i.HAL_SYSTICK_Config  stm32h7xx_hal_cortex.o
    0x0800204a   0x0800204a   0x00000040   Code   RO         3472    i.HAL_UARTEx_DisableFifoMode  stm32h7xx_hal_uart_ex.o
    0x0800208a   0x0800208a   0x00000002   Code   RO         3476    i.HAL_UARTEx_RxFifoFullCallback  stm32h7xx_hal_uart_ex.o
    0x0800208c   0x0800208c   0x0000004c   Code   RO         3477    i.HAL_UARTEx_SetRxFifoThreshold  stm32h7xx_hal_uart_ex.o
    0x080020d8   0x080020d8   0x0000004c   Code   RO         3478    i.HAL_UARTEx_SetTxFifoThreshold  stm32h7xx_hal_uart_ex.o
    0x08002124   0x08002124   0x00000002   Code   RO         3480    i.HAL_UARTEx_TxFifoEmptyCallback  stm32h7xx_hal_uart_ex.o
    0x08002126   0x08002126   0x00000002   Code   RO         3481    i.HAL_UARTEx_WakeupCallback  stm32h7xx_hal_uart_ex.o
    0x08002128   0x08002128   0x00000002   Code   RO         3100    i.HAL_UART_ErrorCallback  stm32h7xx_hal_uart.o
    0x0800212a   0x0800212a   0x00000002   PAD
    0x0800212c   0x0800212c   0x000001c0   Code   RO         3103    i.HAL_UART_IRQHandler  stm32h7xx_hal_uart.o
    0x080022ec   0x080022ec   0x0000006a   Code   RO         3104    i.HAL_UART_Init     stm32h7xx_hal_uart.o
    0x08002356   0x08002356   0x00000002   PAD
    0x08002358   0x08002358   0x00000078   Code   RO          371    i.HAL_UART_MspInit  usart.o
    0x080023d0   0x080023d0   0x000000be   Code   RO         3113    i.HAL_UART_Transmit  stm32h7xx_hal_uart.o
    0x0800248e   0x0800248e   0x00000002   Code   RO         3116    i.HAL_UART_TxCpltCallback  stm32h7xx_hal_uart.o
    0x08002490   0x08002490   0x00000002   Code   RO          414    i.HardFault_Handler  stm32h7xx_it.o
    0x08002492   0x08002492   0x00000002   PAD
    0x08002494   0x08002494   0x0000002c   Code   RO          184    i.MX_GPIO_Init      gpio.o
    0x080024c0   0x080024c0   0x00000028   Code   RO          211    i.MX_RNG_Init       rng.o
    0x080024e8   0x080024e8   0x00000068   Code   RO          372    i.MX_USART1_UART_Init  usart.o
    0x08002550   0x08002550   0x00000002   Code   RO          415    i.MemManage_Handler  stm32h7xx_it.o
    0x08002552   0x08002552   0x00000002   Code   RO          416    i.NMI_Handler       stm32h7xx_it.o
    0x08002554   0x08002554   0x00000002   Code   RO          417    i.PendSV_Handler    stm32h7xx_it.o
    0x08002556   0x08002556   0x00000002   PAD
    0x08002558   0x08002558   0x00000120   Code   RO          895    i.RCCEx_PLL2_Config  stm32h7xx_hal_rcc_ex.o
    0x08002678   0x08002678   0x00000120   Code   RO          896    i.RCCEx_PLL3_Config  stm32h7xx_hal_rcc_ex.o
    0x08002798   0x08002798   0x00000024   Code   RO          213    i.RNG_Get_RandomRange  rng.o
    0x080027bc   0x080027bc   0x00000002   Code   RO          418    i.SVC_Handler       stm32h7xx_it.o
    0x080027be   0x080027be   0x00000004   Code   RO          419    i.SysTick_Handler   stm32h7xx_it.o
    0x080027c2   0x080027c2   0x00000002   PAD
    0x080027c4   0x080027c4   0x000000b8   Code   RO           14    i.SystemClock_Config  main.o
    0x0800287c   0x0800287c   0x0000009c   Code   RO         3566    i.SystemInit        system_stm32h7xx.o
    0x08002918   0x08002918   0x00000064   Code   RO         3482    i.UARTEx_SetNbDataToProcess  stm32h7xx_hal_uart_ex.o
    0x0800297c   0x0800297c   0x000000c8   Code   RO         3118    i.UART_AdvFeatureConfig  stm32h7xx_hal_uart.o
    0x08002a44   0x08002a44   0x0000005e   Code   RO         3119    i.UART_CheckIdleState  stm32h7xx_hal_uart.o
    0x08002aa2   0x08002aa2   0x00000014   Code   RO         3120    i.UART_DMAAbortOnError  stm32h7xx_hal_uart.o
    0x08002ab6   0x08002ab6   0x00000002   PAD
    0x08002ab8   0x08002ab8   0x00000028   Code   RO         3130    i.UART_EndRxTransfer  stm32h7xx_hal_uart.o
    0x08002ae0   0x08002ae0   0x00000c10   Code   RO         3136    i.UART_SetConfig    stm32h7xx_hal_uart.o
    0x080036f0   0x080036f0   0x000000a4   Code   RO         3141    i.UART_WaitOnFlagUntilTimeout  stm32h7xx_hal_uart.o
    0x08003794   0x08003794   0x0000000c   Code   RO          420    i.USART1_IRQHandler  stm32h7xx_it.o
    0x080037a0   0x080037a0   0x00000002   Code   RO          421    i.UsageFault_Handler  stm32h7xx_it.o
    0x080037a2   0x080037a2   0x00000002   PAD
    0x080037a4   0x080037a4   0x00000020   Code   RO         3651    i.__0printf$1       mc_w.l(printf1.o)
    0x080037c4   0x080037c4   0x00000022   Code   RO          537    i.__NVIC_SetPriority  stm32h7xx_hal_cortex.o
    0x080037e6   0x080037e6   0x0000000e   Code   RO         3907    i.__scatterload_copy  mc_w.l(handlers.o)
    0x080037f4   0x080037f4   0x00000002   Code   RO         3908    i.__scatterload_null  mc_w.l(handlers.o)
    0x080037f6   0x080037f6   0x0000000e   Code   RO         3909    i.__scatterload_zeroinit  mc_w.l(handlers.o)
    0x08003804   0x08003804   0x00000154   Code   RO         3658    i._printf_core      mc_w.l(printf1.o)
    0x08003958   0x08003958   0x00000018   Code   RO           15    i.fputc             main.o
    0x08003970   0x08003970   0x0000003c   Code   RO           16    i.main              main.o
    0x080039ac   0x080039ac   0x00000010   Data   RO         3567    .constdata          system_stm32h7xx.o
    0x080039bc   0x080039bc   0x00000020   Data   RO         3905    Region$$Table       anon$$obj.o


    Execution Region RW_IRAM1 (Exec base: 0x20000000, Load base: 0x080039dc, Size: 0x00000000, Max: 0x00020000, ABSOLUTE)

    **** No section assigned to this execution region ****


    Execution Region RW_IRAM2 (Exec base: 0x24000000, Load base: 0x080039dc, Size: 0x000004f8, Max: 0x00080000, ABSOLUTE)

    Exec Addr    Load Addr    Size         Type   Attr      Idx    E Section Name        Object

    0x24000000   0x080039dc   0x00000004   Data   RW           17    .data               main.o
    0x24000004   0x080039e0   0x00000004   Data   RW          215    .data               rng.o
    0x24000008   0x080039e4   0x0000000c   Data   RW         2168    .data               stm32h7xx_hal.o
    0x24000014   0x080039f0   0x00000008   Data   RW         3568    .data               system_stm32h7xx.o
    0x2400001c   0x080039f8   0x00000004   Data   RW         3881    .data               mc_w.l(stdout.o)
    0x24000020        -       0x00000048   Zero   RW          214    .bss                rng.o
    0x24000068        -       0x0000008c   Zero   RW          373    .bss                usart.o
    0x240000f4   0x080039fc   0x00000004   PAD
    0x240000f8        -       0x00000400   Zero   RW            1    STACK               startup_stm32h743xx.o


==============================================================================

Image component sizes


      Code (inc. data)   RO Data    RW Data    ZI Data      Debug   Object Name

        44          6          0          0          0        747   gpio.o
       270         32          0          4          0    1224194   main.o
       180         32          0          4         72     986699   rng.o
        36          8        664          0       1024        828   startup_stm32h743xx.o
       232         44          0         12          0      22948   stm32h7xx_hal.o
       198         12          0          0          0      38939   stm32h7xx_hal_cortex.o
       644         42          0          0          0       2663   stm32h7xx_hal_dma.o
       560         50          0          0          0       1912   stm32h7xx_hal_gpio.o
        28          6          0          0          0        770   stm32h7xx_hal_msp.o
        84          6          0          0          0        781   stm32h7xx_hal_pwr_ex.o
      2314        102          0          0          0       6928   stm32h7xx_hal_rcc.o
      3464        116          0          0          0       7733   stm32h7xx_hal_rcc_ex.o
       238          0          0          0          0       2166   stm32h7xx_hal_rng.o
      4354        134          0          0          0      12178   stm32h7xx_hal_uart.o
       322         18          0          0          0       5314   stm32h7xx_hal_uart_ex.o
        32          6          0          0          0       4462   stm32h7xx_it.o
       156         22         16          8          0       1334   system_stm32h7xx.o
       224         22          0          0        140       1690   usart.o

    ----------------------------------------------------------------------
     13402        658        712         28       1240    2322286   Object Totals
         0          0         32          0          0          0   (incl. Generated)
        22          0          0          0          4          0   (incl. Padding)

    ----------------------------------------------------------------------

      Code (inc. data)   RO Data    RW Data    ZI Data      Debug   Library Member Name

         0          0          0          0          0          0   entry.o
         0          0          0          0          0          0   entry10a.o
         0          0          0          0          0          0   entry11a.o
         8          4          0          0          0          0   entry2.o
         4          0          0          0          0          0   entry5.o
         0          0          0          0          0          0   entry7b.o
         0          0          0          0          0          0   entry8b.o
         8          4          0          0          0          0   entry9a.o
        30          0          0          0          0          0   handlers.o
        36          8          0          0          0         68   init.o
        30          0          0          0          0         68   llshl.o
        32          0          0          0          0         68   llushr.o
        36          0          0          0          0        108   memseta.o
       372         14          0          0          0        184   printf1.o
         0          0          0          4          0          0   stdout.o
        44          0          0          0          0         80   uidiv.o
        98          0          0          0          0         92   uldiv.o

    ----------------------------------------------------------------------
       698         30          0          4          0        668   Library Totals
         0          0          0          0          0          0   (incl. Padding)

    ----------------------------------------------------------------------

      Code (inc. data)   RO Data    RW Data    ZI Data      Debug   Library Name

       698         30          0          4          0        668   mc_w.l

    ----------------------------------------------------------------------
       698         30          0          4          0        668   Library Totals

    ----------------------------------------------------------------------

==============================================================================


      Code (inc. data)   RO Data    RW Data    ZI Data      Debug   

     14100        688        712         32       1240    2316898   Grand Totals
     14100        688        712         32       1240    2316898   ELF Image Totals
     14100        688        712         32          0          0   ROM Totals

==============================================================================

    Total RO  Size (Code + RO Data)                14812 (  14.46kB)
    Total RW  Size (RW Data + ZI Data)              1272 (   1.24kB)
    Total ROM Size (Code + RO Data + RW Data)      14844 (  14.50kB)

==============================================================================

