###############################################################################
#
# IAR ELF Linker V7.40.1.8447/W32 for ARM                 20/Mar/2018  17:03:12
# Copyright 2007-2015 IAR Systems AB.
#
#    Output file  =  
#        E:\工作工程\温湿度\新建文件夹\L031温度传感器\Project\Debug\Exe\UpgradeL031.out
#    Map file     =  
#        E:\工作工程\温湿度\新建文件夹\L031温度传感器\Project\Debug\List\UpgradeL031.map
#    Command line =  
#        E:\工作工程\温湿度\新建文件夹\L031温度传感器\Project\Debug\Obj\eeprom.o
#        E:\工作工程\温湿度\新建文件夹\L031温度传感器\Project\Debug\Obj\FlashIf.o
#        E:\工作工程\温湿度\新建文件夹\L031温度传感器\Project\Debug\Obj\main.o
#        E:\工作工程\温湿度\新建文件夹\L031温度传感器\Project\Debug\Obj\modbus_asc.o
#        E:\工作工程\温湿度\新建文件夹\L031温度传感器\Project\Debug\Obj\modbus_ascii.o
#        E:\工作工程\温湿度\新建文件夹\L031温度传感器\Project\Debug\Obj\para.o
#        E:\工作工程\温湿度\新建文件夹\L031温度传感器\Project\Debug\Obj\startup_stm32l031xx.o
#        E:\工作工程\温湿度\新建文件夹\L031温度传感器\Project\Debug\Obj\stm32l0xx_hal.o
#        E:\工作工程\温湿度\新建文件夹\L031温度传感器\Project\Debug\Obj\stm32l0xx_hal_adc.o
#        E:\工作工程\温湿度\新建文件夹\L031温度传感器\Project\Debug\Obj\stm32l0xx_hal_adc_ex.o
#        E:\工作工程\温湿度\新建文件夹\L031温度传感器\Project\Debug\Obj\stm32l0xx_hal_comp.o
#        E:\工作工程\温湿度\新建文件夹\L031温度传感器\Project\Debug\Obj\stm32l0xx_hal_comp_ex.o
#        E:\工作工程\温湿度\新建文件夹\L031温度传感器\Project\Debug\Obj\stm32l0xx_hal_cortex.o
#        E:\工作工程\温湿度\新建文件夹\L031温度传感器\Project\Debug\Obj\stm32l0xx_hal_dma.o
#        E:\工作工程\温湿度\新建文件夹\L031温度传感器\Project\Debug\Obj\stm32l0xx_hal_flash.o
#        E:\工作工程\温湿度\新建文件夹\L031温度传感器\Project\Debug\Obj\stm32l0xx_hal_flash_ex.o
#        E:\工作工程\温湿度\新建文件夹\L031温度传感器\Project\Debug\Obj\stm32l0xx_hal_flash_ramfunc.o
#        E:\工作工程\温湿度\新建文件夹\L031温度传感器\Project\Debug\Obj\stm32l0xx_hal_gpio.o
#        E:\工作工程\温湿度\新建文件夹\L031温度传感器\Project\Debug\Obj\stm32l0xx_hal_rcc.o
#        E:\工作工程\温湿度\新建文件夹\L031温度传感器\Project\Debug\Obj\stm32l0xx_hal_rcc_ex.o
#        E:\工作工程\温湿度\新建文件夹\L031温度传感器\Project\Debug\Obj\stm32l0xx_hal_uart.o
#        E:\工作工程\温湿度\新建文件夹\L031温度传感器\Project\Debug\Obj\stm32l0xx_hal_uart_ex.o
#        E:\工作工程\温湿度\新建文件夹\L031温度传感器\Project\Debug\Obj\stm32l0xx_hal_usart.o
#        E:\工作工程\温湿度\新建文件夹\L031温度传感器\Project\Debug\Obj\system_stm32l0xx.o
#        E:\工作工程\温湿度\新建文件夹\L031温度传感器\Project\Debug\Obj\usart.o
#        -o
#        E:\工作工程\温湿度\新建文件夹\L031温度传感器\Project\Debug\Exe\UpgradeL031.out
#        --map
#        E:\工作工程\温湿度\新建文件夹\L031温度传感器\Project\Debug\List\UpgradeL031.map
#        --config
#        E:\工作工程\温湿度\L031温度传感器\Project\stm32l031xx_flash.icf
#        --semihosting --entry __iar_program_start --vfe
#
###############################################################################

*******************************************************************************
*** RUNTIME MODEL ATTRIBUTES
***

CppFlavor       = *
__SystemLibrary = DLib


*******************************************************************************
*** PLACEMENT SUMMARY
***

"A1":  place at 0x08002000 { ro section .intvec };
"P1":  place in [from 0x08002000 to 0x08003fff] { ro };
"P2":  place in [from 0x20000000 to 0x20001fff] { rw, block CSTACK, block HEAP };

  Section            Kind        Address    Size  Object
  -------            ----        -------    ----  ------
"A1":                                       0xc0
  .intvec            ro code  0x08002000    0xc0  startup_stm32l031xx.o [1]
                            - 0x080020c0    0xc0

"P1":                                     0x1cec
  .text              ro code  0x080020c0   0x670  modbus_asc.o [1]
  .text              ro code  0x08002730   0x388  modbus_ascii.o [1]
  .text              ro code  0x08002ab8    0xe0  I32DivModFast.o [5]
  .text              ro code  0x08002b98    0xd4  eeprom.o [1]
  .text              ro code  0x08002c6c   0x1cc  usart.o [1]
  .text              ro code  0x08002e38     0x2  IntDivZer.o [5]
  .text              ro code  0x08002e3a    0x2a  zero_init3.o [5]
  .text              ro code  0x08002e64    0x60  stm32l0xx_hal_flash.o [1]
  .text              ro code  0x08002ec4   0x20c  stm32l0xx_hal_gpio.o [1]
  .text              ro code  0x080030d0    0xf8  stm32l0xx_hal_cortex.o [1]
  .text              ro code  0x080031c8   0x58c  stm32l0xx_hal_uart.o [1]
  .text              ro code  0x08003754   0x188  stm32l0xx_hal_rcc_ex.o [1]
  .text              ro code  0x080038dc    0xec  stm32l0xx_hal_rcc.o [1]
  .text              ro code  0x080039c8    0x32  I64Mul.o [5]
  .text              ro code  0x080039fa    0x6a  I64DivMod.o [5]
  .text              ro code  0x08003a64    0x40  stm32l0xx_hal.o [1]
  .text              ro code  0x08003aa4     0x2  I64DivZer.o [5]
  .text              ro code  0x08003aa6     0x2  startup_stm32l031xx.o [1]
  .text              ro code  0x08003aa8    0xc8  main.o [1]
  .text              ro code  0x08003b70    0x1c  FlashIf.o [1]
  .text              ro code  0x08003b8c    0x74  para.o [1]
  .text              ro code  0x08003c00    0x80  system_stm32l0xx.o [1]
  .text              ro code  0x08003c80    0x30  copy_init3.o [5]
  .text              ro code  0x08003cb0    0x28  data_init.o [5]
  .iar.init_table    const    0x08003cd8    0x24  - Linker created -
  .text              ro code  0x08003cfc    0x1a  cmain.o [5]
  .text              ro code  0x08003d16     0x4  low_level_init.o [3]
  .text              ro code  0x08003d1a     0x8  exit.o [3]
  .text              ro code  0x08003d22     0x2  startup_stm32l031xx.o [1]
  .text              ro code  0x08003d24     0xa  cexit.o [5]
  .text              ro code  0x08003d2e     0x2  startup_stm32l031xx.o [1]
  .text              ro code  0x08003d30    0x14  exit.o [6]
  .text              ro code  0x08003d44    0x10  startup_stm32l031xx.o [1]
  .rodata            const    0x08003d54     0xc  system_stm32l0xx.o [1]
  .text              ro code  0x08003d60     0xc  cstartup_M.o [5]
  .rodata            const    0x08003d6c     0x8  system_stm32l0xx.o [1]
  .text              ro code  0x08003d74     0x2  startup_stm32l031xx.o [1]
  .text              ro code  0x08003d76     0x2  startup_stm32l031xx.o [1]
  .text              ro code  0x08003d78     0x2  startup_stm32l031xx.o [1]
  .text              ro code  0x08003d7a     0x2  startup_stm32l031xx.o [1]
  .text              ro code  0x08003d7c     0x2  startup_stm32l031xx.o [1]
  .text              ro code  0x08003d7e     0x2  startup_stm32l031xx.o [1]
  .text              ro code  0x08003d80     0x2  startup_stm32l031xx.o [1]
  .text              ro code  0x08003d82     0x2  startup_stm32l031xx.o [1]
  .text              ro code  0x08003d84     0x2  startup_stm32l031xx.o [1]
  .text              ro code  0x08003d86     0x2  startup_stm32l031xx.o [1]
  .text              ro code  0x08003d88     0x2  startup_stm32l031xx.o [1]
  .text              ro code  0x08003d8a     0x2  startup_stm32l031xx.o [1]
  .text              ro code  0x08003d8c     0x2  startup_stm32l031xx.o [1]
  .text              ro code  0x08003d8e     0x2  startup_stm32l031xx.o [1]
  .text              ro code  0x08003d90     0x2  startup_stm32l031xx.o [1]
  .text              ro code  0x08003d92     0x2  startup_stm32l031xx.o [1]
  .text              ro code  0x08003d94     0x2  startup_stm32l031xx.o [1]
  .text              ro code  0x08003d96     0x2  startup_stm32l031xx.o [1]
  .text              ro code  0x08003d98     0x2  startup_stm32l031xx.o [1]
  .text              ro code  0x08003d9a     0x2  startup_stm32l031xx.o [1]
  .rodata            const    0x08003d9c     0x0  zero_init3.o [5]
  .rodata            const    0x08003d9c     0x0  copy_init3.o [5]
  Initializer bytes  const    0x08003d9c    0x10  <for P2 s0>
                            - 0x08003dac  0x1cec

"P2":                                      0x950
  P2 s0                       0x20000000    0x10  <Init block>
    .data            inited   0x20000000     0x8  para.o [1]
    .data            inited   0x20000008     0x4  system_stm32l0xx.o [1]
    .data            inited   0x2000000c     0x1  modbus_ascii.o [1]
  .bss               zero     0x20000010   0x258  modbus_ascii.o [1]
  .bss               zero     0x20000268    0xc8  modbus_asc.o [1]
  .bss               zero     0x20000330    0xc8  usart.o [1]
  .bss               zero     0x200003f8    0xc8  usart.o [1]
  .bss               zero     0x200004c0    0x70  usart.o [1]
  .bss               zero     0x20000530     0xc  para.o [1]
  .bss               zero     0x2000053c     0x8  para.o [1]
  .bss               zero     0x20000544     0x4  stm32l0xx_hal.o [1]
  .bss               zero     0x20000548     0x2  modbus_ascii.o [1]
  .bss               zero     0x2000054a     0x1  modbus_asc.o [1]
  .bss               zero     0x2000054b     0x1  usart.o [1]
  .bss               zero     0x2000054c     0x1  usart.o [1]
  .bss               zero     0x2000054d     0x1  usart.o [1]
  CSTACK                      0x20000550   0x400  <Block>
    CSTACK           uninit   0x20000550   0x400  <Block tail>
                            - 0x20000950   0x950


*******************************************************************************
*** INIT TABLE
***

          Address     Size
          -------     ----
Zero (__iar_zero_init3)
    1 destination range, total size 0x53e:
          0x20000010  0x53e

Copy (__iar_copy_init3)
    1 source range, total size 0x10 (123% of destination):
          0x08003d9c   0x10
    1 destination range, total size 0xd:
          0x20000000    0xd



*******************************************************************************
*** MODULE SUMMARY
***

    Module                  ro code  ro data  rw data
    ------                  -------  -------  -------
E:\工作工程\温湿度\新建文件夹\L031温度传感器\Project\Debug\Obj: [1]
    FlashIf.o                    28
    eeprom.o                    212
    main.o                      200
    modbus_asc.o              1 648               201
    modbus_ascii.o              904        1      603
    para.o                      116        8       28
    startup_stm32l031xx.o       254
    stm32l0xx_hal.o              64                 4
    stm32l0xx_hal_cortex.o      248
    stm32l0xx_hal_flash.o        96
    stm32l0xx_hal_gpio.o        524
    stm32l0xx_hal_rcc.o         236
    stm32l0xx_hal_rcc_ex.o      392
    stm32l0xx_hal_uart.o      1 420
    system_stm32l0xx.o          128       24        4
    usart.o                     460               515
    -------------------------------------------------
    Total:                    6 930       33    1 355

command line: [2]
    -------------------------------------------------
    Total:

dl6M_tlf.a: [3]
    exit.o                        8
    low_level_init.o              4
    -------------------------------------------------
    Total:                       12

m6M_tl.a: [4]
    -------------------------------------------------
    Total:

rt6M_tl.a: [5]
    I32DivModFast.o             224
    I64DivMod.o                 106
    I64DivZer.o                   2
    I64Mul.o                     50
    IntDivZer.o                   2
    cexit.o                      10
    cmain.o                      26
    copy_init3.o                 48
    cstartup_M.o                 12
    data_init.o                  40
    zero_init3.o                 42
    -------------------------------------------------
    Total:                      562

shb_l.a: [6]
    exit.o                       20
    -------------------------------------------------
    Total:                       20

    Linker created                        39    1 024
-----------------------------------------------------
    Grand Total:              7 524       72    2 379


*******************************************************************************
*** ENTRY LIST
***

Entry                      Address   Size  Type      Object
-----                      -------   ----  ----      ------
.iar.init_table$$Base   0x08003cd8          --   Gb  - Linker created -
.iar.init_table$$Limit  0x08003cfc          --   Gb  - Linker created -
?main                   0x08003cfd         Code  Gb  cmain.o [5]
APBPrescTable           0x08003d6c    0x8  Data  Gb  system_stm32l0xx.o [1]
CSTACK$$Base            0x20000550          --   Gb  - Linker created -
CSTACK$$Limit           0x20000950          --   Gb  - Linker created -
Cur_Param               0x2000053c    0x8  Data  Gb  para.o [1]
Eeprom_ReadByte         0x08002bcf   0x1c  Code  Gb  eeprom.o [1]
Eeprom_ReadNBytes       0x08002c33   0x2c  Code  Gb  eeprom.o [1]
Eeprom_WriteByte        0x08002b99   0x36  Code  Gb  eeprom.o [1]
Eeprom_WriteNBytes      0x08002beb   0x48  Code  Gb  eeprom.o [1]
FLASH_If_Init           0x08003b71   0x12  Code  Gb  FlashIf.o [1]
HAL_FLASH_Lock          0x08002e97   0x10  Code  Gb  stm32l0xx_hal_flash.o [1]
HAL_FLASH_Unlock        0x08002e65   0x32  Code  Gb  stm32l0xx_hal_flash.o [1]
HAL_GPIO_Init           0x08002ec5  0x1bc  Code  Gb  stm32l0xx_hal_gpio.o [1]
HAL_GPIO_ReadPin        0x08003095   0x16  Code  Gb  stm32l0xx_hal_gpio.o [1]
HAL_GPIO_WritePin       0x080030ab   0x14  Code  Gb  stm32l0xx_hal_gpio.o [1]
HAL_GetTick             0x08003a95    0x6  Code  Wk  stm32l0xx_hal.o [1]
HAL_IncTick             0x08003a89    0xc  Code  Wk  stm32l0xx_hal.o [1]
HAL_InitTick            0x08003a65   0x24  Code  Wk  stm32l0xx_hal.o [1]
HAL_NVIC_EnableIRQ      0x0800319f    0xa  Code  Gb  stm32l0xx_hal_cortex.o [1]
HAL_NVIC_SetPriority    0x08003195    0xa  Code  Gb  stm32l0xx_hal_cortex.o [1]
HAL_RCCEx_GetPeriphCLKFreq
                        0x08003755  0x164  Code  Gb  stm32l0xx_hal_rcc_ex.o [1]
HAL_RCC_GetHCLKFreq     0x0800396f    0x6  Code  Gb  stm32l0xx_hal_rcc.o [1]
HAL_RCC_GetPCLK1Freq    0x08003975   0x18  Code  Gb  stm32l0xx_hal_rcc.o [1]
HAL_RCC_GetPCLK2Freq    0x0800398d   0x18  Code  Gb  stm32l0xx_hal_rcc.o [1]
HAL_RCC_GetSysClockFreq
                        0x080038dd   0x92  Code  Gb  stm32l0xx_hal_rcc.o [1]
HAL_SYSTICK_Config      0x080031a9    0x8  Code  Gb  stm32l0xx_hal_cortex.o [1]
HAL_UART_Init           0x080031c9   0x7e  Code  Gb  stm32l0xx_hal_uart.o [1]
HAL_UART_MspInit        0x0800324d    0x2  Code  Wk  stm32l0xx_hal_uart.o [1]
LPUART1_HandleStruct    0x200004c0   0x70  Data  Gb  usart.o [1]
LPUART1_IRQHandler      0x08002d93   0x78  Code  Gb  usart.o [1]
MBASC_Fun03             0x08002135  0x178  Code  Gb  modbus_asc.o [1]
MBASC_Fun04             0x080022b9  0x11a  Code  Gb  modbus_asc.o [1]
MBASC_Fun10             0x080023e1  0x176  Code  Gb  modbus_asc.o [1]
MBASC_Fun41             0x0800255d   0xf0  Code  Gb  modbus_asc.o [1]
MBASC_Function          0x08002659   0xbc  Code  Gb  modbus_asc.o [1]
MBASC_SendErr           0x080020f1   0x44  Code  Gb  modbus_asc.o [1]
MBASC_SendMsg           0x080020d3   0x12  Code  Gb  modbus_asc.o [1]
MBASC_SendMsg_NoLimit   0x080020e5    0xc  Code  Gb  modbus_asc.o [1]
MODBUS_ASCII_AsciiPacketToRtuPacket
                        0x08002815   0x4a  Code  Gb  modbus_ascii.o [1]
MODBUS_ASCII_AsciiToHex
                        0x0800276f   0x52  Code  Gb  modbus_ascii.o [1]
MODBUS_ASCII_CheckAscii
                        0x08002963   0x44  Code  Gb  modbus_ascii.o [1]
MODBUS_ASCII_GetLrc     0x080027c1   0x54  Code  Gb  modbus_ascii.o [1]
MODBUS_ASCII_HandlRevData
                        0x0800288f   0xd4  Code  Gb  modbus_ascii.o [1]
MODBUS_ASCII_HexToAscii
                        0x08002731   0x3e  Code  Gb  modbus_ascii.o [1]
MODBUS_ASCII_RecvData   0x080029a7   0x84  Code  Gb  modbus_ascii.o [1]
MODBUS_ASCII_RtuPacketToAsciiPacket
                        0x0800285f   0x30  Code  Gb  modbus_ascii.o [1]
MODBUS_ASCII_SendData   0x08002a2b   0x6e  Code  Gb  modbus_ascii.o [1]
NVIC_EnableIRQ          0x080030d1    0xe  Code  Lc  stm32l0xx_hal_cortex.o [1]
NVIC_SetPriority        0x080030df   0x86  Code  Lc  stm32l0xx_hal_cortex.o [1]
NVIC_SystemReset        0x080020c1   0x12  Code  Lc  modbus_asc.o [1]
PLLMulTable             0x08003d54    0xc  Data  Gb  system_stm32l0xx.o [1]
ReadPara                0x08003b8d   0x74  Code  Gb  para.o [1]
Region$$Table$$Base     0x08003cd8          --   Gb  - Linker created -
Region$$Table$$Limit    0x08003cfc          --   Gb  - Linker created -
SendBuf                 0x20000268   0xc8  Data  Gb  modbus_asc.o [1]
SendLen                 0x2000054a    0x1  Data  Gb  modbus_asc.o [1]
SysTick_Config          0x08003165   0x30  Code  Lc  stm32l0xx_hal_cortex.o [1]
SysTick_Handler         0x08003b69    0x8  Code  Gb  main.o [1]
SystemCoreClock         0x20000008    0x4  Data  Gb  system_stm32l0xx.o [1]
SystemInit              0x08003c01   0x58  Code  Gb  system_stm32l0xx.o [1]
UART1_RXBuff            0x20000330   0xc8  Data  Gb  usart.o [1]
UART1_SendData          0x08002d49   0x4a  Code  Gb  usart.o [1]
UART1_TXBUFF            0x200003f8   0xc8  Data  Gb  usart.o [1]
UART_AdvFeatureConfig   0x08003559   0xde  Code  Gb  stm32l0xx_hal_uart.o [1]
UART_CheckIdleState     0x08003645   0x6a  Code  Gb  stm32l0xx_hal_uart.o [1]
UART_SetConfig          0x0800324f  0x2ec  Code  Gb  stm32l0xx_hal_uart.o [1]
UART_WaitOnFlagUntilTimeout
                        0x080036b5   0x6a  Code  Gb  stm32l0xx_hal_uart.o [1]
UartRecvFrameOK         0x2000054d    0x1  Data  Gb  usart.o [1]
Uart_Config_Init        0x08002cd1   0x78  Code  Gb  usart.o [1]
Usart_Gpio_Init         0x08002c6d   0x64  Code  Gb  usart.o [1]
UserPara                0x20000530    0xc  Data  Gb  para.o [1]
User_Default_Param      0x20000000    0x8  Data  Lc  para.o [1]
__aeabi_idiv            0x08002ae5         Code  Gb  I32DivModFast.o [5]
__aeabi_idiv0           0x08002e39         Code  Gb  IntDivZer.o [5]
__aeabi_idivmod         0x08002ae5         Code  Gb  I32DivModFast.o [5]
__aeabi_ldiv0           0x08003aa5         Code  Gb  I64DivZer.o [5]
__aeabi_lmul            0x080039c9         Code  Gb  I64Mul.o [5]
__aeabi_uidiv           0x08002aeb         Code  Gb  I32DivModFast.o [5]
__aeabi_uidivmod        0x08002aeb         Code  Gb  I32DivModFast.o [5]
__aeabi_uldivmod        0x080039fb         Code  Gb  I64DivMod.o [5]
__cmain                 0x08003cfd         Code  Gb  cmain.o [5]
__exit                  0x08003d31   0x14  Code  Gb  exit.o [6]
__iar_copy_init3        0x08003c81   0x30  Code  Gb  copy_init3.o [5]
__iar_data_init3        0x08003cb1   0x28  Code  Gb  data_init.o [5]
__iar_program_start     0x08003d61         Code  Gb  cstartup_M.o [5]
__iar_zero_init3        0x08002e3b   0x2a  Code  Gb  zero_init3.o [5]
__low_level_init        0x08003d17    0x4  Code  Gb  low_level_init.o [3]
__vector_table          0x08002000         Data  Gb  startup_stm32l031xx.o [1]
_call_main              0x08003d09         Code  Gb  cmain.o [5]
_exit                   0x08003d25         Code  Gb  cexit.o [5]
_main                   0x08003d13         Code  Gb  cmain.o [5]
cyAsciiBuff             0x20000010  0x258  Data  Gb  modbus_ascii.o [1]
exit                    0x08003d1b    0x8  Code  Gb  exit.o [3]
g_cyRevBufffLen         0x20000548    0x2  Data  Lc  modbus_ascii.o [1]
g_cyRevState            0x2000000c    0x1  Data  Lc  modbus_ascii.o [1]
main                    0x08003aa9   0xb4  Code  Gb  main.o [1]
u8SendIndex             0x2000054c    0x1  Data  Gb  usart.o [1]
u8SendNum               0x2000054b    0x1  Data  Gb  usart.o [1]
uwTick                  0x20000544    0x4  Data  Gb  stm32l0xx_hal.o [1]


[1] = E:\工作工程\温湿度\新建文件夹\L031温度传感器\Project\Debug\Obj
[2] = command line
[3] = dl6M_tlf.a
[4] = m6M_tl.a
[5] = rt6M_tl.a
[6] = shb_l.a

  7 524 bytes of readonly  code memory
     72 bytes of readonly  data memory
  2 379 bytes of readwrite data memory

Errors: none
Warnings: none
