###############################################################################
#
# IAR ELF Linker V8.30.1.114/W32 for ARM                  10/Apr/2020  17:08:03
# Copyright 2007-2018 IAR Systems AB.
#
#    Output file  =  
#        F:\信为产品\正反转\DirectionSensor_rotation_1.2_正反转_L031(F3)\Project\Debug\Exe\WorkTime_L031_F3.out
#    Map file     =  
#        F:\信为产品\正反转\DirectionSensor_rotation_1.2_正反转_L031(F3)\Project\Debug\List\WorkTime_L031_F3.map
#    Command line =  
#        -f C:\Users\李\AppData\Local\Temp\EW153C.tmp
#        ("F:\信为产品\正反转\DirectionSensor_rotation_1.2_正反转_L031(F3)\Project\Debug\Obj\adc.o"
#        "F:\信为产品\正反转\DirectionSensor_rotation_1.2_正反转_L031(F3)\Project\Debug\Obj\common.o"
#        "F:\信为产品\正反转\DirectionSensor_rotation_1.2_正反转_L031(F3)\Project\Debug\Obj\eeprom.o"
#        "F:\信为产品\正反转\DirectionSensor_rotation_1.2_正反转_L031(F3)\Project\Debug\Obj\main.o"
#        "F:\信为产品\正反转\DirectionSensor_rotation_1.2_正反转_L031(F3)\Project\Debug\Obj\modbus_asc.o"
#        "F:\信为产品\正反转\DirectionSensor_rotation_1.2_正反转_L031(F3)\Project\Debug\Obj\modbus_ascii.o"
#        "F:\信为产品\正反转\DirectionSensor_rotation_1.2_正反转_L031(F3)\Project\Debug\Obj\para.o"
#        "F:\信为产品\正反转\DirectionSensor_rotation_1.2_正反转_L031(F3)\Project\Debug\Obj\startup_stm32l031xx.o"
#        "F:\信为产品\正反转\DirectionSensor_rotation_1.2_正反转_L031(F3)\Project\Debug\Obj\stm32l0xx_hal.o"
#        "F:\信为产品\正反转\DirectionSensor_rotation_1.2_正反转_L031(F3)\Project\Debug\Obj\stm32l0xx_hal_adc.o"
#        "F:\信为产品\正反转\DirectionSensor_rotation_1.2_正反转_L031(F3)\Project\Debug\Obj\stm32l0xx_hal_adc_ex.o"
#        "F:\信为产品\正反转\DirectionSensor_rotation_1.2_正反转_L031(F3)\Project\Debug\Obj\stm32l0xx_hal_comp.o"
#        "F:\信为产品\正反转\DirectionSensor_rotation_1.2_正反转_L031(F3)\Project\Debug\Obj\stm32l0xx_hal_comp_ex.o"
#        "F:\信为产品\正反转\DirectionSensor_rotation_1.2_正反转_L031(F3)\Project\Debug\Obj\stm32l0xx_hal_cortex.o"
#        "F:\信为产品\正反转\DirectionSensor_rotation_1.2_正反转_L031(F3)\Project\Debug\Obj\stm32l0xx_hal_dma.o"
#        "F:\信为产品\正反转\DirectionSensor_rotation_1.2_正反转_L031(F3)\Project\Debug\Obj\stm32l0xx_hal_flash.o"
#        "F:\信为产品\正反转\DirectionSensor_rotation_1.2_正反转_L031(F3)\Project\Debug\Obj\stm32l0xx_hal_flash_ex.o"
#        "F:\信为产品\正反转\DirectionSensor_rotation_1.2_正反转_L031(F3)\Project\Debug\Obj\stm32l0xx_hal_flash_ramfunc.o"
#        "F:\信为产品\正反转\DirectionSensor_rotation_1.2_正反转_L031(F3)\Project\Debug\Obj\stm32l0xx_hal_gpio.o"
#        "F:\信为产品\正反转\DirectionSensor_rotation_1.2_正反转_L031(F3)\Project\Debug\Obj\stm32l0xx_hal_iwdg.o"
#        "F:\信为产品\正反转\DirectionSensor_rotation_1.2_正反转_L031(F3)\Project\Debug\Obj\stm32l0xx_hal_rcc.o"
#        "F:\信为产品\正反转\DirectionSensor_rotation_1.2_正反转_L031(F3)\Project\Debug\Obj\stm32l0xx_hal_rcc_ex.o"
#        "F:\信为产品\正反转\DirectionSensor_rotation_1.2_正反转_L031(F3)\Project\Debug\Obj\stm32l0xx_hal_tim.o"
#        "F:\信为产品\正反转\DirectionSensor_rotation_1.2_正反转_L031(F3)\Project\Debug\Obj\stm32l0xx_hal_tim_ex.o"
#        "F:\信为产品\正反转\DirectionSensor_rotation_1.2_正反转_L031(F3)\Project\Debug\Obj\stm32l0xx_hal_uart.o"
#        "F:\信为产品\正反转\DirectionSensor_rotation_1.2_正反转_L031(F3)\Project\Debug\Obj\stm32l0xx_hal_uart_ex.o"
#        "F:\信为产品\正反转\DirectionSensor_rotation_1.2_正反转_L031(F3)\Project\Debug\Obj\stm32l0xx_hal_usart.o"
#        "F:\信为产品\正反转\DirectionSensor_rotation_1.2_正反转_L031(F3)\Project\Debug\Obj\system_stm32l0xx.o"
#        "F:\信为产品\正反转\DirectionSensor_rotation_1.2_正反转_L031(F3)\Project\Debug\Obj\tim1.o"
#        "F:\信为产品\正反转\DirectionSensor_rotation_1.2_正反转_L031(F3)\Project\Debug\Obj\usart.o"
#        --no_out_extension -o
#        "F:\信为产品\正反转\DirectionSensor_rotation_1.2_正反转_L031(F3)\Project\Debug\Exe\WorkTime_L031_F3.out"
#        --map
#        "F:\信为产品\正反转\DirectionSensor_rotation_1.2_正反转_L031(F3)\Project\Debug\List\WorkTime_L031_F3.map"
#        --config
#        "F:\信为产品\正反转\DirectionSensor_rotation_1.2_正反转_L031(F3)\Project\stm32l031xx_flash.icf"
#        --semihosting --entry __iar_program_start --vfe --text_out locale)
#
###############################################################################

*******************************************************************************
*** RUNTIME MODEL ATTRIBUTES
***

CppFlavor       = *
__SystemLibrary = DLib
__dlib_version  = 6


*******************************************************************************
*** HEAP SELECTION
***

The basic heap was selected because no calls to memory allocation
functions were found in the application outside of system library
functions, and there are calls to deallocation functions in the
application.


*******************************************************************************
*** PLACEMENT SUMMARY
***

"A0":  place at 0x800'2000 { ro section .intvec };
"P1":  place in [from 0x800'2000 to 0x800'3fff] { ro };
define block CSTACK with size = 2K, alignment = 8 { };
define block HEAP with size = 2K, alignment = 8 { };
"P2":  place in [from 0x2000'0000 to 0x2000'1fff] {
          rw, block CSTACK, block HEAP };
initialize by copy { rw };

  Section            Kind         Address    Size  Object
  -------            ----         -------    ----  ------
"A0":                                        0xc0
  .intvec            ro code   0x800'2000    0xc0  startup_stm32l031xx.o [1]
                             - 0x800'20c0    0xc0

"P1":                                      0x1e3c
  .text              ro code   0x800'20c0   0x6f4  modbus_asc.o [1]
  .text              ro code   0x800'27b4    0x2e  common.o [1]
  .text              ro code   0x800'27e2     0x2  startup_stm32l031xx.o [1]
  .text              ro code   0x800'27e4   0x284  modbus_ascii.o [1]
  .text              ro code   0x800'2a68    0xe0  I32DivModFast.o [4]
  .text              ro code   0x800'2b48    0x78  eeprom.o [1]
  .text              ro code   0x800'2bc0    0xd4  para.o [1]
  .text              ro code   0x800'2c94   0x328  usart.o [1]
  .text              ro code   0x800'2fbc     0x2  IntDivZer.o [4]
  .text              ro code   0x800'2fbe     0x2  startup_stm32l031xx.o [1]
  .text              ro code   0x800'2fc0    0x34  stm32l0xx_hal_flash_ex.o [1]
  .text              ro code   0x800'2ff4    0x6a  I64DivMod.o [4]
  .text              ro code   0x800'305e     0x2  startup_stm32l031xx.o [1]
  .text              ro code   0x800'3060     0x2  I64DivZer.o [4]
  .text              ro code   0x800'3062     0x2  startup_stm32l031xx.o [1]
  .text              ro code   0x800'3064   0x4b4  stm32l0xx_hal_tim.o [1]
  .text              ro code   0x800'3518   0x17c  tim1.o [1]
  .text              ro code   0x800'3694     0x2  stm32l0xx_hal_tim.o [1]
  .text              ro code   0x800'3696     0x2  stm32l0xx_hal_tim.o [1]
  .text              ro code   0x800'3698     0x2  stm32l0xx_hal_tim.o [1]
  .text              ro code   0x800'369a     0x2  stm32l0xx_hal_tim.o [1]
  .text              ro code   0x800'369c     0x2  stm32l0xx_hal_tim.o [1]
  .text              ro code   0x800'369e     0x2  startup_stm32l031xx.o [1]
  .text              ro code   0x800'36a0    0xa8  stm32l0xx_hal_cortex.o [1]
  .text              ro code   0x800'3748   0x194  stm32l0xx_hal_gpio.o [1]
  .text              ro code   0x800'38dc   0x20c  stm32l0xx_hal_rcc.o [1]
  .text              ro code   0x800'3ae8     0xc  stm32l0xx_hal.o [1]
  .text              ro code   0x800'3af4    0x28  stm32l0xx_hal.o [1]
  .text              ro code   0x800'3b1c   0x1e0  main.o [1]
  .text              ro code   0x800'3cfc    0x32  ABImemset.o [4]
  .text              ro code   0x800'3d2e     0x2  startup_stm32l031xx.o [1]
  .text              ro code   0x800'3d30    0x78  system_stm32l0xx.o [1]
  .text              ro code   0x800'3da8    0x3c  zero_init3.o [4]
  .text              ro code   0x800'3de4    0x3c  packbits_init_single.o [4]
  .text              ro code   0x800'3e20    0x28  data_init.o [4]
  .iar.init_table    const     0x800'3e48    0x20  - Linker created -
  .text              ro code   0x800'3e68    0x1e  cmain.o [4]
  .text              ro code   0x800'3e86     0x4  low_level_init.o [2]
  .text              ro code   0x800'3e8a     0x8  exit.o [2]
  .text              ro code   0x800'3e92     0x2  startup_stm32l031xx.o [1]
  .text              ro code   0x800'3e94     0xa  cexit.o [4]
  .text              ro code   0x800'3e9e     0x2  startup_stm32l031xx.o [1]
  .text              ro code   0x800'3ea0    0x14  exit.o [5]
  .text              ro code   0x800'3eb4    0x10  startup_stm32l031xx.o [1]
  .text              ro code   0x800'3ec4     0xc  cstartup_M.o [4]
  .text              ro code   0x800'3ed0     0x2  startup_stm32l031xx.o [1]
  .text              ro code   0x800'3ed2     0x2  startup_stm32l031xx.o [1]
  .text              ro code   0x800'3ed4     0x2  startup_stm32l031xx.o [1]
  .text              ro code   0x800'3ed6     0x2  startup_stm32l031xx.o [1]
  .text              ro code   0x800'3ed8     0x2  startup_stm32l031xx.o [1]
  .text              ro code   0x800'3eda     0x2  startup_stm32l031xx.o [1]
  .text              ro code   0x800'3edc     0x2  startup_stm32l031xx.o [1]
  .text              ro code   0x800'3ede     0x2  startup_stm32l031xx.o [1]
  .text              ro code   0x800'3ee0     0x2  startup_stm32l031xx.o [1]
  .text              ro code   0x800'3ee2     0x2  startup_stm32l031xx.o [1]
  .text              ro code   0x800'3ee4     0x2  startup_stm32l031xx.o [1]
  .text              ro code   0x800'3ee6     0x2  startup_stm32l031xx.o [1]
  .text              ro code   0x800'3ee8     0x2  startup_stm32l031xx.o [1]
  .text              ro code   0x800'3eea     0x2  startup_stm32l031xx.o [1]
  .rodata            const     0x800'3eec     0x0  zero_init3.o [4]
  .rodata            const     0x800'3eec     0x0  packbits_init_single.o [4]
  Initializer bytes  const     0x800'3eec    0x10  <for P2-1>
                             - 0x800'3efc  0x1e3c

"P2", part 1 of 3:                           0x40
  P2-1                        0x2000'0000    0x40  <Init block>
    .data            inited   0x2000'0000    0x38  para.o [1]
    .data            inited   0x2000'0038     0x4  system_stm32l0xx.o [1]
    .data            inited   0x2000'003c     0x4  modbus_ascii.o [1]
                            - 0x2000'0040    0x40

"P2", part 2 of 3:                          0x2d4
  .bss               zero     0x2000'0040    0x9c  usart.o [1]
  .bss               zero     0x2000'00dc    0x98  modbus_ascii.o [1]
  .bss               zero     0x2000'0174    0x98  usart.o [1]
  .bss               zero     0x2000'020c    0x64  modbus_asc.o [1]
  .bss               zero     0x2000'0270    0x40  tim1.o [1]
  .bss               zero     0x2000'02b0    0x38  tim1.o [1]
  .bss               zero     0x2000'02e8    0x24  para.o [1]
  .bss               zero     0x2000'030c     0x4  stm32l0xx_hal.o [1]
  .bss               zero     0x2000'0310     0x2  usart.o [1]
  .bss               zero     0x2000'0312     0x1  modbus_asc.o [1]
                            - 0x2000'0313   0x2d3

"P2", part 3 of 3:                          0x800
  CSTACK                      0x2000'0318   0x800  <Block>
    CSTACK           uninit   0x2000'0318   0x800  <Block tail>
                            - 0x2000'0b18   0x800

Unused ranges:

         From           To    Size
         ----           --    ----
   0x800'3efc   0x800'3fff   0x104
  0x2000'0314  0x2000'0317     0x4
  0x2000'0b18  0x2000'1fff  0x14e8


*******************************************************************************
*** INIT TABLE
***

          Address      Size
          -------      ----
Zero (__iar_zero_init3)
    1 destination range, total size 0x2d3:
          0x2000'0040  0x2d3

Copy/packbits (__iar_packbits_init_single3)
    1 source range, total size 0x10 (25% of destination):
           0x800'3eec   0x10
    1 destination range, total size 0x40:
          0x2000'0000   0x40



*******************************************************************************
*** MODULE SUMMARY
***

    Module                    ro code  ro data  rw data
    ------                    -------  -------  -------
command line/config:
    ---------------------------------------------------
    Total:

F:\信为产品\正反转\DirectionSensor_rotation_1.2_正反转_L031(F3)\Project\Debug\Obj: [1]
    common.o                       46
    eeprom.o                      120
    main.o                        480
    modbus_asc.o                1 780               101
    modbus_ascii.o                644        1      156
    para.o                        212       14       92
    startup_stm32l031xx.o         252
    stm32l0xx_hal.o                52                 4
    stm32l0xx_hal_cortex.o        168
    stm32l0xx_hal_flash_ex.o       52
    stm32l0xx_hal_gpio.o          404
    stm32l0xx_hal_rcc.o           524
    stm32l0xx_hal_tim.o         1 214
    system_stm32l0xx.o            120        1        4
    tim1.o                        380               120
    usart.o                       808               310
    ---------------------------------------------------
    Total:                      7 256       16      787

dl6M_tln.a: [2]
    exit.o                          8
    low_level_init.o                4
    ---------------------------------------------------
    Total:                         12

m6M_tl.a: [3]
    ---------------------------------------------------
    Total:

rt6M_tl.a: [4]
    ABImemset.o                    50
    I32DivModFast.o               224
    I64DivMod.o                   106
    I64DivZer.o                     2
    IntDivZer.o                     2
    cexit.o                        10
    cmain.o                        30
    cstartup_M.o                   12
    data_init.o                    40
    packbits_init_single.o         60
    zero_init3.o                   60
    ---------------------------------------------------
    Total:                        596

shb_l.a: [5]
    exit.o                         20
    ---------------------------------------------------
    Total:                         20

    Linker created                          32    2 048
-------------------------------------------------------
    Grand Total:                7 884       48    2 835


*******************************************************************************
*** ENTRY LIST
***

Entry                       Address   Size  Type      Object
-----                       -------   ----  ----      ------
.iar.init_table$$Base    0x800'3e48          --   Gb  - Linker created -
.iar.init_table$$Limit   0x800'3e68          --   Gb  - Linker created -
?main                    0x800'3e69         Code  Gb  cmain.o [4]
AHBPrescTable            0x800'3d8c   0x10  Data  Gb  system_stm32l0xx.o [1]
CSTACK$$Base            0x2000'0318          --   Gb  - Linker created -
CSTACK$$Limit           0x2000'0b18          --   Gb  - Linker created -
Cur_Param               0x2000'0000   0x1c  Data  Gb  para.o [1]
Delay_Ms                 0x800'27b5   0x10  Code  Gb  common.o [1]
Eeprom_ReadNBytes        0x800'2b8f   0x24  Code  Gb  eeprom.o [1]
Eeprom_WriteNBytes       0x800'2b49   0x46  Code  Gb  eeprom.o [1]
GPIO_Configuration       0x800'3b55   0x38  Code  Gb  main.o [1]
HAL_FLASHEx_DATAEEPROM_Lock
                         0x800'2fd9    0xe  Code  Gb  stm32l0xx_hal_flash_ex.o [1]
HAL_FLASHEx_DATAEEPROM_Unlock
                         0x800'2fc1   0x18  Code  Gb  stm32l0xx_hal_flash_ex.o [1]
HAL_GPIO_Init            0x800'3749  0x16c  Code  Gb  stm32l0xx_hal_gpio.o [1]
HAL_GPIO_ReadPin         0x800'38b5    0xe  Code  Gb  stm32l0xx_hal_gpio.o [1]
HAL_GetTick              0x800'3ae9    0xc  Code  Wk  stm32l0xx_hal.o [1]
HAL_InitTick             0x800'3af5   0x28  Code  Wk  stm32l0xx_hal.o [1]
HAL_NVIC_EnableIRQ       0x800'3729    0x8  Code  Gb  stm32l0xx_hal_cortex.o [1]
HAL_NVIC_SetPriority     0x800'3721    0x8  Code  Gb  stm32l0xx_hal_cortex.o [1]
HAL_RCC_ClockConfig      0x800'38dd  0x168  Code  Gb  stm32l0xx_hal_rcc.o [1]
HAL_RCC_GetSysClockFreq
                         0x800'3a45   0x78  Code  Gb  stm32l0xx_hal_rcc.o [1]
HAL_SYSTICK_Config       0x800'3731    0x8  Code  Gb  stm32l0xx_hal_cortex.o [1]
HAL_TIM_Base_Init        0x800'3065   0x36  Code  Gb  stm32l0xx_hal_tim.o [1]
HAL_TIM_Base_MspInit     0x800'3543   0x2a  Code  Gb  tim1.o [1]
HAL_TIM_Base_Start_IT    0x800'309b   0x16  Code  Gb  stm32l0xx_hal_tim.o [1]
HAL_TIM_IC_ConfigChannel
                         0x800'3291   0xaa  Code  Gb  stm32l0xx_hal_tim.o [1]
HAL_TIM_IC_Init          0x800'30b1   0x36  Code  Gb  stm32l0xx_hal_tim.o [1]
HAL_TIM_IC_Start_IT      0x800'3109   0x5a  Code  Gb  stm32l0xx_hal_tim.o [1]
HAL_TIM_IC_Stop          0x800'30e7   0x22  Code  Gb  stm32l0xx_hal_tim.o [1]
HAL_TIM_IRQHandler       0x800'3169  0x128  Code  Gb  stm32l0xx_hal_tim.o [1]
HAL_TIM_PeriodElapsedCallback
                         0x800'3577   0x70  Code  Gb  tim1.o [1]
HAL_TIM_ReadCapturedValue
                         0x800'3341   0x4a  Code  Gb  stm32l0xx_hal_tim.o [1]
LPUART1_IRQHandler       0x800'2f2d   0x56  Code  Gb  usart.o [1]
MBASC_Fun03              0x800'2125   0xe6  Code  Gb  modbus_asc.o [1]
MBASC_Fun04              0x800'220b   0xf6  Code  Gb  modbus_asc.o [1]
MBASC_Fun05              0x800'2305   0x8a  Code  Gb  modbus_asc.o [1]
MBASC_Fun10              0x800'23a5  0x136  Code  Gb  modbus_asc.o [1]
MBASC_Fun2B              0x800'24dd  0x142  Code  Gb  modbus_asc.o [1]
MBASC_Fun41              0x800'2639   0xb4  Code  Gb  modbus_asc.o [1]
MBASC_Function           0x800'26f1   0x8e  Code  Gb  modbus_asc.o [1]
MBASC_GetSlaveAddr       0x800'20d3    0x4  Code  Gb  modbus_asc.o [1]
MBASC_SendErr            0x800'2109   0x1c  Code  Gb  modbus_asc.o [1]
MBASC_SendMsg            0x800'20d7   0x1c  Code  Gb  modbus_asc.o [1]
MBASC_SendMsg_NoLimit    0x800'20f3   0x16  Code  Gb  modbus_asc.o [1]
MODBUS_ASCII_AsciiPacketToRtuPacket
                         0x800'2877   0x2c  Code  Gb  modbus_ascii.o [1]
MODBUS_ASCII_AsciiToHex
                         0x800'280f   0x30  Code  Gb  modbus_ascii.o [1]
MODBUS_ASCII_CheckAscii
                         0x800'294d   0x38  Code  Gb  modbus_ascii.o [1]
MODBUS_ASCII_GetLrc      0x800'283f   0x38  Code  Gb  modbus_ascii.o [1]
MODBUS_ASCII_HandlRevData
                         0x800'28cf   0x7e  Code  Gb  modbus_ascii.o [1]
MODBUS_ASCII_HexToAscii
                         0x800'27e5   0x2a  Code  Gb  modbus_ascii.o [1]
MODBUS_ASCII_RecvData    0x800'2985   0x72  Code  Gb  modbus_ascii.o [1]
MODBUS_ASCII_RtuPacketToAsciiPacket
                         0x800'28a3   0x2c  Code  Gb  modbus_ascii.o [1]
MODBUS_ASCII_SendData    0x800'29f7   0x60  Code  Gb  modbus_ascii.o [1]
MX_TIM22_Init            0x800'35e7   0x72  Code  Gb  tim1.o [1]
PLLMulTable              0x800'3d9c    0xc  Data  Gb  system_stm32l0xx.o [1]
PulseFlag               0x2000'0270    0x1  Data  Gb  tim1.o [1]
ReadPara                 0x800'2bc1   0xcc  Code  Gb  para.o [1]
Region$$Table$$Base      0x800'3e48          --   Gb  - Linker created -
Region$$Table$$Limit     0x800'3e68          --   Gb  - Linker created -
SendBuf                 0x2000'020c   0x64  Data  Gb  modbus_asc.o [1]
SendLen                 0x2000'0312    0x1  Data  Gb  modbus_asc.o [1]
SensorSoftVersion        0x800'27ac    0x8  Data  Gb  modbus_asc.o [1]
SysTick_Config           0x800'36f7   0x2a  Code  Lc  stm32l0xx_hal_cortex.o [1]
SystemClock_Config       0x800'3b1d   0x38  Code  Lc  main.o [1]
SystemCoreClock         0x2000'0038    0x4  Data  Gb  system_stm32l0xx.o [1]
SystemInit               0x800'3d31   0x3e  Code  Gb  system_stm32l0xx.o [1]
TIM22_Handler           0x2000'02b0   0x38  Data  Gb  tim1.o [1]
TIM22_IRQHandler         0x800'3659    0xa  Code  Gb  tim1.o [1]
TIM2_Handler            0x2000'0278   0x38  Data  Gb  tim1.o [1]
TIM2_IRQHandler          0x800'356d    0xa  Code  Gb  tim1.o [1]
TIM2_Init                0x800'3519   0x2a  Code  Gb  tim1.o [1]
TIM_Base_SetConfig       0x800'338b   0x5e  Code  Lc  stm32l0xx_hal_tim.o [1]
TIM_CCxChannelCmd        0x800'3501   0x18  Code  Lc  stm32l0xx_hal_tim.o [1]
TIM_TI1_SetConfig        0x800'33e9   0x52  Code  Lc  stm32l0xx_hal_tim.o [1]
TIM_TI2_SetConfig        0x800'343b   0x36  Code  Lc  stm32l0xx_hal_tim.o [1]
TIM_TI3_SetConfig        0x800'3471   0x34  Code  Lc  stm32l0xx_hal_tim.o [1]
TIM_TI4_SetConfig        0x800'34a5   0x3a  Code  Lc  stm32l0xx_hal_tim.o [1]
Time_1s_flag            0x2000'0271    0x1  Data  Gb  tim1.o [1]
Time_5s_flag            0x2000'0272    0x1  Data  Gb  tim1.o [1]
UART1_RXBuff            0x2000'0044   0x98  Data  Gb  usart.o [1]
UART1_RXBuffLen         0x2000'0040    0x1  Data  Gb  usart.o [1]
UART1_SendData           0x800'2eb9   0x50  Code  Gb  usart.o [1]
UART1_TXBuff            0x2000'0174   0x98  Data  Gb  usart.o [1]
UartRecvFrameOK         0x2000'0041    0x1  Data  Gb  usart.o [1]
Uart_Config_Init         0x800'2cf9  0x1c0  Code  Gb  usart.o [1]
Usart_Gpio_Init          0x800'2c95   0x62  Code  Gb  usart.o [1]
UserPara                0x2000'02e8   0x24  Data  Gb  para.o [1]
User_Default_Param      0x2000'001c   0x1c  Data  Gb  para.o [1]
__NVIC_EnableIRQ         0x800'36a1   0x12  Code  Lc  stm32l0xx_hal_cortex.o [1]
__NVIC_SetPriority       0x800'36b3   0x44  Code  Lc  stm32l0xx_hal_cortex.o [1]
__NVIC_SystemReset       0x800'20c1   0x12  Code  Lc  modbus_asc.o [1]
__aeabi_idiv             0x800'2a95         Code  Gb  I32DivModFast.o [4]
__aeabi_idiv0            0x800'2fbd         Code  Gb  IntDivZer.o [4]
__aeabi_idivmod          0x800'2a95         Code  Gb  I32DivModFast.o [4]
__aeabi_ldiv0            0x800'3061         Code  Gb  I64DivZer.o [4]
__aeabi_memclr4          0x800'3cfd         Code  Gb  ABImemset.o [4]
__aeabi_memclr8          0x800'3cfd         Code  Gb  ABImemset.o [4]
__aeabi_uidiv            0x800'2a9b         Code  Gb  I32DivModFast.o [4]
__aeabi_uidivmod         0x800'2a9b         Code  Gb  I32DivModFast.o [4]
__aeabi_uldivmod         0x800'2ff5         Code  Gb  I64DivMod.o [4]
__cmain                  0x800'3e69         Code  Gb  cmain.o [4]
__exit                   0x800'3ea1   0x14  Code  Gb  exit.o [5]
__iar_Memset4_word       0x800'3d01         Code  Gb  ABImemset.o [4]
__iar_data_init3         0x800'3e21   0x28  Code  Gb  data_init.o [4]
__iar_packbits_init_single3
                         0x800'3de5   0x3c  Code  Gb  packbits_init_single.o [4]
__iar_program_start      0x800'3ec5         Code  Gb  cstartup_M.o [4]
__iar_zero_init3         0x800'3da9   0x3c  Code  Gb  zero_init3.o [4]
__low_level_init         0x800'3e87    0x4  Code  Gb  low_level_init.o [2]
__vector_table           0x800'2000         Data  Gb  startup_stm32l031xx.o [1]
_call_main               0x800'3e75         Code  Gb  cmain.o [4]
_exit                    0x800'3e95         Code  Gb  cexit.o [4]
_main                    0x800'3e83         Code  Gb  cmain.o [4]
cyAsciiBuff             0x2000'00dc   0x98  Data  Gb  modbus_ascii.o [1]
exit                     0x800'3e8b    0x8  Code  Gb  exit.o [2]
g_cyRevBufffLen         0x2000'003e    0x2  Data  Lc  modbus_ascii.o [1]
g_cyRevState            0x2000'003c    0x1  Data  Lc  modbus_ascii.o [1]
long32Array              0x800'27c5   0x1e  Code  Gb  common.o [1]
main                     0x800'3b8d  0x14e  Code  Gb  main.o [1]
tim_cnt                 0x2000'0274    0x2  Data  Gb  tim1.o [1]
u8SendIndex             0x2000'0311    0x1  Data  Gb  usart.o [1]
u8SendNum               0x2000'0310    0x1  Data  Gb  usart.o [1]
uwTick                  0x2000'030c    0x4  Data  Gb  stm32l0xx_hal.o [1]


[1] = F:\信为产品\正反转\DirectionSensor_rotation_1.2_正反转_L031(F3)\Project\Debug\Obj
[2] = dl6M_tln.a
[3] = m6M_tl.a
[4] = rt6M_tl.a
[5] = shb_l.a

  7 884 bytes of readonly  code memory
     48 bytes of readonly  data memory
  2 835 bytes of readwrite data memory

Errors: none
Warnings: none
